Archive member included to satisfy reference by file (symbol)

c:/program files (x86)/atmel/studio/7.0/toolchain/arm/arm-gnu-toolchain/bin/../lib/gcc/arm-none-eabi/6.2.1/thumb/v6-m\libgcc.a(_udivsi3.o)
                              src/ASF/sam0/drivers/sercom/i2c/i2c_sam0/i2c_master.o (__aeabi_uidiv)
c:/program files (x86)/atmel/studio/7.0/toolchain/arm/arm-gnu-toolchain/bin/../lib/gcc/arm-none-eabi/6.2.1/thumb/v6-m\libgcc.a(_dvmd_tls.o)
                              c:/program files (x86)/atmel/studio/7.0/toolchain/arm/arm-gnu-toolchain/bin/../lib/gcc/arm-none-eabi/6.2.1/thumb/v6-m\libgcc.a(_udivsi3.o) (__aeabi_idiv0)
c:/program files (x86)/atmel/studio/7.0/toolchain/arm/arm-gnu-toolchain/bin/../lib/gcc/arm-none-eabi/6.2.1/thumb/v6-m\libgcc.a(_muldi3.o)
                              src/ASF/sam0/drivers/sercom/sercom.o (__aeabi_lmul)
c:/program files (x86)/atmel/studio/7.0/toolchain/arm/arm-gnu-toolchain/bin/../lib/gcc/arm-none-eabi/6.2.1/thumb/v6-m\libgcc.a(adddf3.o)
                              src/ASF/sam0/drivers/sercom/i2c/i2c_sam0/i2c_master.o (__aeabi_dadd)
c:/program files (x86)/atmel/studio/7.0/toolchain/arm/arm-gnu-toolchain/bin/../lib/gcc/arm-none-eabi/6.2.1/thumb/v6-m\libgcc.a(divdf3.o)
                              src/ASF/sam0/drivers/sercom/i2c/i2c_sam0/i2c_master.o (__aeabi_ddiv)
c:/program files (x86)/atmel/studio/7.0/toolchain/arm/arm-gnu-toolchain/bin/../lib/gcc/arm-none-eabi/6.2.1/thumb/v6-m\libgcc.a(muldf3.o)
                              src/ASF/sam0/drivers/sercom/i2c/i2c_sam0/i2c_master.o (__aeabi_dmul)
c:/program files (x86)/atmel/studio/7.0/toolchain/arm/arm-gnu-toolchain/bin/../lib/gcc/arm-none-eabi/6.2.1/thumb/v6-m\libgcc.a(subdf3.o)
                              src/ASF/sam0/drivers/sercom/i2c/i2c_sam0/i2c_master.o (__aeabi_dsub)
c:/program files (x86)/atmel/studio/7.0/toolchain/arm/arm-gnu-toolchain/bin/../lib/gcc/arm-none-eabi/6.2.1/thumb/v6-m\libgcc.a(fixdfsi.o)
                              src/ASF/sam0/drivers/sercom/i2c/i2c_sam0/i2c_master.o (__aeabi_d2iz)
c:/program files (x86)/atmel/studio/7.0/toolchain/arm/arm-gnu-toolchain/bin/../lib/gcc/arm-none-eabi/6.2.1/thumb/v6-m\libgcc.a(floatunsidf.o)
                              src/ASF/sam0/drivers/sercom/i2c/i2c_sam0/i2c_master.o (__aeabi_ui2d)
c:/program files (x86)/atmel/studio/7.0/toolchain/arm/arm-gnu-toolchain/bin/../lib/gcc/arm-none-eabi/6.2.1/thumb/v6-m\libgcc.a(_clzsi2.o)
                              c:/program files (x86)/atmel/studio/7.0/toolchain/arm/arm-gnu-toolchain/bin/../lib/gcc/arm-none-eabi/6.2.1/thumb/v6-m\libgcc.a(adddf3.o) (__clzsi2)
c:/program files (x86)/atmel/studio/7.0/toolchain/arm/arm-gnu-toolchain/bin/../lib/gcc/arm-none-eabi/6.2.1/../../../../arm-none-eabi/lib/thumb/v6-m\libc_nano.a(lib_a-exit.o)
                              c:/program files (x86)/atmel/studio/7.0/toolchain/arm/arm-gnu-toolchain/bin/../lib/gcc/arm-none-eabi/6.2.1/../../../../arm-none-eabi/lib/thumb/v6-m/crt0.o (exit)
c:/program files (x86)/atmel/studio/7.0/toolchain/arm/arm-gnu-toolchain/bin/../lib/gcc/arm-none-eabi/6.2.1/../../../../arm-none-eabi/lib/thumb/v6-m\libc_nano.a(lib_a-impure.o)
                              c:/program files (x86)/atmel/studio/7.0/toolchain/arm/arm-gnu-toolchain/bin/../lib/gcc/arm-none-eabi/6.2.1/../../../../arm-none-eabi/lib/thumb/v6-m\libc_nano.a(lib_a-exit.o) (_global_impure_ptr)
c:/program files (x86)/atmel/studio/7.0/toolchain/arm/arm-gnu-toolchain/bin/../lib/gcc/arm-none-eabi/6.2.1/../../../../arm-none-eabi/lib/thumb/v6-m\libc_nano.a(lib_a-init.o)
                              c:/program files (x86)/atmel/studio/7.0/toolchain/arm/arm-gnu-toolchain/bin/../lib/gcc/arm-none-eabi/6.2.1/../../../../arm-none-eabi/lib/thumb/v6-m/crt0.o (__libc_init_array)
c:/program files (x86)/atmel/studio/7.0/toolchain/arm/arm-gnu-toolchain/bin/../lib/gcc/arm-none-eabi/6.2.1/../../../../arm-none-eabi/lib/thumb/v6-m\libc_nano.a(lib_a-malloc.o)
                              src/FlutterADC.o (malloc)
c:/program files (x86)/atmel/studio/7.0/toolchain/arm/arm-gnu-toolchain/bin/../lib/gcc/arm-none-eabi/6.2.1/../../../../arm-none-eabi/lib/thumb/v6-m\libc_nano.a(lib_a-memcpy-stub.o)
                              src/ASF/sam0/drivers/tc/tc_sam_d_r_h/tc.o (memcpy)
c:/program files (x86)/atmel/studio/7.0/toolchain/arm/arm-gnu-toolchain/bin/../lib/gcc/arm-none-eabi/6.2.1/../../../../arm-none-eabi/lib/thumb/v6-m\libc_nano.a(lib_a-memset.o)
                              c:/program files (x86)/atmel/studio/7.0/toolchain/arm/arm-gnu-toolchain/bin/../lib/gcc/arm-none-eabi/6.2.1/../../../../arm-none-eabi/lib/thumb/v6-m/crt0.o (memset)
c:/program files (x86)/atmel/studio/7.0/toolchain/arm/arm-gnu-toolchain/bin/../lib/gcc/arm-none-eabi/6.2.1/../../../../arm-none-eabi/lib/thumb/v6-m\libc_nano.a(lib_a-nano-freer.o)
                              c:/program files (x86)/atmel/studio/7.0/toolchain/arm/arm-gnu-toolchain/bin/../lib/gcc/arm-none-eabi/6.2.1/../../../../arm-none-eabi/lib/thumb/v6-m\libc_nano.a(lib_a-malloc.o) (_free_r)
[...]
Memory Configuration

Name             Origin             Length             Attributes
rom              0x00000000         0x00040000         xr
ram              0x20000000         0x00008000         xrw
*default*        0x00000000         0xffffffff

Linker script and memory map

LOAD c:/program files (x86)/atmel/studio/7.0/toolchain/arm/arm-gnu-toolchain/bin/../lib/gcc/arm-none-eabi/6.2.1/thumb/v6-m/crti.o
LOAD c:/program files (x86)/atmel/studio/7.0/toolchain/arm/arm-gnu-toolchain/bin/../lib/gcc/arm-none-eabi/6.2.1/thumb/v6-m/crtbegin.o
LOAD c:/program files (x86)/atmel/studio/7.0/toolchain/arm/arm-gnu-toolchain/bin/../lib/gcc/arm-none-eabi/6.2.1/../../../../arm-none-eabi/lib/thumb/v6-m/crt0.o
LOAD src/ASF/sam0/drivers/port/port.o
LOAD src/ASF/sam0/drivers/sercom/i2c/i2c_sam0/i2c_master.o
LOAD src/ASF/sam0/drivers/sercom/i2c/i2c_sam0/i2c_master_interrupt.o
LOAD src/ASF/sam0/drivers/tcc/tcc.o
LOAD src/ASF/sam0/drivers/tcc/tcc_callback.o
LOAD src/ASF/sam0/drivers/tc/tc_interrupt.o
LOAD src/ASF/sam0/drivers/tc/tc_sam_d_r_h/tc.o
LOAD src/FlutterCheckOutputs.o
LOAD src/FlutterI2CMaster.o
LOAD src/FlutterOutputsControl.o
LOAD src/FlutterServoOutput.o
LOAD src/FlutterUARTSendData.o
LOAD src/ASF/common2/services/delay/sam0/systick_counter.o
LOAD src/ASF/sam0/drivers/adc/adc_sam_d_r_h/adc.o
LOAD src/ASF/sam0/drivers/adc/adc_sam_d_r_h/adc_callback.o
LOAD src/ASF/sam0/drivers/sercom/sercom.o
LOAD src/ASF/sam0/drivers/sercom/sercom_interrupt.o
LOAD src/ASF/sam0/drivers/sercom/usart/usart.o
LOAD src/ASF/sam0/drivers/sercom/usart/usart_interrupt.o
LOAD src/FlutterADC.o
LOAD src/FlutterBLEUART.o
LOAD src/FlutterReadAnalogSensor.o
LOAD src/FlutterReadSensors.o
LOAD src/FlutterUART.o
LOAD src/FlutterOutputSensorscheck.o
LOAD src/ASF/common2/boards/user_board/init.o
LOAD src/ASF/common/utils/interrupt/interrupt_sam_nvic.o
LOAD src/ASF/sam0/drivers/system/clock/clock_samd21_r21_da_ha1/clock.o
LOAD src/ASF/sam0/drivers/system/clock/clock_samd21_r21_da_ha1/gclk.o
LOAD src/ASF/sam0/drivers/system/interrupt/system_interrupt.o
LOAD src/ASF/sam0/drivers/system/pinmux/pinmux.o
LOAD src/ASF/sam0/drivers/system/system.o
LOAD src/ASF/sam0/utils/cmsis/samd21/source/gcc/startup_samd21.o
LOAD src/ASF/sam0/utils/cmsis/samd21/source/system_samd21.o
LOAD src/ASF/sam0/utils/syscalls/gcc/syscalls.o
LOAD src/main.o
START GROUP
LOAD ../src/ASF/thirdparty/CMSIS/Lib/GCC\libarm_cortexM0l_math.a
LOAD c:/program files (x86)/atmel/studio/7.0/toolchain/arm/arm-gnu-toolchain/bin/../lib/gcc/arm-none-eabi/6.2.1/../../../../arm-none-eabi/lib/thumb/v6-m\libm.a
END GROUP
START GROUP
LOAD c:/program files (x86)/atmel/studio/7.0/toolchain/arm/arm-gnu-toolchain/bin/../lib/gcc/arm-none-eabi/6.2.1/thumb/v6-m\libgcc.a
LOAD c:/program files (x86)/atmel/studio/7.0/toolchain/arm/arm-gnu-toolchain/bin/../lib/gcc/arm-none-eabi/6.2.1/../../../../arm-none-eabi/lib/thumb/v6-m\libc_nano.a
END GROUP
START GROUP
LOAD c:/program files (x86)/atmel/studio/7.0/toolchain/arm/arm-gnu-toolchain/bin/../lib/gcc/arm-none-eabi/6.2.1/thumb/v6-m\libgcc.a
LOAD c:/program files (x86)/atmel/studio/7.0/toolchain/arm/arm-gnu-toolchain/bin/../lib/gcc/arm-none-eabi/6.2.1/../../../../arm-none-eabi/lib/thumb/v6-m\libc_nano.a
END GROUP
LOAD c:/program files (x86)/atmel/studio/7.0/toolchain/arm/arm-gnu-toolchain/bin/../lib/gcc/arm-none-eabi/6.2.1/thumb/v6-m/crtend.o
LOAD c:/program files (x86)/atmel/studio/7.0/toolchain/arm/arm-gnu-toolchain/bin/../lib/gcc/arm-none-eabi/6.2.1/thumb/v6-m/crtn.o
                0x00002000                STACK_SIZE = DEFINED (STACK_SIZE)?STACK_SIZE:DEFINED (__stack_size__)?__stack_size__:0x2000

.text           0x00000000     0x4f54
                0x00000000                . = ALIGN (0x4)
                0x00000000                _sfixed = .
 *(.vectors .vectors.*)
 .vectors       0x00000000       0xb4 src/ASF/sam0/utils/cmsis/samd21/source/gcc/startup_samd21.o
                0x00000000                exception_table
 *(.text .text.* .gnu.linkonce.t.*)
 .text          0x000000b4       0x60 c:/program files (x86)/atmel/studio/7.0/toolchain/arm/arm-gnu-toolchain/bin/../lib/gcc/arm-none-eabi/6.2.1/thumb/v6-m/crtbegin.o
 .text.i2c_master_init
                0x00000114      0x2f8 src/ASF/sam0/drivers/sercom/i2c/i2c_sam0/i2c_master.o
                0x00000114                i2c_master_init
 .text._i2c_master_address_response
                0x0000040c       0x30 src/ASF/sam0/drivers/sercom/i2c/i2c_sam0/i2c_master.o
                0x0000040c                _i2c_master_address_response
 .text._i2c_master_wait_for_bus
                0x0000043c       0x2c src/ASF/sam0/drivers/sercom/i2c/i2c_sam0/i2c_master.o
                0x0000043c                _i2c_master_wait_for_bus
 .text._i2c_master_send_hs_master_code
                0x00000468       0x20 src/ASF/sam0/drivers/sercom/i2c/i2c_sam0/i2c_master.o
                0x00000468                _i2c_master_send_hs_master_code
 .text._i2c_master_wait_for_sync
                0x00000488        0xc src/ASF/sam0/drivers/sercom/i2c/i2c_sam0/i2c_master_interrupt.o
 .text._i2c_master_read
                0x00000494       0x88 src/ASF/sam0/drivers/sercom/i2c/i2c_sam0/i2c_master_interrupt.o
 .text._i2c_master_write
                0x0000051c       0x3c src/ASF/sam0/drivers/sercom/i2c/i2c_sam0/i2c_master_interrupt.o
 .text._i2c_master_write_packet
                0x00000558       0x68 src/ASF/sam0/drivers/sercom/i2c/i2c_sam0/i2c_master_interrupt.o
 .text._i2c_master_read_packet
                0x000005c0       0xc8 src/ASF/sam0/drivers/sercom/i2c/i2c_sam0/i2c_master_interrupt.o
 .text.i2c_master_register_callback
                0x00000688       0x16 src/ASF/sam0/drivers/sercom/i2c/i2c_sam0/i2c_master_interrupt.o
                0x00000688                i2c_master_register_callback
 *fill*         0x0000069e        0x2 
 .text.i2c_master_read_packet_job
                0x000006a0       0x24 src/ASF/sam0/drivers/sercom/i2c/i2c_sam0/i2c_master_interrupt.o
                0x000006a0                i2c_master_read_packet_job
 .text.i2c_master_write_packet_job
                0x000006c4       0x24 src/ASF/sam0/drivers/sercom/i2c/i2c_sam0/i2c_master_interrupt.o
                0x000006c4                i2c_master_write_packet_job
 .text._i2c_master_interrupt_handler
                0x000006e8      0x1ec src/ASF/sam0/drivers/sercom/i2c/i2c_sam0/i2c_master_interrupt.o
                0x000006e8                _i2c_master_interrupt_handler
 .text._tcc_interrupt_handler
                0x000008d4       0x4c src/ASF/sam0/drivers/tcc/tcc_callback.o
                0x000008d4                _tcc_interrupt_handler
 .text.TCC0_Handler
                0x00000920       0x10 src/ASF/sam0/drivers/tcc/tcc_callback.o
                0x00000920                TCC0_Handler
 .text.TCC1_Handler
                0x00000930       0x10 src/ASF/sam0/drivers/tcc/tcc_callback.o
                0x00000930                TCC1_Handler
 .text.TCC2_Handler
                0x00000940       0x10 src/ASF/sam0/drivers/tcc/tcc_callback.o
                0x00000940                TCC2_Handler
 .text.tc_register_callback
                0x00000950       0x32 src/ASF/sam0/drivers/tc/tc_interrupt.o
                0x00000950                tc_register_callback
 *fill*         0x00000982        0x2 
 .text._tc_interrupt_handler
                0x00000984       0x64 src/ASF/sam0/drivers/tc/tc_interrupt.o
                0x00000984                _tc_interrupt_handler
 .text.TC3_Handler
                0x000009e8       0x10 src/ASF/sam0/drivers/tc/tc_interrupt.o
                0x000009e8                TC3_Handler
 .text.TC4_Handler
                0x000009f8       0x10 src/ASF/sam0/drivers/tc/tc_interrupt.o
                0x000009f8                TC4_Handler
 .text.TC5_Handler
                0x00000a08       0x10 src/ASF/sam0/drivers/tc/tc_interrupt.o
                0x00000a08                TC5_Handler
 .text.TC6_Handler
                0x00000a18       0x10 src/ASF/sam0/drivers/tc/tc_interrupt.o
                0x00000a18                TC6_Handler
 .text.TC7_Handler
                0x00000a28       0x10 src/ASF/sam0/drivers/tc/tc_interrupt.o
                0x00000a28                TC7_Handler
 .text._tc_get_inst_index
                0x00000a38       0x3c src/ASF/sam0/drivers/tc/tc_sam_d_r_h/tc.o
                0x00000a38                _tc_get_inst_index
 .text.tc_init  0x00000a74      0x240 src/ASF/sam0/drivers/tc/tc_sam_d_r_h/tc.o
                0x00000a74                tc_init
 .text.resetOutput
                0x00000cb4       0x1c src/FlutterCheckOutputs.o
                0x00000cb4                resetOutput
 .text.checkSetOutputs
                0x00000cd0       0xac src/FlutterCheckOutputs.o
                0x00000cd0                checkSetOutputs
 .text._i2c_master_wait_for_sync
                0x00000d7c        0xc src/FlutterI2CMaster.o
 .text.i2c_write_complete_callback_4
                0x00000d88        0xc src/FlutterI2CMaster.o
                0x00000d88                i2c_write_complete_callback_4
 .text.i2c_write_complete_callback_1
                0x00000d94       0x30 src/FlutterI2CMaster.o
                0x00000d94                i2c_write_complete_callback_1
 .text.i2c_write_complete_callback_2
                0x00000dc4       0x30 src/FlutterI2CMaster.o
                0x00000dc4                i2c_write_complete_callback_2
 .text.i2c_write_complete_callback_3
                0x00000df4       0x30 src/FlutterI2CMaster.o
                0x00000df4                i2c_write_complete_callback_3
 .text.I2CWrite
                0x00000e24       0x48 src/FlutterI2CMaster.o
                0x00000e24                I2CWrite
 .text.initializeI2CModules
                0x00000e6c      0x12c src/FlutterI2CMaster.o
                0x00000e6c                initializeI2CModules
 .text.enableI2CModule
                0x00000f98      0x14c src/FlutterI2CMaster.o
                0x00000f98                enableI2CModule
 .text.disableI2CModule
                0x000010e4      0x108 src/FlutterI2CMaster.o
                0x000010e4                disableI2CModule
 .text.sendInfoCallback
                0x000011ec        0xc src/FlutterUARTSendData.o
                0x000011ec                sendInfoCallback
 .text.configureTimer
                0x000011f8       0x70 src/FlutterUARTSendData.o
                0x000011f8                configureTimer
 .text.sendDataBLE
                0x00001268       0x30 src/FlutterUARTSendData.o
                0x00001268                sendDataBLE
 .text.configureTimerCallbacks
                0x00001298       0x4c src/FlutterUARTSendData.o
                0x00001298                configureTimerCallbacks
 .text.configureSendInfo
                0x000012e4       0x14 src/FlutterUARTSendData.o
                0x000012e4                configureSendInfo
 .text.delay_init
                0x000012f8       0x40 src/ASF/common2/services/delay/sam0/systick_counter.o
                0x000012f8                delay_init
 .text.delay_cycles_ms
                0x00001338       0x2c src/ASF/common2/services/delay/sam0/systick_counter.o
                0x00001338                delay_cycles_ms
 .text.adc_get_config_defaults
                0x00001364       0x46 src/ASF/sam0/drivers/adc/adc_sam_d_r_h/adc.o
                0x00001364                adc_get_config_defaults
 *fill*         0x000013aa        0x2 
 .text.adc_init
                0x000013ac      0x428 src/ASF/sam0/drivers/adc/adc_sam_d_r_h/adc.o
                0x000013ac                adc_init
 .text.ADC_Handler
                0x000017d4       0xc0 src/ASF/sam0/drivers/adc/adc_sam_d_r_h/adc_callback.o
                0x000017d4                ADC_Handler
 .text.long_division
                0x00001894       0xba src/ASF/sam0/drivers/sercom/sercom.o
 .text._sercom_get_sync_baud_val
                0x0000194e       0x28 src/ASF/sam0/drivers/sercom/sercom.o
                0x0000194e                _sercom_get_sync_baud_val
 *fill*         0x00001976        0x2 
 .text._sercom_get_async_baud_val
                0x00001978       0x94 src/ASF/sam0/drivers/sercom/sercom.o
                0x00001978                _sercom_get_async_baud_val
 .text.sercom_set_gclk_generator
                0x00001a0c       0x4c src/ASF/sam0/drivers/sercom/sercom.o
                0x00001a0c                sercom_set_gclk_generator
 .text._sercom_get_default_pad
                0x00001a58      0x178 src/ASF/sam0/drivers/sercom/sercom.o
                0x00001a58                _sercom_get_default_pad
 .text._sercom_get_sercom_inst_index
                0x00001bd0       0x38 src/ASF/sam0/drivers/sercom/sercom.o
                0x00001bd0                _sercom_get_sercom_inst_index
 .text._sercom_default_handler
                0x00001c08        0x2 src/ASF/sam0/drivers/sercom/sercom_interrupt.o
 *fill*         0x00001c0a        0x2 
 .text._sercom_set_handler
                0x00001c0c       0x3c src/ASF/sam0/drivers/sercom/sercom_interrupt.o
                0x00001c0c                _sercom_set_handler
 .text._sercom_get_interrupt_vector
                0x00001c48       0x30 src/ASF/sam0/drivers/sercom/sercom_interrupt.o
                0x00001c48                _sercom_get_interrupt_vector
 .text.SERCOM0_Handler
                0x00001c78       0x10 src/ASF/sam0/drivers/sercom/sercom_interrupt.o
                0x00001c78                SERCOM0_Handler
 .text.SERCOM1_Handler
                0x00001c88       0x10 src/ASF/sam0/drivers/sercom/sercom_interrupt.o
                0x00001c88                SERCOM1_Handler
 .text.SERCOM2_Handler
                0x00001c98       0x10 src/ASF/sam0/drivers/sercom/sercom_interrupt.o
                0x00001c98                SERCOM2_Handler
 .text.SERCOM3_Handler
                0x00001ca8       0x10 src/ASF/sam0/drivers/sercom/sercom_interrupt.o
                0x00001ca8                SERCOM3_Handler
 .text.SERCOM4_Handler
                0x00001cb8       0x10 src/ASF/sam0/drivers/sercom/sercom_interrupt.o
                0x00001cb8                SERCOM4_Handler
 .text.SERCOM5_Handler
                0x00001cc8       0x10 src/ASF/sam0/drivers/sercom/sercom_interrupt.o
                0x00001cc8                SERCOM5_Handler
 .text.usart_init
                0x00001cd8      0x344 src/ASF/sam0/drivers/sercom/usart/usart.o
                0x00001cd8                usart_init
 .text.usart_write_wait
                0x0000201c       0x2c src/ASF/sam0/drivers/sercom/usart/usart.o
                0x0000201c                usart_write_wait
 .text.usart_write_buffer_wait
                0x00002048       0xc0 src/ASF/sam0/drivers/sercom/usart/usart.o
                0x00002048                usart_write_buffer_wait
 .text._usart_read_buffer
                0x00002108       0x50 src/ASF/sam0/drivers/sercom/usart/usart_interrupt.o
                0x00002108                _usart_read_buffer
 .text.usart_register_callback
                0x00002158       0x18 src/ASF/sam0/drivers/sercom/usart/usart_interrupt.o
                0x00002158                usart_register_callback
 .text.usart_read_buffer_job
                0x00002170       0x20 src/ASF/sam0/drivers/sercom/usart/usart_interrupt.o
                0x00002170                usart_read_buffer_job
 .text._usart_interrupt_handler
                0x00002190      0x150 src/ASF/sam0/drivers/sercom/usart/usart_interrupt.o
                0x00002190                _usart_interrupt_handler
 .text.configureADC
                0x000022e0       0x84 src/FlutterADC.o
                0x000022e0                configureADC
 .text.adc_start_read_result
                0x00002364       0xc0 src/FlutterADC.o
                0x00002364                adc_start_read_result
 .text.UARTReceiveBytes
                0x00002424       0x40 src/FlutterBLEUART.o
                0x00002424                UARTReceiveBytes
 .text.transferLEDMatrixValues
                0x00002464       0x50 src/FlutterBLEUART.o
                0x00002464                transferLEDMatrixValues
 .text.checkUART
                0x000024b4       0xd4 src/FlutterBLEUART.o
                0x000024b4                checkUART
 .text.usart_read_callback
                0x00002588       0x48 src/FlutterUART.o
 .text.serialInit
                0x000025d0       0xe8 src/FlutterUART.o
                0x000025d0                serialInit
 .text.inputOutputConnection
                0x000026b8       0x4a src/FlutterOutputSensorscheck.o
                0x000026b8                inputOutputConnection
 *fill*         0x00002702        0x2 
 .text.convertAnalogOutputs
                0x00002704       0xf4 src/FlutterOutputSensorscheck.o
                0x00002704                convertAnalogOutputs
 .text.convertAnalogInputs
                0x000027f8       0xf8 src/FlutterOutputSensorscheck.o
                0x000027f8                convertAnalogInputs
 .text.checkOutputs
                0x000028f0       0x30 src/FlutterOutputSensorscheck.o
                0x000028f0                checkOutputs
 .text.checkInputs
                0x00002920       0x2c src/FlutterOutputSensorscheck.o
                0x00002920                checkInputs
 .text.loadIdentifier
                0x0000294c       0x5c src/FlutterOutputSensorscheck.o
                0x0000294c                loadIdentifier
 .text.checkOutputsInputs
                0x000029a8       0x1c src/FlutterOutputSensorscheck.o
                0x000029a8                checkOutputsInputs
 .text.configureInputOutputDetection
                0x000029c4        0xc src/FlutterOutputSensorscheck.o
                0x000029c4                configureInputOutputDetection
 .text.system_board_init
                0x000029d0        0x2 src/ASF/common2/boards/user_board/init.o
                0x000029d0                board_init
                0x000029d0                system_board_init
 *fill*         0x000029d2        0x2 
 .text.cpu_irq_enter_critical
                0x000029d4       0x40 src/ASF/common/utils/interrupt/interrupt_sam_nvic.o
                0x000029d4                cpu_irq_enter_critical
 .text.cpu_irq_leave_critical
                0x00002a14       0x30 src/ASF/common/utils/interrupt/interrupt_sam_nvic.o
                0x00002a14                cpu_irq_leave_critical
 .text.system_clock_source_get_hz
                0x00002a44       0x90 src/ASF/sam0/drivers/system/clock/clock_samd21_r21_da_ha1/clock.o
                0x00002a44                system_clock_source_get_hz
 .text.system_clock_source_osc8m_set_config
                0x00002ad4       0x3c src/ASF/sam0/drivers/system/clock/clock_samd21_r21_da_ha1/clock.o
                0x00002ad4                system_clock_source_osc8m_set_config
 .text.system_clock_source_enable
                0x00002b10       0xa8 src/ASF/sam0/drivers/system/clock/clock_samd21_r21_da_ha1/clock.o
                0x00002b10                system_clock_source_enable
 .text.system_clock_init
                0x00002bb8       0x98 src/ASF/sam0/drivers/system/clock/clock_samd21_r21_da_ha1/clock.o
                0x00002bb8                system_clock_init
 .text.system_gclk_init
                0x00002c50       0x24 src/ASF/sam0/drivers/system/clock/clock_samd21_r21_da_ha1/gclk.o
                0x00002c50                system_gclk_init
 .text.system_gclk_gen_set_config
                0x00002c74       0xb8 src/ASF/sam0/drivers/system/clock/clock_samd21_r21_da_ha1/gclk.o
                0x00002c74                system_gclk_gen_set_config
 .text.system_gclk_gen_enable
                0x00002d2c       0x44 src/ASF/sam0/drivers/system/clock/clock_samd21_r21_da_ha1/gclk.o
                0x00002d2c                system_gclk_gen_enable
 .text.system_gclk_gen_get_hz
                0x00002d70       0x8c src/ASF/sam0/drivers/system/clock/clock_samd21_r21_da_ha1/gclk.o
                0x00002d70                system_gclk_gen_get_hz
 .text.system_gclk_chan_enable
                0x00002dfc       0x30 src/ASF/sam0/drivers/system/clock/clock_samd21_r21_da_ha1/gclk.o
                0x00002dfc                system_gclk_chan_enable
 .text.system_gclk_chan_disable
                0x00002e2c       0x5c src/ASF/sam0/drivers/system/clock/clock_samd21_r21_da_ha1/gclk.o
                0x00002e2c                system_gclk_chan_disable
 .text.system_gclk_chan_set_config
                0x00002e88       0x1c src/ASF/sam0/drivers/system/clock/clock_samd21_r21_da_ha1/gclk.o
                0x00002e88                system_gclk_chan_set_config
 .text.system_gclk_chan_get_hz
                0x00002ea4       0x34 src/ASF/sam0/drivers/system/clock/clock_samd21_r21_da_ha1/gclk.o
                0x00002ea4                system_gclk_chan_get_hz
 .text._system_pinmux_config
                0x00002ed8       0xa8 src/ASF/sam0/drivers/system/pinmux/pinmux.o
 .text.system_pinmux_pin_set_config
                0x00002f80       0x30 src/ASF/sam0/drivers/system/pinmux/pinmux.o
                0x00002f80                system_pinmux_pin_set_config
 .text._system_dummy_init
                0x00002fb0        0x2 src/ASF/sam0/drivers/system/system.o
                0x00002fb0                _system_extint_init
                0x00002fb0                _system_events_init
                0x00002fb0                _system_dummy_init
                0x00002fb0                _system_divas_init
 *fill*         0x00002fb2        0x2 
 .text.system_init
                0x00002fb4       0x2c src/ASF/sam0/drivers/system/system.o
                0x00002fb4                system_init
 .text.Dummy_Handler
                0x00002fe0        0x2 src/ASF/sam0/utils/cmsis/samd21/source/gcc/startup_samd21.o
                0x00002fe0                DMAC_Handler
                0x00002fe0                HardFault_Handler
                0x00002fe0                AC_Handler
                0x00002fe0                SysTick_Handler
                0x00002fe0                PendSV_Handler
                0x00002fe0                NMI_Handler
                0x00002fe0                RTC_Handler
                0x00002fe0                EIC_Handler
                0x00002fe0                WDT_Handler
                0x00002fe0                USB_Handler
                0x00002fe0                Dummy_Handler
                0x00002fe0                PM_Handler
                0x00002fe0                SVC_Handler
                0x00002fe0                EVSYS_Handler
                0x00002fe0                I2S_Handler
                0x00002fe0                NVMCTRL_Handler
                0x00002fe0                DAC_Handler
                0x00002fe0                PTC_Handler
                0x00002fe0                SYSCTRL_Handler
 *fill*         0x00002fe2        0x2 
 .text.Reset_Handler
                0x00002fe4       0xe4 src/ASF/sam0/utils/cmsis/samd21/source/gcc/startup_samd21.o
                0x00002fe4                Reset_Handler
 .text._sbrk    0x000030c8       0x24 src/ASF/sam0/utils/syscalls/gcc/syscalls.o
                0x000030c8                _sbrk
 .text.main     0x000030ec       0x60 src/main.o
                0x000030ec                main
 .text          0x0000314c      0x114 c:/program files (x86)/atmel/studio/7.0/toolchain/arm/arm-gnu-toolchain/bin/../lib/gcc/arm-none-eabi/6.2.1/thumb/v6-m\libgcc.a(_udivsi3.o)
                0x0000314c                __aeabi_uidiv
                0x0000314c                __udivsi3
                0x00003258                __aeabi_uidivmod
 .text          0x00003260        0x4 c:/program files (x86)/atmel/studio/7.0/toolchain/arm/arm-gnu-toolchain/bin/../lib/gcc/arm-none-eabi/6.2.1/thumb/v6-m\libgcc.a(_dvmd_tls.o)
                0x00003260                __aeabi_idiv0
                0x00003260                __aeabi_ldiv0
 .text          0x00003264       0x54 c:/program files (x86)/atmel/studio/7.0/toolchain/arm/arm-gnu-toolchain/bin/../lib/gcc/arm-none-eabi/6.2.1/thumb/v6-m\libgcc.a(_muldi3.o)
                0x00003264                __muldi3
                0x00003264                __aeabi_lmul
 .text          0x000032b8      0x620 c:/program files (x86)/atmel/studio/7.0/toolchain/arm/arm-gnu-toolchain/bin/../lib/gcc/arm-none-eabi/6.2.1/thumb/v6-m\libgcc.a(adddf3.o)
                0x000032b8                __aeabi_dadd
 .text          0x000038d8      0x668 c:/program files (x86)/atmel/studio/7.0/toolchain/arm/arm-gnu-toolchain/bin/../lib/gcc/arm-none-eabi/6.2.1/thumb/v6-m\libgcc.a(divdf3.o)
                0x000038d8                __aeabi_ddiv
 .text          0x00003f40      0x500 c:/program files (x86)/atmel/studio/7.0/toolchain/arm/arm-gnu-toolchain/bin/../lib/gcc/arm-none-eabi/6.2.1/thumb/v6-m\libgcc.a(muldf3.o)
                0x00003f40                __aeabi_dmul
 .text          0x00004440      0x62c c:/program files (x86)/atmel/studio/7.0/toolchain/arm/arm-gnu-toolchain/bin/../lib/gcc/arm-none-eabi/6.2.1/thumb/v6-m\libgcc.a(subdf3.o)
                0x00004440                __aeabi_dsub
 .text          0x00004a6c       0x68 c:/program files (x86)/atmel/studio/7.0/toolchain/arm/arm-gnu-toolchain/bin/../lib/gcc/arm-none-eabi/6.2.1/thumb/v6-m\libgcc.a(fixdfsi.o)
                0x00004a6c                __aeabi_d2iz
 .text          0x00004ad4       0x70 c:/program files (x86)/atmel/studio/7.0/toolchain/arm/arm-gnu-toolchain/bin/../lib/gcc/arm-none-eabi/6.2.1/thumb/v6-m\libgcc.a(floatunsidf.o)
                0x00004ad4                __aeabi_ui2d
 .text          0x00004b44       0x3c c:/program files (x86)/atmel/studio/7.0/toolchain/arm/arm-gnu-toolchain/bin/../lib/gcc/arm-none-eabi/6.2.1/thumb/v6-m\libgcc.a(_clzsi2.o)
                0x00004b44                __clzsi2
 .text.__libc_init_array
                0x00004b80       0x48 c:/program files (x86)/atmel/studio/7.0/toolchain/arm/arm-gnu-toolchain/bin/../lib/gcc/arm-none-eabi/6.2.1/../../../../arm-none-eabi/lib/thumb/v6-m\libc_nano.a(lib_a-init.o)
                0x00004b80                __libc_init_array
 .text.malloc   0x00004bc8       0x14 c:/program files (x86)/atmel/studio/7.0/toolchain/arm/arm-gnu-toolchain/bin/../lib/gcc/arm-none-eabi/6.2.1/../../../../arm-none-eabi/lib/thumb/v6-m\libc_nano.a(lib_a-malloc.o)
                0x00004bc8                malloc
 .text.memcpy   0x00004bdc       0x12 c:/program files (x86)/atmel/studio/7.0/toolchain/arm/arm-gnu-toolchain/bin/../lib/gcc/arm-none-eabi/6.2.1/../../../../arm-none-eabi/lib/thumb/v6-m\libc_nano.a(lib_a-memcpy-stub.o)
                0x00004bdc                memcpy
 *fill*         0x00004bee        0x2 
 .text._malloc_r
                0x00004bf0       0xbc c:/program files (x86)/atmel/studio/7.0/toolchain/arm/arm-gnu-toolchain/bin/../lib/gcc/arm-none-eabi/6.2.1/../../../../arm-none-eabi/lib/thumb/v6-m\libc_nano.a(lib_a-nano-mallocr.o)
                0x00004bf0                _malloc_r
 .text._sbrk_r  0x00004cac       0x24 c:/program files (x86)/atmel/studio/7.0/toolchain/arm/arm-gnu-toolchain/bin/../lib/gcc/arm-none-eabi/6.2.1/../../../../arm-none-eabi/lib/thumb/v6-m\libc_nano.a(lib_a-sbrkr.o)
                0x00004cac                _sbrk_r
 .text.__malloc_lock
                0x00004cd0        0x2 c:/program files (x86)/atmel/studio/7.0/toolchain/arm/arm-gnu-toolchain/bin/../lib/gcc/arm-none-eabi/6.2.1/../../../../arm-none-eabi/lib/thumb/v6-m\libc_nano.a(lib_a-mlock.o)
                0x00004cd0                __malloc_lock
 .text.__malloc_unlock
                0x00004cd2        0x2 c:/program files (x86)/atmel/studio/7.0/toolchain/arm/arm-gnu-toolchain/bin/../lib/gcc/arm-none-eabi/6.2.1/../../../../arm-none-eabi/lib/thumb/v6-m\libc_nano.a(lib_a-mlock.o)
                0x00004cd2                __malloc_unlock
 *(.glue_7t)
 .glue_7t       0x00004cd4        0x0 linker stubs
 *(.glue_7)
 .glue_7        0x00004cd4        0x0 linker stubs
 *(.rodata .rodata* .gnu.linkonce.r.*)
 .rodata._tcc_intflag
                0x00004cd4       0x30 src/ASF/sam0/drivers/tcc/tcc_callback.o
                0x00004cd4                _tcc_intflag
 .rodata        0x00004d04       0x1e src/ASF/sam0/drivers/tc/tc_sam_d_r_h/tc.o
 *fill*         0x00004d22        0x2 
 .rodata.tc_interrupt_vectors.13123
                0x00004d24        0x5 src/FlutterUARTSendData.o
 *fill*         0x00004d29        0x3 
 .rodata.adc_init
                0x00004d2c       0xd4 src/ASF/sam0/drivers/adc/adc_sam_d_r_h/adc.o
 .rodata        0x00004e00       0x50 src/ASF/sam0/drivers/adc/adc_sam_d_r_h/adc.o
 .rodata        0x00004e50       0x18 src/ASF/sam0/drivers/sercom/sercom.o
 .rodata.outputDetectAnalogChannles
                0x00004e68        0x4 src/FlutterOutputSensorscheck.o
 .rodata.system_clock_source_get_hz
                0x00004e6c       0x24 src/ASF/sam0/drivers/system/clock/clock_samd21_r21_da_ha1/clock.o
 .rodata.system_clock_source_enable
                0x00004e90       0x24 src/ASF/sam0/drivers/system/clock/clock_samd21_r21_da_ha1/clock.o
 .rodata        0x00004eb4       0x40 c:/program files (x86)/atmel/studio/7.0/toolchain/arm/arm-gnu-toolchain/bin/../lib/gcc/arm-none-eabi/6.2.1/thumb/v6-m\libgcc.a(divdf3.o)
 .rodata        0x00004ef4       0x40 c:/program files (x86)/atmel/studio/7.0/toolchain/arm/arm-gnu-toolchain/bin/../lib/gcc/arm-none-eabi/6.2.1/thumb/v6-m\libgcc.a(muldf3.o)
 *(.ARM.extab* .gnu.linkonce.armextab.*)
                0x00004f34                . = ALIGN (0x4)
 *(.init)
 .init          0x00004f34        0x4 c:/program files (x86)/atmel/studio/7.0/toolchain/arm/arm-gnu-toolchain/bin/../lib/gcc/arm-none-eabi/6.2.1/thumb/v6-m/crti.o
                0x00004f34                _init
 .init          0x00004f38        0x8 c:/program files (x86)/atmel/studio/7.0/toolchain/arm/arm-gnu-toolchain/bin/../lib/gcc/arm-none-eabi/6.2.1/thumb/v6-m/crtn.o
                0x00004f40                . = ALIGN (0x4)
                0x00004f40                __preinit_array_start = .
 *(.preinit_array)
                0x00004f40                __preinit_array_end = .
                0x00004f40                . = ALIGN (0x4)
                0x00004f40                __init_array_start = .
 *(SORT(.init_array.*))
 *(.init_array)
 .init_array    0x00004f40        0x4 c:/program files (x86)/atmel/studio/7.0/toolchain/arm/arm-gnu-toolchain/bin/../lib/gcc/arm-none-eabi/6.2.1/thumb/v6-m/crtbegin.o
                0x00004f44                __init_array_end = .
                0x00004f44                . = ALIGN (0x4)
 *crtbegin.o(.ctors)
 *(EXCLUDE_FILE(*crtend.o) .ctors)
 *(SORT(.ctors.*))
 *crtend.o(.ctors)
                0x00004f44                . = ALIGN (0x4)
 *(.fini)
 .fini          0x00004f44        0x4 c:/program files (x86)/atmel/studio/7.0/toolchain/arm/arm-gnu-toolchain/bin/../lib/gcc/arm-none-eabi/6.2.1/thumb/v6-m/crti.o
                0x00004f44                _fini
 .fini          0x00004f48        0x8 c:/program files (x86)/atmel/studio/7.0/toolchain/arm/arm-gnu-toolchain/bin/../lib/gcc/arm-none-eabi/6.2.1/thumb/v6-m/crtn.o
                0x00004f50                . = ALIGN (0x4)
                0x00004f50                __fini_array_start = .
 *(.fini_array)
 .fini_array    0x00004f50        0x4 c:/program files (x86)/atmel/studio/7.0/toolchain/arm/arm-gnu-toolchain/bin/../lib/gcc/arm-none-eabi/6.2.1/thumb/v6-m/crtbegin.o
 *(SORT(.fini_array.*))
                0x00004f54                __fini_array_end = .
 *crtbegin.o(.dtors)
 *(EXCLUDE_FILE(*crtend.o) .dtors)
 *(SORT(.dtors.*))
 *crtend.o(.dtors)
                0x00004f54                . = ALIGN (0x4)
                0x00004f54                _efixed = .
                [!provide]                PROVIDE (__exidx_start, .)

.vfp11_veneer   0x00004f54        0x0
 .vfp11_veneer  0x00004f54        0x0 linker stubs

.v4_bx          0x00004f54        0x0
 .v4_bx         0x00004f54        0x0 linker stubs

.iplt           0x00004f54        0x0
 .iplt          0x00004f54        0x0 c:/program files (x86)/atmel/studio/7.0/toolchain/arm/arm-gnu-toolchain/bin/../lib/gcc/arm-none-eabi/6.2.1/thumb/v6-m/crtbegin.o

.eh_frame       0x00004f54        0x0
 .eh_frame      0x00004f54        0x0 c:/program files (x86)/atmel/studio/7.0/toolchain/arm/arm-gnu-toolchain/bin/../lib/gcc/arm-none-eabi/6.2.1/thumb/v6-m/crtbegin.o

.rel.dyn        0x00004f54        0x0
 .rel.iplt      0x00004f54        0x0 c:/program files (x86)/atmel/studio/7.0/toolchain/arm/arm-gnu-toolchain/bin/../lib/gcc/arm-none-eabi/6.2.1/thumb/v6-m/crtbegin.o

.jcr            0x00004f54        0x0
 .jcr           0x00004f54        0x0 c:/program files (x86)/atmel/studio/7.0/toolchain/arm/arm-gnu-toolchain/bin/../lib/gcc/arm-none-eabi/6.2.1/thumb/v6-m/crtbegin.o

.igot.plt       0x00004f54        0x0
 .igot.plt      0x00004f54        0x0 c:/program files (x86)/atmel/studio/7.0/toolchain/arm/arm-gnu-toolchain/bin/../lib/gcc/arm-none-eabi/6.2.1/thumb/v6-m/crtbegin.o

.ARM.exidx
 *(.ARM.exidx* .gnu.linkonce.armexidx.*)
                [!provide]                PROVIDE (__exidx_end, .)
                0x00004f54                . = ALIGN (0x4)
                0x00004f54                _etext = .

.relocate       0x20000000       0xa8 load address 0x00004f54
                0x20000000                . = ALIGN (0x4)
                0x20000000                _srelocate = .
 *(.ramfunc .ramfunc.*)
 *(.data .data.*)
 .data.testWriteDataI2C.13568
                0x20000000       0x37 src/FlutterCheckOutputs.o
 *fill*         0x20000037        0x1 
 .data.cycles_per_ms
                0x20000038        0x4 src/ASF/common2/services/delay/sam0/systick_counter.o
 .data.cycles_per_us
                0x2000003c        0x4 src/ASF/common2/services/delay/sam0/systick_counter.o
 .data.g_interrupt_enabled
                0x20000040        0x1 src/ASF/common/utils/interrupt/interrupt_sam_nvic.o
                0x20000040                g_interrupt_enabled
 *fill*         0x20000041        0x3 
 .data._impure_ptr
                0x20000044        0x4 c:/program files (x86)/atmel/studio/7.0/toolchain/arm/arm-gnu-toolchain/bin/../lib/gcc/arm-none-eabi/6.2.1/../../../../arm-none-eabi/lib/thumb/v6-m\libc_nano.a(lib_a-impure.o)
                0x20000044                _impure_ptr
 .data.impure_data
                0x20000048       0x60 c:/program files (x86)/atmel/studio/7.0/toolchain/arm/arm-gnu-toolchain/bin/../lib/gcc/arm-none-eabi/6.2.1/../../../../arm-none-eabi/lib/thumb/v6-m\libc_nano.a(lib_a-impure.o)
                0x200000a8                . = ALIGN (0x4)
                0x200000a8                _erelocate = .

.bss            0x200000a8     0x1108 load address 0x00004ffc
                0x200000a8                . = ALIGN (0x4)
                0x200000a8                _sbss = .
                0x200000a8                _szero = .
 *(.bss .bss.*)
 .bss           0x200000a8       0x1c c:/program files (x86)/atmel/studio/7.0/toolchain/arm/arm-gnu-toolchain/bin/../lib/gcc/arm-none-eabi/6.2.1/thumb/v6-m/crtbegin.o
 .bss.rd_buffer_1
                0x200000c4       0x14 src/FlutterI2CMaster.o
 .bss.rd_buffer_2
                0x200000d8       0x14 src/FlutterI2CMaster.o
 .bss.rd_buffer_3
                0x200000ec       0x14 src/FlutterI2CMaster.o
 .bss._sercom_config
                0x20000100        0x2 src/ASF/sam0/drivers/sercom/sercom.o
 .bss._handler_table_initialized
                0x20000102        0x1 src/ASF/sam0/drivers/sercom/sercom_interrupt.o
 *fill*         0x20000103        0x1 
 .bss._sercom_interrupt_handlers
                0x20000104       0x18 src/ASF/sam0/drivers/sercom/sercom_interrupt.o
 .bss.ADCResult
                0x2000011c        0x4 src/FlutterADC.o
                0x2000011c                ADCResult
 .bss.LEDMatrixValues.13582
                0x20000120       0x40 src/FlutterBLEUART.o
 .bss.broadcastFlag
                0x20000160        0x1 src/FlutterBLEUART.o
                0x20000160                broadcastFlag
 *fill*         0x20000161        0x3 
 .bss.receivedValue.13594
                0x20000164       0x3c src/FlutterBLEUART.o
 .bss.analogInput.13612
                0x200001a0        0x4 src/FlutterOutputSensorscheck.o
 .bss.analogOutput.13605
                0x200001a4        0x4 src/FlutterOutputSensorscheck.o
 .bss.connecting.13573
                0x200001a8        0x4 src/FlutterOutputSensorscheck.o
 .bss.connecting.13591
                0x200001ac        0x4 src/FlutterOutputSensorscheck.o
 .bss.countConnecting.13575
                0x200001b0        0x4 src/FlutterOutputSensorscheck.o
 .bss.countConnecting.13593
                0x200001b4        0x4 src/FlutterOutputSensorscheck.o
 .bss.countDisconnection.13577
                0x200001b8        0x4 src/FlutterOutputSensorscheck.o
 .bss.countDisconnection.13595
                0x200001bc        0x4 src/FlutterOutputSensorscheck.o
 .bss.previousInputsConnected.13590
                0x200001c0        0x4 src/FlutterOutputSensorscheck.o
 .bss.previousOutputsConnected.13572
                0x200001c4        0x4 src/FlutterOutputSensorscheck.o
 .bss.previous_identifier.13618
                0x200001c8        0x4 src/FlutterOutputSensorscheck.o
 .bss.tempInputsConnected.13592
                0x200001cc        0x4 src/FlutterOutputSensorscheck.o
 .bss.tempOutputsConnected.13574
                0x200001d0        0x4 src/FlutterOutputSensorscheck.o
 .bss.temp_count.13576
                0x200001d4        0x2 src/FlutterOutputSensorscheck.o
 .bss.temp_count.13594
                0x200001d6        0x2 src/FlutterOutputSensorscheck.o
 .bss.temp_test_inputs_connected_1.13587
                0x200001d8      0x1f4 src/FlutterOutputSensorscheck.o
 .bss.temp_test_inputs_connected_2.13588
                0x200003cc      0x1f4 src/FlutterOutputSensorscheck.o
 .bss.temp_test_inputs_connected_3.13589
                0x200005c0      0x1f4 src/FlutterOutputSensorscheck.o
 .bss.temp_test_outputs_connected_1.13569
                0x200007b4      0x1f4 src/FlutterOutputSensorscheck.o
 .bss.temp_test_outputs_connected_2.13570
                0x200009a8      0x1f4 src/FlutterOutputSensorscheck.o
 .bss.temp_test_outputs_connected_3.13571
                0x20000b9c      0x1f4 src/FlutterOutputSensorscheck.o
 .bss.cpu_irq_critical_section_counter
                0x20000d90        0x4 src/ASF/common/utils/interrupt/interrupt_sam_nvic.o
 .bss.cpu_irq_prev_interrupt_state
                0x20000d94        0x1 src/ASF/common/utils/interrupt/interrupt_sam_nvic.o
 *fill*         0x20000d95        0x3 
 .bss._system_clock_inst
                0x20000d98       0x18 src/ASF/sam0/drivers/system/clock/clock_samd21_r21_da_ha1/clock.o
 .bss.heap.5276
                0x20000db0        0x4 src/ASF/sam0/utils/syscalls/gcc/syscalls.o
 .bss.inputsConnected
                0x20000db4        0x3 src/main.o
                0x20000db4                inputsConnected
 .bss.readySendData
                0x20000db7        0x1 src/main.o
                0x20000db7                readySendData
 .bss.__malloc_free_list
                0x20000db8        0x4 c:/program files (x86)/atmel/studio/7.0/toolchain/arm/arm-gnu-toolchain/bin/../lib/gcc/arm-none-eabi/6.2.1/../../../../arm-none-eabi/lib/thumb/v6-m\libc_nano.a(lib_a-nano-mallocr.o)
                0x20000db8                __malloc_free_list
 .bss.__malloc_sbrk_start
                0x20000dbc        0x4 c:/program files (x86)/atmel/studio/7.0/toolchain/arm/arm-gnu-toolchain/bin/../lib/gcc/arm-none-eabi/6.2.1/../../../../arm-none-eabi/lib/thumb/v6-m\libc_nano.a(lib_a-nano-mallocr.o)
                0x20000dbc                __malloc_sbrk_start
 *(COMMON)
 COMMON         0x20000dc0        0xc src/ASF/sam0/drivers/tcc/tcc_callback.o
                0x20000dc0                _tcc_instances
 COMMON         0x20000dcc       0x14 src/ASF/sam0/drivers/tc/tc_interrupt.o
                0x20000dcc                _tc_instances
 COMMON         0x20000de0       0xd0 src/FlutterI2CMaster.o
                0x20000de0                i2c_master_instance_2
                0x20000e08                rd_packet_4
                0x20000e14                rd_packet_2
                0x20000e20                i2c_master_instance_1
                0x20000e48                rd_packet_3
                0x20000e54                rd_packet_1
                0x20000e60                i2c_master_instance_4
                0x20000e88                i2c_master_instance_3
 COMMON         0x20000eb0       0x50 src/FlutterUARTSendData.o
                0x20000eb0                usart_instance
                0x20000ee4                tc_encoder_capture
 COMMON         0x20000f00        0x4 src/ASF/sam0/drivers/adc/adc_sam_d_r_h/adc_callback.o
                0x20000f00                _adc_instances
 COMMON         0x20000f04       0x18 src/ASF/sam0/drivers/sercom/sercom_interrupt.o
                0x20000f04                _sercom_instances
 COMMON         0x20000f1c       0x20 src/FlutterADC.o
                0x20000f1c                adc_instance
 COMMON         0x20000f3c      0x26f src/main.o
                0x20000f3c                outputsConnected
                0x20000f40                sensorOutputs
                0x20000f54                recDataStatus
                0x20000f58                writeDataI2C
                0x20001084                headPointer
                0x20001088                outputPort
                0x200010a8                tailPointer
                0x200010ac                ringBuffer
 *fill*         0x200011ab        0x1 
 COMMON         0x200011ac        0x4 c:/program files (x86)/atmel/studio/7.0/toolchain/arm/arm-gnu-toolchain/bin/../lib/gcc/arm-none-eabi/6.2.1/../../../../arm-none-eabi/lib/thumb/v6-m\libc_nano.a(lib_a-reent.o)
                0x200011ac                errno
                0x200011b0                . = ALIGN (0x4)
                0x200011b0                _ebss = .
                0x200011b0                _ezero = .

.stack          0x200011b0     0x2000 load address 0x00006104
                0x200011b0                . = ALIGN (0x8)
                0x200011b0                _sstack = .
                0x200031b0                . = (. + STACK_SIZE)
 *fill*         0x200011b0     0x2000 
                0x200031b0                . = ALIGN (0x8)
                0x200031b0                _estack = .
                0x200031b0                . = ALIGN (0x4)
                0x200031b0                _end = .
OUTPUT(FlutterSAMD.elf elf32-littlearm)

.ARM.attributes
                0x00000000       0x28
 .ARM.attributes
                0x00000000       0x1e c:/program files (x86)/atmel/studio/7.0/toolchain/arm/arm-gnu-toolchain/bin/../lib/gcc/arm-none-eabi/6.2.1/thumb/v6-m/crti.o
 .ARM.attributes
                0x0000001e       0x2c c:/program files (x86)/atmel/studio/7.0/toolchain/arm/arm-gnu-toolchain/bin/../lib/gcc/arm-none-eabi/6.2.1/thumb/v6-m/crtbegin.o
 .ARM.attributes
                0x0000004a       0x32 src/ASF/sam0/drivers/sercom/i2c/i2c_sam0/i2c_master.o
 .ARM.attributes
                0x0000007c       0x32 src/ASF/sam0/drivers/sercom/i2c/i2c_sam0/i2c_master_interrupt.o
 .ARM.attributes
                0x000000ae       0x32 src/ASF/sam0/drivers/tcc/tcc_callback.o
 .ARM.attributes
                0x000000e0       0x32 src/ASF/sam0/drivers/tc/tc_interrupt.o
 .ARM.attributes
                0x00000112       0x32 src/ASF/sam0/drivers/tc/tc_sam_d_r_h/tc.o
 .ARM.attributes
                0x00000144       0x32 src/FlutterCheckOutputs.o
 .ARM.attributes
                0x00000176       0x32 src/FlutterI2CMaster.o
 .ARM.attributes
                0x000001a8       0x32 src/FlutterUARTSendData.o
 .ARM.attributes
                0x000001da       0x32 src/ASF/common2/services/delay/sam0/systick_counter.o
 .ARM.attributes
                0x0000020c       0x32 src/ASF/sam0/drivers/adc/adc_sam_d_r_h/adc.o
 .ARM.attributes
                0x0000023e       0x32 src/ASF/sam0/drivers/adc/adc_sam_d_r_h/adc_callback.o
 .ARM.attributes
                0x00000270       0x32 src/ASF/sam0/drivers/sercom/sercom.o
 .ARM.attributes
                0x000002a2       0x32 src/ASF/sam0/drivers/sercom/sercom_interrupt.o
 .ARM.attributes
                0x000002d4       0x32 src/ASF/sam0/drivers/sercom/usart/usart.o
 .ARM.attributes
                0x00000306       0x32 src/ASF/sam0/drivers/sercom/usart/usart_interrupt.o
 .ARM.attributes
                0x00000338       0x32 src/FlutterADC.o
 .ARM.attributes
                0x0000036a       0x32 src/FlutterBLEUART.o
 .ARM.attributes
                0x0000039c       0x32 src/FlutterUART.o
 .ARM.attributes
                0x000003ce       0x32 src/FlutterOutputSensorscheck.o
 .ARM.attributes
                0x00000400       0x32 src/ASF/common2/boards/user_board/init.o
 .ARM.attributes
                0x00000432       0x32 src/ASF/common/utils/interrupt/interrupt_sam_nvic.o
 .ARM.attributes
                0x00000464       0x32 src/ASF/sam0/drivers/system/clock/clock_samd21_r21_da_ha1/clock.o
 .ARM.attributes
                0x00000496       0x32 src/ASF/sam0/drivers/system/clock/clock_samd21_r21_da_ha1/gclk.o
 .ARM.attributes
                0x000004c8       0x32 src/ASF/sam0/drivers/system/pinmux/pinmux.o
 .ARM.attributes
                0x000004fa       0x32 src/ASF/sam0/drivers/system/system.o
 .ARM.attributes
                0x0000052c       0x32 src/ASF/sam0/utils/cmsis/samd21/source/gcc/startup_samd21.o
 .ARM.attributes
                0x0000055e       0x32 src/ASF/sam0/utils/syscalls/gcc/syscalls.o
 .ARM.attributes
                0x00000590       0x32 src/main.o
 .ARM.attributes
                0x000005c2       0x1e c:/program files (x86)/atmel/studio/7.0/toolchain/arm/arm-gnu-toolchain/bin/../lib/gcc/arm-none-eabi/6.2.1/thumb/v6-m\libgcc.a(_udivsi3.o)
 .ARM.attributes
                0x000005e0       0x1e c:/program files (x86)/atmel/studio/7.0/toolchain/arm/arm-gnu-toolchain/bin/../lib/gcc/arm-none-eabi/6.2.1/thumb/v6-m\libgcc.a(_dvmd_tls.o)
 .ARM.attributes
                0x000005fe       0x2c c:/program files (x86)/atmel/studio/7.0/toolchain/arm/arm-gnu-toolchain/bin/../lib/gcc/arm-none-eabi/6.2.1/thumb/v6-m\libgcc.a(_muldi3.o)
 .ARM.attributes
                0x0000062a       0x2c c:/program files (x86)/atmel/studio/7.0/toolchain/arm/arm-gnu-toolchain/bin/../lib/gcc/arm-none-eabi/6.2.1/thumb/v6-m\libgcc.a(adddf3.o)
 .ARM.attributes
                0x00000656       0x2c c:/program files (x86)/atmel/studio/7.0/toolchain/arm/arm-gnu-toolchain/bin/../lib/gcc/arm-none-eabi/6.2.1/thumb/v6-m\libgcc.a(divdf3.o)
 .ARM.attributes
                0x00000682       0x2c c:/program files (x86)/atmel/studio/7.0/toolchain/arm/arm-gnu-toolchain/bin/../lib/gcc/arm-none-eabi/6.2.1/thumb/v6-m\libgcc.a(muldf3.o)
 .ARM.attributes
                0x000006ae       0x2c c:/program files (x86)/atmel/studio/7.0/toolchain/arm/arm-gnu-toolchain/bin/../lib/gcc/arm-none-eabi/6.2.1/thumb/v6-m\libgcc.a(subdf3.o)
 .ARM.attributes
                0x000006da       0x2c c:/program files (x86)/atmel/studio/7.0/toolchain/arm/arm-gnu-toolchain/bin/../lib/gcc/arm-none-eabi/6.2.1/thumb/v6-m\libgcc.a(fixdfsi.o)
 .ARM.attributes
                0x00000706       0x2c c:/program files (x86)/atmel/studio/7.0/toolchain/arm/arm-gnu-toolchain/bin/../lib/gcc/arm-none-eabi/6.2.1/thumb/v6-m\libgcc.a(floatunsidf.o)
 .ARM.attributes
                0x00000732       0x1e c:/program files (x86)/atmel/studio/7.0/toolchain/arm/arm-gnu-toolchain/bin/../lib/gcc/arm-none-eabi/6.2.1/thumb/v6-m\libgcc.a(_clzsi2.o)
 .ARM.attributes
                0x00000750       0x2c c:/program files (x86)/atmel/studio/7.0/toolchain/arm/arm-gnu-toolchain/bin/../lib/gcc/arm-none-eabi/6.2.1/../../../../arm-none-eabi/lib/thumb/v6-m\libc_nano.a(lib_a-impure.o)
 .ARM.attributes
                0x0000077c       0x2c c:/program files (x86)/atmel/studio/7.0/toolchain/arm/arm-gnu-toolchain/bin/../lib/gcc/arm-none-eabi/6.2.1/../../../../arm-none-eabi/lib/thumb/v6-m\libc_nano.a(lib_a-init.o)
 .ARM.attributes
                0x000007a8       0x2c c:/program files (x86)/atmel/studio/7.0/toolchain/arm/arm-gnu-toolchain/bin/../lib/gcc/arm-none-eabi/6.2.1/../../../../arm-none-eabi/lib/thumb/v6-m\libc_nano.a(lib_a-malloc.o)
 .ARM.attributes
                0x000007d4       0x2c c:/program files (x86)/atmel/studio/7.0/toolchain/arm/arm-gnu-toolchain/bin/../lib/gcc/arm-none-eabi/6.2.1/../../../../arm-none-eabi/lib/thumb/v6-m\libc_nano.a(lib_a-memcpy-stub.o)
 .ARM.attributes
                0x00000800       0x2c c:/program files (x86)/atmel/studio/7.0/toolchain/arm/arm-gnu-toolchain/bin/../lib/gcc/arm-none-eabi/6.2.1/../../../../arm-none-eabi/lib/thumb/v6-m\libc_nano.a(lib_a-nano-mallocr.o)
 .ARM.attributes
                0x0000082c       0x2c c:/program files (x86)/atmel/studio/7.0/toolchain/arm/arm-gnu-toolchain/bin/../lib/gcc/arm-none-eabi/6.2.1/../../../../arm-none-eabi/lib/thumb/v6-m\libc_nano.a(lib_a-sbrkr.o)
 .ARM.attributes
                0x00000858       0x2c c:/program files (x86)/atmel/studio/7.0/toolchain/arm/arm-gnu-toolchain/bin/../lib/gcc/arm-none-eabi/6.2.1/../../../../arm-none-eabi/lib/thumb/v6-m\libc_nano.a(lib_a-mlock.o)
 .ARM.attributes
                0x00000884       0x2c c:/program files (x86)/atmel/studio/7.0/toolchain/arm/arm-gnu-toolchain/bin/../lib/gcc/arm-none-eabi/6.2.1/../../../../arm-none-eabi/lib/thumb/v6-m\libc_nano.a(lib_a-reent.o)
 .ARM.attributes
                0x000008b0       0x1e c:/program files (x86)/atmel/studio/7.0/toolchain/arm/arm-gnu-toolchain/bin/../lib/gcc/arm-none-eabi/6.2.1/thumb/v6-m/crtn.o

.comment        0x00000000       0x59
 .comment       0x00000000       0x59 src/ASF/sam0/drivers/sercom/i2c/i2c_sam0/i2c_master.o
                                 0x5a (size before relaxing)
 .comment       0x00000059       0x5a src/ASF/sam0/drivers/sercom/i2c/i2c_sam0/i2c_master_interrupt.o
 .comment       0x00000059       0x5a src/ASF/sam0/drivers/tcc/tcc_callback.o
 .comment       0x00000059       0x5a src/ASF/sam0/drivers/tc/tc_interrupt.o
 .comment       0x00000059       0x5a src/ASF/sam0/drivers/tc/tc_sam_d_r_h/tc.o
 .comment       0x00000059       0x5a src/FlutterCheckOutputs.o
 .comment       0x00000059       0x5a src/FlutterI2CMaster.o
 .comment       0x00000059       0x5a src/FlutterUARTSendData.o
 .comment       0x00000059       0x5a src/ASF/common2/services/delay/sam0/systick_counter.o
 .comment       0x00000059       0x5a src/ASF/sam0/drivers/adc/adc_sam_d_r_h/adc.o
 .comment       0x00000059       0x5a src/ASF/sam0/drivers/adc/adc_sam_d_r_h/adc_callback.o
 .comment       0x00000059       0x5a src/ASF/sam0/drivers/sercom/sercom.o
 .comment       0x00000059       0x5a src/ASF/sam0/drivers/sercom/sercom_interrupt.o
 .comment       0x00000059       0x5a src/ASF/sam0/drivers/sercom/usart/usart.o
 .comment       0x00000059       0x5a src/ASF/sam0/drivers/sercom/usart/usart_interrupt.o
 .comment       0x00000059       0x5a src/FlutterADC.o
 .comment       0x00000059       0x5a src/FlutterBLEUART.o
 .comment       0x00000059       0x5a src/FlutterUART.o
 .comment       0x00000059       0x5a src/FlutterOutputSensorscheck.o
 .comment       0x00000059       0x5a src/ASF/common2/boards/user_board/init.o
 .comment       0x00000059       0x5a src/ASF/common/utils/interrupt/interrupt_sam_nvic.o
 .comment       0x00000059       0x5a src/ASF/sam0/drivers/system/clock/clock_samd21_r21_da_ha1/clock.o
 .comment       0x00000059       0x5a src/ASF/sam0/drivers/system/clock/clock_samd21_r21_da_ha1/gclk.o
 .comment       0x00000059       0x5a src/ASF/sam0/drivers/system/pinmux/pinmux.o
 .comment       0x00000059       0x5a src/ASF/sam0/drivers/system/system.o
 .comment       0x00000059       0x5a src/ASF/sam0/utils/cmsis/samd21/source/gcc/startup_samd21.o
 .comment       0x00000059       0x5a src/ASF/sam0/utils/syscalls/gcc/syscalls.o
 .comment       0x00000059       0x5a src/main.o

.debug_info     0x00000000    0x4b772
 .debug_info    0x00000000     0x4f6e src/ASF/sam0/drivers/sercom/i2c/i2c_sam0/i2c_master.o
 .debug_info    0x00004f6e     0x3127 src/ASF/sam0/drivers/sercom/i2c/i2c_sam0/i2c_master_interrupt.o
 .debug_info    0x00008095     0x316a src/ASF/sam0/drivers/tcc/tcc_callback.o
 .debug_info    0x0000b1ff     0x1ba3 src/ASF/sam0/drivers/tc/tc_interrupt.o
 .debug_info    0x0000cda2     0x2f85 src/ASF/sam0/drivers/tc/tc_sam_d_r_h/tc.o
 .debug_info    0x0000fd27     0x18f0 src/FlutterCheckOutputs.o
 .debug_info    0x00011617     0x4500 src/FlutterI2CMaster.o
 .debug_info    0x00015b17     0x4e32 src/FlutterUARTSendData.o
 .debug_info    0x0001a949      0xb81 src/ASF/common2/services/delay/sam0/systick_counter.o
 .debug_info    0x0001b4ca     0x3e4b src/ASF/sam0/drivers/adc/adc_sam_d_r_h/adc.o
 .debug_info    0x0001f315     0x1bfa src/ASF/sam0/drivers/adc/adc_sam_d_r_h/adc_callback.o
 .debug_info    0x00020f0f     0x2dd8 src/ASF/sam0/drivers/sercom/sercom.o
 .debug_info    0x00023ce7     0x2bde src/ASF/sam0/drivers/sercom/sercom_interrupt.o
 .debug_info    0x000268c5     0x4ab4 src/ASF/sam0/drivers/sercom/usart/usart.o
 .debug_info    0x0002b379     0x3025 src/ASF/sam0/drivers/sercom/usart/usart_interrupt.o
 .debug_info    0x0002e39e     0x25ef src/FlutterADC.o
 .debug_info    0x0003098d     0x2963 src/FlutterBLEUART.o
 .debug_info    0x000332f0     0x407e src/FlutterUART.o
 .debug_info    0x0003736e     0x1dd7 src/FlutterOutputSensorscheck.o
 .debug_info    0x00039145     0x1694 src/ASF/common2/boards/user_board/init.o
 .debug_info    0x0003a7d9      0xafb src/ASF/common/utils/interrupt/interrupt_sam_nvic.o
 .debug_info    0x0003b2d4     0x37b3 src/ASF/sam0/drivers/system/clock/clock_samd21_r21_da_ha1/clock.o
 .debug_info    0x0003ea87     0x1ec5 src/ASF/sam0/drivers/system/clock/clock_samd21_r21_da_ha1/gclk.o
 .debug_info    0x0004094c     0x13e9 src/ASF/sam0/drivers/system/pinmux/pinmux.o
 .debug_info    0x00041d35      0xa67 src/ASF/sam0/drivers/system/system.o
 .debug_info    0x0004279c     0x3a49 src/ASF/sam0/utils/cmsis/samd21/source/gcc/startup_samd21.o
 .debug_info    0x000461e5      0xd8c src/ASF/sam0/utils/syscalls/gcc/syscalls.o
 .debug_info    0x00046f71     0x4801 src/main.o

.debug_abbrev   0x00000000     0x5f33
 .debug_abbrev  0x00000000      0x4fb src/ASF/sam0/drivers/sercom/i2c/i2c_sam0/i2c_master.o
 .debug_abbrev  0x000004fb      0x427 src/ASF/sam0/drivers/sercom/i2c/i2c_sam0/i2c_master_interrupt.o
 .debug_abbrev  0x00000922      0x399 src/ASF/sam0/drivers/tcc/tcc_callback.o
 .debug_abbrev  0x00000cbb      0x2ff src/ASF/sam0/drivers/tc/tc_interrupt.o
 .debug_abbrev  0x00000fba      0x434 src/ASF/sam0/drivers/tc/tc_sam_d_r_h/tc.o
 .debug_abbrev  0x000013ee      0x2a6 src/FlutterCheckOutputs.o
 .debug_abbrev  0x00001694      0x446 src/FlutterI2CMaster.o
 .debug_abbrev  0x00001ada      0x3c2 src/FlutterUARTSendData.o
 .debug_abbrev  0x00001e9c      0x24b src/ASF/common2/services/delay/sam0/systick_counter.o
 .debug_abbrev  0x000020e7      0x45c src/ASF/sam0/drivers/adc/adc_sam_d_r_h/adc.o
 .debug_abbrev  0x00002543      0x3b8 src/ASF/sam0/drivers/adc/adc_sam_d_r_h/adc_callback.o
 .debug_abbrev  0x000028fb      0x378 src/ASF/sam0/drivers/sercom/sercom.o
 .debug_abbrev  0x00002c73      0x2d8 src/ASF/sam0/drivers/sercom/sercom_interrupt.o
 .debug_abbrev  0x00002f4b      0x477 src/ASF/sam0/drivers/sercom/usart/usart.o
 .debug_abbrev  0x000033c2      0x416 src/ASF/sam0/drivers/sercom/usart/usart_interrupt.o
 .debug_abbrev  0x000037d8      0x3b5 src/FlutterADC.o
 .debug_abbrev  0x00003b8d      0x319 src/FlutterBLEUART.o
 .debug_abbrev  0x00003ea6      0x3c0 src/FlutterUART.o
 .debug_abbrev  0x00004266      0x37c src/FlutterOutputSensorscheck.o
 .debug_abbrev  0x000045e2      0x21e src/ASF/common2/boards/user_board/init.o
 .debug_abbrev  0x00004800      0x22c src/ASF/common/utils/interrupt/interrupt_sam_nvic.o
 .debug_abbrev  0x00004a2c      0x465 src/ASF/sam0/drivers/system/clock/clock_samd21_r21_da_ha1/clock.o
 .debug_abbrev  0x00004e91      0x3f1 src/ASF/sam0/drivers/system/clock/clock_samd21_r21_da_ha1/gclk.o
 .debug_abbrev  0x00005282      0x37b src/ASF/sam0/drivers/system/pinmux/pinmux.o
 .debug_abbrev  0x000055fd      0x1e1 src/ASF/sam0/drivers/system/system.o
 .debug_abbrev  0x000057de      0x234 src/ASF/sam0/utils/cmsis/samd21/source/gcc/startup_samd21.o
 .debug_abbrev  0x00005a12      0x257 src/ASF/sam0/utils/syscalls/gcc/syscalls.o
 .debug_abbrev  0x00005c69      0x2ca src/main.o

.debug_loc      0x00000000     0x8201
 .debug_loc     0x00000000      0xff8 src/ASF/sam0/drivers/sercom/i2c/i2c_sam0/i2c_master.o
 .debug_loc     0x00000ff8      0x7ec src/ASF/sam0/drivers/sercom/i2c/i2c_sam0/i2c_master_interrupt.o
 .debug_loc     0x000017e4      0x245 src/ASF/sam0/drivers/tcc/tcc_callback.o
 .debug_loc     0x00001a29      0x1c8 src/ASF/sam0/drivers/tc/tc_interrupt.o
 .debug_loc     0x00001bf1      0xdf1 src/ASF/sam0/drivers/tc/tc_sam_d_r_h/tc.o
 .debug_loc     0x000029e2       0xef src/FlutterCheckOutputs.o
 .debug_loc     0x00002ad1      0x682 src/FlutterI2CMaster.o
 .debug_loc     0x00003153      0x109 src/FlutterUARTSendData.o
 .debug_loc     0x0000325c       0xe4 src/ASF/common2/services/delay/sam0/systick_counter.o
 .debug_loc     0x00003340      0x891 src/ASF/sam0/drivers/adc/adc_sam_d_r_h/adc.o
 .debug_loc     0x00003bd1      0x34a src/ASF/sam0/drivers/adc/adc_sam_d_r_h/adc_callback.o
 .debug_loc     0x00003f1b      0x9d5 src/ASF/sam0/drivers/sercom/sercom.o
 .debug_loc     0x000048f0      0x161 src/ASF/sam0/drivers/sercom/sercom_interrupt.o
 .debug_loc     0x00004a51      0xe2f src/ASF/sam0/drivers/sercom/usart/usart.o
 .debug_loc     0x00005880      0x6f3 src/ASF/sam0/drivers/sercom/usart/usart_interrupt.o
 .debug_loc     0x00005f73      0x45e src/FlutterADC.o
 .debug_loc     0x000063d1      0x110 src/FlutterBLEUART.o
 .debug_loc     0x000064e1      0x128 src/FlutterUART.o
 .debug_loc     0x00006609      0x328 src/FlutterOutputSensorscheck.o
 .debug_loc     0x00006931      0xef0 src/ASF/sam0/drivers/system/clock/clock_samd21_r21_da_ha1/clock.o
 .debug_loc     0x00007821      0x504 src/ASF/sam0/drivers/system/clock/clock_samd21_r21_da_ha1/gclk.o
 .debug_loc     0x00007d25      0x36d src/ASF/sam0/drivers/system/pinmux/pinmux.o
 .debug_loc     0x00008092       0x20 src/ASF/sam0/drivers/system/system.o
 .debug_loc     0x000080b2       0x40 src/ASF/sam0/utils/cmsis/samd21/source/gcc/startup_samd21.o
 .debug_loc     0x000080f2       0xef src/ASF/sam0/utils/syscalls/gcc/syscalls.o
 .debug_loc     0x000081e1       0x20 src/main.o

.debug_aranges  0x00000000      0x830
 .debug_aranges
                0x00000000       0xa0 src/ASF/sam0/drivers/sercom/i2c/i2c_sam0/i2c_master.o
 .debug_aranges
                0x000000a0       0x90 src/ASF/sam0/drivers/sercom/i2c/i2c_sam0/i2c_master_interrupt.o
 .debug_aranges
                0x00000130       0x58 src/ASF/sam0/drivers/tcc/tcc_callback.o
 .debug_aranges
                0x00000188       0x58 src/ASF/sam0/drivers/tc/tc_interrupt.o
 .debug_aranges
                0x000001e0       0x58 src/ASF/sam0/drivers/tc/tc_sam_d_r_h/tc.o
 .debug_aranges
                0x00000238       0x28 src/FlutterCheckOutputs.o
 .debug_aranges
                0x00000260       0x60 src/FlutterI2CMaster.o
 .debug_aranges
                0x000002c0       0x40 src/FlutterUARTSendData.o
 .debug_aranges
                0x00000300       0x30 src/ASF/common2/services/delay/sam0/systick_counter.o
 .debug_aranges
                0x00000330       0x38 src/ASF/sam0/drivers/adc/adc_sam_d_r_h/adc.o
 .debug_aranges
                0x00000368       0x48 src/ASF/sam0/drivers/adc/adc_sam_d_r_h/adc_callback.o
 .debug_aranges
                0x000003b0       0x48 src/ASF/sam0/drivers/sercom/sercom.o
 .debug_aranges
                0x000003f8       0x60 src/ASF/sam0/drivers/sercom/sercom_interrupt.o
 .debug_aranges
                0x00000458       0x40 src/ASF/sam0/drivers/sercom/usart/usart.o
 .debug_aranges
                0x00000498       0x70 src/ASF/sam0/drivers/sercom/usart/usart_interrupt.o
 .debug_aranges
                0x00000508       0x28 src/FlutterADC.o
 .debug_aranges
                0x00000530       0x30 src/FlutterBLEUART.o
 .debug_aranges
                0x00000560       0x28 src/FlutterUART.o
 .debug_aranges
                0x00000588       0x58 src/FlutterOutputSensorscheck.o
 .debug_aranges
                0x000005e0       0x20 src/ASF/common2/boards/user_board/init.o
 .debug_aranges
                0x00000600       0x28 src/ASF/common/utils/interrupt/interrupt_sam_nvic.o
 .debug_aranges
                0x00000628       0x78 src/ASF/sam0/drivers/system/clock/clock_samd21_r21_da_ha1/clock.o
 .debug_aranges
                0x000006a0       0x80 src/ASF/sam0/drivers/system/clock/clock_samd21_r21_da_ha1/gclk.o
 .debug_aranges
                0x00000720       0x40 src/ASF/sam0/drivers/system/pinmux/pinmux.o
 .debug_aranges
                0x00000760       0x28 src/ASF/sam0/drivers/system/system.o
 .debug_aranges
                0x00000788       0x28 src/ASF/sam0/utils/cmsis/samd21/source/gcc/startup_samd21.o
 .debug_aranges
                0x000007b0       0x60 src/ASF/sam0/utils/syscalls/gcc/syscalls.o
 .debug_aranges
                0x00000810       0x20 src/main.o

.debug_ranges   0x00000000      0x920
 .debug_ranges  0x00000000       0xa8 src/ASF/sam0/drivers/sercom/i2c/i2c_sam0/i2c_master.o
 .debug_ranges  0x000000a8       0x98 src/ASF/sam0/drivers/sercom/i2c/i2c_sam0/i2c_master_interrupt.o
 .debug_ranges  0x00000140       0x48 src/ASF/sam0/drivers/tcc/tcc_callback.o
 .debug_ranges  0x00000188       0x48 src/ASF/sam0/drivers/tc/tc_interrupt.o
 .debug_ranges  0x000001d0       0x90 src/ASF/sam0/drivers/tc/tc_sam_d_r_h/tc.o
 .debug_ranges  0x00000260       0x18 src/FlutterCheckOutputs.o
 .debug_ranges  0x00000278       0x50 src/FlutterI2CMaster.o
 .debug_ranges  0x000002c8       0x30 src/FlutterUARTSendData.o
 .debug_ranges  0x000002f8       0x50 src/ASF/common2/services/delay/sam0/systick_counter.o
 .debug_ranges  0x00000348       0xa0 src/ASF/sam0/drivers/adc/adc_sam_d_r_h/adc.o
 .debug_ranges  0x000003e8       0x50 src/ASF/sam0/drivers/adc/adc_sam_d_r_h/adc_callback.o
 .debug_ranges  0x00000438       0x50 src/ASF/sam0/drivers/sercom/sercom.o
 .debug_ranges  0x00000488       0x50 src/ASF/sam0/drivers/sercom/sercom_interrupt.o
 .debug_ranges  0x000004d8      0x140 src/ASF/sam0/drivers/sercom/usart/usart.o
 .debug_ranges  0x00000618       0x60 src/ASF/sam0/drivers/sercom/usart/usart_interrupt.o
 .debug_ranges  0x00000678       0x50 src/FlutterADC.o
 .debug_ranges  0x000006c8       0x20 src/FlutterBLEUART.o
 .debug_ranges  0x000006e8       0x18 src/FlutterUART.o
 .debug_ranges  0x00000700       0x48 src/FlutterOutputSensorscheck.o
 .debug_ranges  0x00000748       0x10 src/ASF/common2/boards/user_board/init.o
 .debug_ranges  0x00000758       0x18 src/ASF/common/utils/interrupt/interrupt_sam_nvic.o
 .debug_ranges  0x00000770       0x68 src/ASF/sam0/drivers/system/clock/clock_samd21_r21_da_ha1/clock.o
 .debug_ranges  0x000007d8       0x88 src/ASF/sam0/drivers/system/clock/clock_samd21_r21_da_ha1/gclk.o
 .debug_ranges  0x00000860       0x30 src/ASF/sam0/drivers/system/pinmux/pinmux.o
 .debug_ranges  0x00000890       0x18 src/ASF/sam0/drivers/system/system.o
 .debug_ranges  0x000008a8       0x18 src/ASF/sam0/utils/cmsis/samd21/source/gcc/startup_samd21.o
 .debug_ranges  0x000008c0       0x50 src/ASF/sam0/utils/syscalls/gcc/syscalls.o
 .debug_ranges  0x00000910       0x10 src/main.o

.debug_macro    0x00000000     0xadf8
 .debug_macro   0x00000000      0x5c1 src/ASF/sam0/drivers/sercom/i2c/i2c_sam0/i2c_master.o
 .debug_macro   0x000005c1       0x11 src/ASF/sam0/drivers/sercom/i2c/i2c_sam0/i2c_master.o
 .debug_macro   0x000005d2       0x16 src/ASF/sam0/drivers/sercom/i2c/i2c_sam0/i2c_master.o
 .debug_macro   0x000005e8       0x2e src/ASF/sam0/drivers/sercom/i2c/i2c_sam0/i2c_master.o
 .debug_macro   0x00000616       0xb2 src/ASF/sam0/drivers/sercom/i2c/i2c_sam0/i2c_master.o
 .debug_macro   0x000006c8       0x10 src/ASF/sam0/drivers/sercom/i2c/i2c_sam0/i2c_master.o
 .debug_macro   0x000006d8       0x27 src/ASF/sam0/drivers/sercom/i2c/i2c_sam0/i2c_master.o
 .debug_macro   0x000006ff      0x5bd src/ASF/sam0/drivers/sercom/i2c/i2c_sam0/i2c_master_interrupt.o
 .debug_macro   0x00000cbc      0x58c src/ASF/sam0/drivers/tcc/tcc_callback.o
 .debug_macro   0x00001248      0x580 src/ASF/sam0/drivers/tc/tc_interrupt.o
 .debug_macro   0x000017c8       0x19 src/ASF/sam0/drivers/tc/tc_interrupt.o
 .debug_macro   0x000017e1       0x51 src/ASF/sam0/drivers/tc/tc_interrupt.o
 .debug_macro   0x00001832      0x59b src/ASF/sam0/drivers/tc/tc_sam_d_r_h/tc.o
 .debug_macro   0x00001dcd      0x6ab src/FlutterCheckOutputs.o
 .debug_macro   0x00002478       0x19 src/FlutterCheckOutputs.o
 .debug_macro   0x00002491       0x10 src/FlutterCheckOutputs.o
 .debug_macro   0x000024a1       0x1c src/FlutterCheckOutputs.o
 .debug_macro   0x000024bd       0x16 src/FlutterCheckOutputs.o
 .debug_macro   0x000024d3      0x2c6 src/FlutterCheckOutputs.o
 .debug_macro   0x00002799       0x18 src/FlutterCheckOutputs.o
 .debug_macro   0x000027b1       0x2d src/FlutterCheckOutputs.o
 .debug_macro   0x000027de       0x50 src/FlutterCheckOutputs.o
 .debug_macro   0x0000282e       0x6c src/FlutterCheckOutputs.o
 .debug_macro   0x0000289a       0x8f src/FlutterCheckOutputs.o
 .debug_macro   0x00002929       0x7c src/FlutterCheckOutputs.o
 .debug_macro   0x000029a5       0x82 src/FlutterCheckOutputs.o
 .debug_macro   0x00002a27      0x6aa src/FlutterI2CMaster.o
 .debug_macro   0x000030d1      0x698 src/FlutterUARTSendData.o
 .debug_macro   0x00003769      0x54d src/ASF/common2/services/delay/sam0/systick_counter.o
 .debug_macro   0x00003cb6       0x16 src/ASF/common2/services/delay/sam0/systick_counter.o
 .debug_macro   0x00003ccc      0x591 src/ASF/sam0/drivers/adc/adc_sam_d_r_h/adc.o
 .debug_macro   0x0000425d      0x594 src/ASF/sam0/drivers/adc/adc_sam_d_r_h/adc_callback.o
 .debug_macro   0x000047f1      0x59f src/ASF/sam0/drivers/sercom/sercom.o
 .debug_macro   0x00004d90      0x59c src/ASF/sam0/drivers/sercom/sercom_interrupt.o
 .debug_macro   0x0000532c      0x5b0 src/ASF/sam0/drivers/sercom/usart/usart.o
 .debug_macro   0x000058dc       0x51 src/ASF/sam0/drivers/sercom/usart/usart.o
 .debug_macro   0x0000592d      0x5b0 src/ASF/sam0/drivers/sercom/usart/usart_interrupt.o
 .debug_macro   0x00005edd      0x68e src/FlutterADC.o
 .debug_macro   0x0000656b      0x6e2 src/FlutterBLEUART.o
 .debug_macro   0x00006c4d      0x691 src/FlutterUART.o
 .debug_macro   0x000072de      0x72c src/FlutterOutputSensorscheck.o
 .debug_macro   0x00007a0a      0x680 src/ASF/common2/boards/user_board/init.o
 .debug_macro   0x0000808a      0x512 src/ASF/common/utils/interrupt/interrupt_sam_nvic.o
 .debug_macro   0x0000859c      0x583 src/ASF/sam0/drivers/system/clock/clock_samd21_r21_da_ha1/clock.o
 .debug_macro   0x00008b1f      0x29d src/ASF/sam0/drivers/system/clock/clock_samd21_r21_da_ha1/clock.o
 .debug_macro   0x00008dbc      0x548 src/ASF/sam0/drivers/system/clock/clock_samd21_r21_da_ha1/gclk.o
 .debug_macro   0x00009304      0x522 src/ASF/sam0/drivers/system/pinmux/pinmux.o
 .debug_macro   0x00009826       0x12 src/ASF/sam0/drivers/system/pinmux/pinmux.o
 .debug_macro   0x00009838      0x555 src/ASF/sam0/drivers/system/system.o
 .debug_macro   0x00009d8d      0x2f9 src/ASF/sam0/utils/cmsis/samd21/source/gcc/startup_samd21.o
 .debug_macro   0x0000a086       0x3a src/ASF/sam0/utils/cmsis/samd21/source/gcc/startup_samd21.o
 .debug_macro   0x0000a0c0      0x1d6 src/ASF/sam0/utils/syscalls/gcc/syscalls.o
 .debug_macro   0x0000a296       0x4c src/ASF/sam0/utils/syscalls/gcc/syscalls.o
 .debug_macro   0x0000a2e2       0x8d src/ASF/sam0/utils/syscalls/gcc/syscalls.o
 .debug_macro   0x0000a36f       0x57 src/ASF/sam0/utils/syscalls/gcc/syscalls.o
 .debug_macro   0x0000a3c6       0x97 src/ASF/sam0/utils/syscalls/gcc/syscalls.o
 .debug_macro   0x0000a45d       0xf6 src/ASF/sam0/utils/syscalls/gcc/syscalls.o
 .debug_macro   0x0000a553       0x4c src/ASF/sam0/utils/syscalls/gcc/syscalls.o
 .debug_macro   0x0000a59f       0x16 src/ASF/sam0/utils/syscalls/gcc/syscalls.o
 .debug_macro   0x0000a5b5       0x10 src/ASF/sam0/utils/syscalls/gcc/syscalls.o
 .debug_macro   0x0000a5c5       0x10 src/ASF/sam0/utils/syscalls/gcc/syscalls.o
 .debug_macro   0x0000a5d5       0x35 src/ASF/sam0/utils/syscalls/gcc/syscalls.o
 .debug_macro   0x0000a60a      0x122 src/ASF/sam0/utils/syscalls/gcc/syscalls.o
 .debug_macro   0x0000a72c      0x6cc src/main.o

.debug_line     0x00000000    0x15399
 .debug_line    0x00000000      0xe5b src/ASF/sam0/drivers/sercom/i2c/i2c_sam0/i2c_master.o
 .debug_line    0x00000e5b      0xdd7 src/ASF/sam0/drivers/sercom/i2c/i2c_sam0/i2c_master_interrupt.o
 .debug_line    0x00001c32      0xac1 src/ASF/sam0/drivers/tcc/tcc_callback.o
 .debug_line    0x000026f3      0xaad src/ASF/sam0/drivers/tc/tc_interrupt.o
 .debug_line    0x000031a0      0xda1 src/ASF/sam0/drivers/tc/tc_sam_d_r_h/tc.o
 .debug_line    0x00003f41      0xdc7 src/FlutterCheckOutputs.o
 .debug_line    0x00004d08      0xfb1 src/FlutterI2CMaster.o
 .debug_line    0x00005cb9      0xe1f src/FlutterUARTSendData.o
 .debug_line    0x00006ad8      0x9ce src/ASF/common2/services/delay/sam0/systick_counter.o
 .debug_line    0x000074a6      0xd4f src/ASF/sam0/drivers/adc/adc_sam_d_r_h/adc.o
 .debug_line    0x000081f5      0xc0e src/ASF/sam0/drivers/adc/adc_sam_d_r_h/adc_callback.o
 .debug_line    0x00008e03      0xbde src/ASF/sam0/drivers/sercom/sercom.o
 .debug_line    0x000099e1      0xb81 src/ASF/sam0/drivers/sercom/sercom_interrupt.o
 .debug_line    0x0000a562      0xd48 src/ASF/sam0/drivers/sercom/usart/usart.o
 .debug_line    0x0000b2aa      0xcc8 src/ASF/sam0/drivers/sercom/usart/usart_interrupt.o
 .debug_line    0x0000bf72      0xe5f src/FlutterADC.o
 .debug_line    0x0000cdd1      0xe30 src/FlutterBLEUART.o
 .debug_line    0x0000dc01      0xde4 src/FlutterUART.o
 .debug_line    0x0000e9e5      0xee4 src/FlutterOutputSensorscheck.o
 .debug_line    0x0000f8c9      0xd4f src/ASF/common2/boards/user_board/init.o
 .debug_line    0x00010618      0x8d8 src/ASF/common/utils/interrupt/interrupt_sam_nvic.o
 .debug_line    0x00010ef0      0xc59 src/ASF/sam0/drivers/system/clock/clock_samd21_r21_da_ha1/clock.o
 .debug_line    0x00011b49      0xc80 src/ASF/sam0/drivers/system/clock/clock_samd21_r21_da_ha1/gclk.o
 .debug_line    0x000127c9      0x951 src/ASF/sam0/drivers/system/pinmux/pinmux.o
 .debug_line    0x0001311a      0x9fb src/ASF/sam0/drivers/system/system.o
 .debug_line    0x00013b15      0x656 src/ASF/sam0/utils/cmsis/samd21/source/gcc/startup_samd21.o
 .debug_line    0x0001416b      0x40a src/ASF/sam0/utils/syscalls/gcc/syscalls.o
 .debug_line    0x00014575      0xe24 src/main.o

.debug_str      0x00000000    0x8e0ce
 .debug_str     0x00000000    0x83e4a src/ASF/sam0/drivers/sercom/i2c/i2c_sam0/i2c_master.o
                              0x848d0 (size before relaxing)
 .debug_str     0x00083e4a      0x256 src/ASF/sam0/drivers/sercom/i2c/i2c_sam0/i2c_master_interrupt.o
                              0x83870 (size before relaxing)
 .debug_str     0x000840a0     0x1034 src/ASF/sam0/drivers/tcc/tcc_callback.o
                              0x83c0d (size before relaxing)
 .debug_str     0x000850d4      0x5f1 src/ASF/sam0/drivers/tc/tc_interrupt.o
                              0x82fe3 (size before relaxing)
 .debug_str     0x000856c5      0x53e src/ASF/sam0/drivers/tc/tc_sam_d_r_h/tc.o
                              0x838aa (size before relaxing)
 .debug_str     0x00085c03     0x1632 src/FlutterCheckOutputs.o
                              0x84aad (size before relaxing)
 .debug_str     0x00087235      0x2ab src/FlutterI2CMaster.o
                              0x85cfe (size before relaxing)
 .debug_str     0x000874e0      0x5e1 src/FlutterUARTSendData.o
                              0x86195 (size before relaxing)
 .debug_str     0x00087ac1       0xa6 src/ASF/common2/services/delay/sam0/systick_counter.o
                              0x8245e (size before relaxing)
 .debug_str     0x00087b67      0xee3 src/ASF/sam0/drivers/adc/adc_sam_d_r_h/adc.o
                              0x841d9 (size before relaxing)
 .debug_str     0x00088a4a      0x16d src/ASF/sam0/drivers/adc/adc_sam_d_r_h/adc_callback.o
                              0x82fa4 (size before relaxing)
 .debug_str     0x00088bb7      0x34d src/ASF/sam0/drivers/sercom/sercom.o
                              0x83941 (size before relaxing)
 .debug_str     0x00088f04      0x158 src/ASF/sam0/drivers/sercom/sercom_interrupt.o
                              0x837dc (size before relaxing)
 .debug_str     0x0008905c      0x5bd src/ASF/sam0/drivers/sercom/usart/usart.o
                              0x846fa (size before relaxing)
 .debug_str     0x00089619      0x17c src/ASF/sam0/drivers/sercom/usart/usart_interrupt.o
                              0x83932 (size before relaxing)
 .debug_str     0x00089795       0xf9 src/FlutterADC.o
                              0x85bd0 (size before relaxing)
 .debug_str     0x0008988e      0x171 src/FlutterBLEUART.o
                              0x85525 (size before relaxing)
 .debug_str     0x000899ff       0xde src/FlutterUART.o
                              0x860a0 (size before relaxing)
 .debug_str     0x00089add      0x547 src/FlutterOutputSensorscheck.o
                              0x852d1 (size before relaxing)
 .debug_str     0x0008a024       0x3e src/ASF/common2/boards/user_board/init.o
                              0x8440d (size before relaxing)
 .debug_str     0x0008a062       0x66 src/ASF/common/utils/interrupt/interrupt_sam_nvic.o
                              0x8224e (size before relaxing)
 .debug_str     0x0008a0c8     0x23f5 src/ASF/sam0/drivers/system/clock/clock_samd21_r21_da_ha1/clock.o
                              0x853e7 (size before relaxing)
 .debug_str     0x0008c4bd      0x1db src/ASF/sam0/drivers/system/clock/clock_samd21_r21_da_ha1/gclk.o
                              0x82f11 (size before relaxing)
 .debug_str     0x0008c698      0x336 src/ASF/sam0/drivers/system/pinmux/pinmux.o
                              0x826f0 (size before relaxing)
 .debug_str     0x0008c9ce       0x47 src/ASF/sam0/drivers/system/system.o
                              0x8232b (size before relaxing)
 .debug_str     0x0008ca15      0xf11 src/ASF/sam0/utils/cmsis/samd21/source/gcc/startup_samd21.o
                              0x6e3b9 (size before relaxing)
 .debug_str     0x0008d926      0x76b src/ASF/sam0/utils/syscalls/gcc/syscalls.o
                               0x7267 (size before relaxing)
 .debug_str     0x0008e091       0x3d src/main.o
                              0x85c9f (size before relaxing)

.debug_frame    0x00000000     0x15b0
 .debug_frame   0x00000000      0x1f0 src/ASF/sam0/drivers/sercom/i2c/i2c_sam0/i2c_master.o
 .debug_frame   0x000001f0      0x170 src/ASF/sam0/drivers/sercom/i2c/i2c_sam0/i2c_master_interrupt.o
 .debug_frame   0x00000360       0xd4 src/ASF/sam0/drivers/tcc/tcc_callback.o
 .debug_frame   0x00000434       0xc4 src/ASF/sam0/drivers/tc/tc_interrupt.o
 .debug_frame   0x000004f8       0xb4 src/ASF/sam0/drivers/tc/tc_sam_d_r_h/tc.o
 .debug_frame   0x000005ac       0x40 src/FlutterCheckOutputs.o
 .debug_frame   0x000005ec       0xe4 src/FlutterI2CMaster.o
 .debug_frame   0x000006d0       0x84 src/FlutterUARTSendData.o
 .debug_frame   0x00000754       0x64 src/ASF/common2/services/delay/sam0/systick_counter.o
 .debug_frame   0x000007b8       0x98 src/ASF/sam0/drivers/adc/adc_sam_d_r_h/adc.o
 .debug_frame   0x00000850       0x84 src/ASF/sam0/drivers/adc/adc_sam_d_r_h/adc_callback.o
 .debug_frame   0x000008d4       0xbc src/ASF/sam0/drivers/sercom/sercom.o
 .debug_frame   0x00000990       0xe8 src/ASF/sam0/drivers/sercom/sercom_interrupt.o
 .debug_frame   0x00000a78       0xac src/ASF/sam0/drivers/sercom/usart/usart.o
 .debug_frame   0x00000b24      0x110 src/ASF/sam0/drivers/sercom/usart/usart_interrupt.o
 .debug_frame   0x00000c34       0x48 src/FlutterADC.o
 .debug_frame   0x00000c7c       0x60 src/FlutterBLEUART.o
 .debug_frame   0x00000cdc       0x40 src/FlutterUART.o
 .debug_frame   0x00000d1c       0xdc src/FlutterOutputSensorscheck.o
 .debug_frame   0x00000df8       0x20 src/ASF/common2/boards/user_board/init.o
 .debug_frame   0x00000e18       0x30 src/ASF/common/utils/interrupt/interrupt_sam_nvic.o
 .debug_frame   0x00000e48      0x14c src/ASF/sam0/drivers/system/clock/clock_samd21_r21_da_ha1/clock.o
 .debug_frame   0x00000f94      0x148 src/ASF/sam0/drivers/system/clock/clock_samd21_r21_da_ha1/gclk.o
 .debug_frame   0x000010dc       0x98 src/ASF/sam0/drivers/system/pinmux/pinmux.o
 .debug_frame   0x00001174       0x38 src/ASF/sam0/drivers/system/system.o
 .debug_frame   0x000011ac       0x40 src/ASF/sam0/utils/cmsis/samd21/source/gcc/startup_samd21.o
 .debug_frame   0x000011ec       0xa0 src/ASF/sam0/utils/syscalls/gcc/syscalls.o
 .debug_frame   0x0000128c       0x2c src/main.o
 .debug_frame   0x000012b8       0x20 c:/program files (x86)/atmel/studio/7.0/toolchain/arm/arm-gnu-toolchain/bin/../lib/gcc/arm-none-eabi/6.2.1/thumb/v6-m\libgcc.a(_udivsi3.o)
 .debug_frame   0x000012d8       0x34 c:/program files (x86)/atmel/studio/7.0/toolchain/arm/arm-gnu-toolchain/bin/../lib/gcc/arm-none-eabi/6.2.1/thumb/v6-m\libgcc.a(_muldi3.o)
 .debug_frame   0x0000130c       0x3c c:/program files (x86)/atmel/studio/7.0/toolchain/arm/arm-gnu-toolchain/bin/../lib/gcc/arm-none-eabi/6.2.1/thumb/v6-m\libgcc.a(adddf3.o)
 .debug_frame   0x00001348       0x3c c:/program files (x86)/atmel/studio/7.0/toolchain/arm/arm-gnu-toolchain/bin/../lib/gcc/arm-none-eabi/6.2.1/thumb/v6-m\libgcc.a(divdf3.o)
 .debug_frame   0x00001384       0x3c c:/program files (x86)/atmel/studio/7.0/toolchain/arm/arm-gnu-toolchain/bin/../lib/gcc/arm-none-eabi/6.2.1/thumb/v6-m\libgcc.a(muldf3.o)
 .debug_frame   0x000013c0       0x38 c:/program files (x86)/atmel/studio/7.0/toolchain/arm/arm-gnu-toolchain/bin/../lib/gcc/arm-none-eabi/6.2.1/thumb/v6-m\libgcc.a(subdf3.o)
 .debug_frame   0x000013f8       0x2c c:/program files (x86)/atmel/studio/7.0/toolchain/arm/arm-gnu-toolchain/bin/../lib/gcc/arm-none-eabi/6.2.1/thumb/v6-m\libgcc.a(fixdfsi.o)
 .debug_frame   0x00001424       0x28 c:/program files (x86)/atmel/studio/7.0/toolchain/arm/arm-gnu-toolchain/bin/../lib/gcc/arm-none-eabi/6.2.1/thumb/v6-m\libgcc.a(floatunsidf.o)
 .debug_frame   0x0000144c       0x2c c:/program files (x86)/atmel/studio/7.0/toolchain/arm/arm-gnu-toolchain/bin/../lib/gcc/arm-none-eabi/6.2.1/../../../../arm-none-eabi/lib/thumb/v6-m\libc_nano.a(lib_a-init.o)
 .debug_frame   0x00001478       0x40 c:/program files (x86)/atmel/studio/7.0/toolchain/arm/arm-gnu-toolchain/bin/../lib/gcc/arm-none-eabi/6.2.1/../../../../arm-none-eabi/lib/thumb/v6-m\libc_nano.a(lib_a-malloc.o)
 .debug_frame   0x000014b8       0x28 c:/program files (x86)/atmel/studio/7.0/toolchain/arm/arm-gnu-toolchain/bin/../lib/gcc/arm-none-eabi/6.2.1/../../../../arm-none-eabi/lib/thumb/v6-m\libc_nano.a(lib_a-memcpy-stub.o)
 .debug_frame   0x000014e0       0x2c c:/program files (x86)/atmel/studio/7.0/toolchain/arm/arm-gnu-toolchain/bin/../lib/gcc/arm-none-eabi/6.2.1/../../../../arm-none-eabi/lib/thumb/v6-m\libc_nano.a(lib_a-nano-mallocr.o)
 .debug_frame   0x0000150c       0x2c c:/program files (x86)/atmel/studio/7.0/toolchain/arm/arm-gnu-toolchain/bin/../lib/gcc/arm-none-eabi/6.2.1/../../../../arm-none-eabi/lib/thumb/v6-m\libc_nano.a(lib_a-sbrkr.o)
 .debug_frame   0x00001538       0x30 c:/program files (x86)/atmel/studio/7.0/toolchain/arm/arm-gnu-toolchain/bin/../lib/gcc/arm-none-eabi/6.2.1/../../../../arm-none-eabi/lib/thumb/v6-m\libc_nano.a(lib_a-mlock.o)
 .debug_frame   0x00001568       0x48 c:/program files (x86)/atmel/studio/7.0/toolchain/arm/arm-gnu-toolchain/bin/../lib/gcc/arm-none-eabi/6.2.1/../../../../arm-none-eabi/lib/thumb/v6-m\libc_nano.a(lib_a-reent.o)

Cross Reference Table

Symbol                                            File
AC_Handler                                        src/ASF/sam0/utils/cmsis/samd21/source/gcc/startup_samd21.o
ADCResult                                         src/FlutterADC.o
ADC_Handler                                       src/ASF/sam0/drivers/adc/adc_sam_d_r_h/adc_callback.o
DAC_Handler                                       src/ASF/sam0/utils/cmsis/samd21/source/gcc/startup_samd21.o
DMAC_Handler                                      src/ASF/sam0/utils/cmsis/samd21/source/gcc/startup_samd21.o
Dummy_Handler                                     src/ASF/sam0/utils/cmsis/samd21/source/gcc/startup_samd21.o
EIC_Handler                                       src/ASF/sam0/utils/cmsis/samd21/source/gcc/startup_samd21.o
EVSYS_Handler                                     src/ASF/sam0/utils/cmsis/samd21/source/gcc/startup_samd21.o
HardFault_Handler                                 src/ASF/sam0/utils/cmsis/samd21/source/gcc/startup_samd21.o
I2CWrite                                          src/FlutterI2CMaster.o
                                                  src/FlutterBLEUART.o
                                                  src/FlutterCheckOutputs.o
I2S_Handler                                       src/ASF/sam0/utils/cmsis/samd21/source/gcc/startup_samd21.o
NMI_Handler                                       src/ASF/sam0/utils/cmsis/samd21/source/gcc/startup_samd21.o
NVMCTRL_Handler                                   src/ASF/sam0/utils/cmsis/samd21/source/gcc/startup_samd21.o
NoInDevCon                                        src/main.o
NoOutDevCon                                       src/main.o
PM_Handler                                        src/ASF/sam0/utils/cmsis/samd21/source/gcc/startup_samd21.o
PTC_Handler                                       src/ASF/sam0/utils/cmsis/samd21/source/gcc/startup_samd21.o
PendSV_Handler                                    src/ASF/sam0/utils/cmsis/samd21/source/gcc/startup_samd21.o
PositionServoTCCInit                              src/FlutterServoOutput.o
RTC_Handler                                       src/ASF/sam0/utils/cmsis/samd21/source/gcc/startup_samd21.o
Reset_Handler                                     src/ASF/sam0/utils/cmsis/samd21/source/gcc/startup_samd21.o
SERCOM0_Handler                                   src/ASF/sam0/drivers/sercom/sercom_interrupt.o
SERCOM1_Handler                                   src/ASF/sam0/drivers/sercom/sercom_interrupt.o
SERCOM2_Handler                                   src/ASF/sam0/drivers/sercom/sercom_interrupt.o
SERCOM3_Handler                                   src/ASF/sam0/drivers/sercom/sercom_interrupt.o
SERCOM4_Handler                                   src/ASF/sam0/drivers/sercom/sercom_interrupt.o
SERCOM5_Handler                                   src/ASF/sam0/drivers/sercom/sercom_interrupt.o
SVC_Handler                                       src/ASF/sam0/utils/cmsis/samd21/source/gcc/startup_samd21.o
SYSCTRL_Handler                                   src/ASF/sam0/utils/cmsis/samd21/source/gcc/startup_samd21.o
SysTick_Handler                                   src/ASF/sam0/utils/cmsis/samd21/source/gcc/startup_samd21.o
SystemCoreClock                                   src/ASF/sam0/utils/cmsis/samd21/source/system_samd21.o
SystemCoreClockUpdate                             src/ASF/sam0/utils/cmsis/samd21/source/system_samd21.o
SystemInit                                        src/ASF/sam0/utils/cmsis/samd21/source/system_samd21.o
TC3_Handler                                       src/ASF/sam0/drivers/tc/tc_interrupt.o
TC4_Handler                                       src/ASF/sam0/drivers/tc/tc_interrupt.o
TC5_Handler                                       src/ASF/sam0/drivers/tc/tc_interrupt.o
TC6_Handler                                       src/ASF/sam0/drivers/tc/tc_interrupt.o
TC7_Handler                                       src/ASF/sam0/drivers/tc/tc_interrupt.o
TCC0_Handler                                      src/ASF/sam0/drivers/tcc/tcc_callback.o
TCC1_Handler                                      src/ASF/sam0/drivers/tcc/tcc_callback.o
TCC2_Handler                                      src/ASF/sam0/drivers/tcc/tcc_callback.o
UARTReceiveBytes                                  src/FlutterBLEUART.o
USB_Handler                                       src/ASF/sam0/utils/cmsis/samd21/source/gcc/startup_samd21.o
WDT_Handler                                       src/ASF/sam0/utils/cmsis/samd21/source/gcc/startup_samd21.o
_Jv_RegisterClasses                               c:/program files (x86)/atmel/studio/7.0/toolchain/arm/arm-gnu-toolchain/bin/../lib/gcc/arm-none-eabi/6.2.1/thumb/v6-m/crtbegin.o
__aeabi_d2iz                                      c:/program files (x86)/atmel/studio/7.0/toolchain/arm/arm-gnu-toolchain/bin/../lib/gcc/arm-none-eabi/6.2.1/thumb/v6-m\libgcc.a(fixdfsi.o)
                                                  src/ASF/sam0/drivers/sercom/i2c/i2c_sam0/i2c_master.o
__aeabi_dadd                                      c:/program files (x86)/atmel/studio/7.0/toolchain/arm/arm-gnu-toolchain/bin/../lib/gcc/arm-none-eabi/6.2.1/thumb/v6-m\libgcc.a(adddf3.o)
                                                  src/ASF/sam0/drivers/sercom/i2c/i2c_sam0/i2c_master.o
__aeabi_ddiv                                      c:/program files (x86)/atmel/studio/7.0/toolchain/arm/arm-gnu-toolchain/bin/../lib/gcc/arm-none-eabi/6.2.1/thumb/v6-m\libgcc.a(divdf3.o)
                                                  src/ASF/sam0/drivers/sercom/i2c/i2c_sam0/i2c_master.o
__aeabi_dmul                                      c:/program files (x86)/atmel/studio/7.0/toolchain/arm/arm-gnu-toolchain/bin/../lib/gcc/arm-none-eabi/6.2.1/thumb/v6-m\libgcc.a(muldf3.o)
                                                  src/ASF/sam0/drivers/sercom/i2c/i2c_sam0/i2c_master.o
__aeabi_dsub                                      c:/program files (x86)/atmel/studio/7.0/toolchain/arm/arm-gnu-toolchain/bin/../lib/gcc/arm-none-eabi/6.2.1/thumb/v6-m\libgcc.a(subdf3.o)
                                                  src/ASF/sam0/drivers/sercom/i2c/i2c_sam0/i2c_master.o
__aeabi_idiv0                                     c:/program files (x86)/atmel/studio/7.0/toolchain/arm/arm-gnu-toolchain/bin/../lib/gcc/arm-none-eabi/6.2.1/thumb/v6-m\libgcc.a(_dvmd_tls.o)
                                                  c:/program files (x86)/atmel/studio/7.0/toolchain/arm/arm-gnu-toolchain/bin/../lib/gcc/arm-none-eabi/6.2.1/thumb/v6-m\libgcc.a(_udivsi3.o)
__aeabi_ldiv0                                     c:/program files (x86)/atmel/studio/7.0/toolchain/arm/arm-gnu-toolchain/bin/../lib/gcc/arm-none-eabi/6.2.1/thumb/v6-m\libgcc.a(_dvmd_tls.o)
__aeabi_lmul                                      c:/program files (x86)/atmel/studio/7.0/toolchain/arm/arm-gnu-toolchain/bin/../lib/gcc/arm-none-eabi/6.2.1/thumb/v6-m\libgcc.a(_muldi3.o)
                                                  src/ASF/sam0/drivers/sercom/sercom.o
__aeabi_ui2d                                      c:/program files (x86)/atmel/studio/7.0/toolchain/arm/arm-gnu-toolchain/bin/../lib/gcc/arm-none-eabi/6.2.1/thumb/v6-m\libgcc.a(floatunsidf.o)
                                                  src/ASF/sam0/drivers/sercom/i2c/i2c_sam0/i2c_master.o
__aeabi_uidiv                                     c:/program files (x86)/atmel/studio/7.0/toolchain/arm/arm-gnu-toolchain/bin/../lib/gcc/arm-none-eabi/6.2.1/thumb/v6-m\libgcc.a(_udivsi3.o)
                                                  c:/program files (x86)/atmel/studio/7.0/toolchain/arm/arm-gnu-toolchain/bin/../lib/gcc/arm-none-eabi/6.2.1/thumb/v6-m\libgcc.a(divdf3.o)
                                                  src/ASF/sam0/drivers/system/clock/clock_samd21_r21_da_ha1/gclk.o
                                                  src/ASF/sam0/drivers/system/clock/clock_samd21_r21_da_ha1/clock.o
                                                  src/ASF/common2/services/delay/sam0/systick_counter.o
                                                  src/ASF/sam0/drivers/sercom/i2c/i2c_sam0/i2c_master.o
__aeabi_uidivmod                                  c:/program files (x86)/atmel/studio/7.0/toolchain/arm/arm-gnu-toolchain/bin/../lib/gcc/arm-none-eabi/6.2.1/thumb/v6-m\libgcc.a(_udivsi3.o)
                                                  c:/program files (x86)/atmel/studio/7.0/toolchain/arm/arm-gnu-toolchain/bin/../lib/gcc/arm-none-eabi/6.2.1/thumb/v6-m\libgcc.a(divdf3.o)
__bss_end__                                       c:/program files (x86)/atmel/studio/7.0/toolchain/arm/arm-gnu-toolchain/bin/../lib/gcc/arm-none-eabi/6.2.1/../../../../arm-none-eabi/lib/thumb/v6-m/crt0.o
__bss_start__                                     c:/program files (x86)/atmel/studio/7.0/toolchain/arm/arm-gnu-toolchain/bin/../lib/gcc/arm-none-eabi/6.2.1/../../../../arm-none-eabi/lib/thumb/v6-m/crt0.o
__call_exitprocs                                  c:/program files (x86)/atmel/studio/7.0/toolchain/arm/arm-gnu-toolchain/bin/../lib/gcc/arm-none-eabi/6.2.1/../../../../arm-none-eabi/lib/thumb/v6-m\libc_nano.a(lib_a-exit.o)
__clzsi2                                          c:/program files (x86)/atmel/studio/7.0/toolchain/arm/arm-gnu-toolchain/bin/../lib/gcc/arm-none-eabi/6.2.1/thumb/v6-m\libgcc.a(_clzsi2.o)
                                                  c:/program files (x86)/atmel/studio/7.0/toolchain/arm/arm-gnu-toolchain/bin/../lib/gcc/arm-none-eabi/6.2.1/thumb/v6-m\libgcc.a(floatunsidf.o)
                                                  c:/program files (x86)/atmel/studio/7.0/toolchain/arm/arm-gnu-toolchain/bin/../lib/gcc/arm-none-eabi/6.2.1/thumb/v6-m\libgcc.a(subdf3.o)
                                                  c:/program files (x86)/atmel/studio/7.0/toolchain/arm/arm-gnu-toolchain/bin/../lib/gcc/arm-none-eabi/6.2.1/thumb/v6-m\libgcc.a(muldf3.o)
                                                  c:/program files (x86)/atmel/studio/7.0/toolchain/arm/arm-gnu-toolchain/bin/../lib/gcc/arm-none-eabi/6.2.1/thumb/v6-m\libgcc.a(divdf3.o)
                                                  c:/program files (x86)/atmel/studio/7.0/toolchain/arm/arm-gnu-toolchain/bin/../lib/gcc/arm-none-eabi/6.2.1/thumb/v6-m\libgcc.a(adddf3.o)
__deregister_frame_info                           c:/program files (x86)/atmel/studio/7.0/toolchain/arm/arm-gnu-toolchain/bin/../lib/gcc/arm-none-eabi/6.2.1/thumb/v6-m/crtbegin.o
__dso_handle                                      c:/program files (x86)/atmel/studio/7.0/toolchain/arm/arm-gnu-toolchain/bin/../lib/gcc/arm-none-eabi/6.2.1/thumb/v6-m/crtbegin.o
__init_array_end                                  c:/program files (x86)/atmel/studio/7.0/toolchain/arm/arm-gnu-toolchain/bin/../lib/gcc/arm-none-eabi/6.2.1/../../../../arm-none-eabi/lib/thumb/v6-m\libc_nano.a(lib_a-init.o)
__init_array_start                                c:/program files (x86)/atmel/studio/7.0/toolchain/arm/arm-gnu-toolchain/bin/../lib/gcc/arm-none-eabi/6.2.1/../../../../arm-none-eabi/lib/thumb/v6-m\libc_nano.a(lib_a-init.o)
__libc_fini_array                                 c:/program files (x86)/atmel/studio/7.0/toolchain/arm/arm-gnu-toolchain/bin/../lib/gcc/arm-none-eabi/6.2.1/../../../../arm-none-eabi/lib/thumb/v6-m/crt0.o
__libc_init_array                                 c:/program files (x86)/atmel/studio/7.0/toolchain/arm/arm-gnu-toolchain/bin/../lib/gcc/arm-none-eabi/6.2.1/../../../../arm-none-eabi/lib/thumb/v6-m\libc_nano.a(lib_a-init.o)
                                                  src/ASF/sam0/utils/cmsis/samd21/source/gcc/startup_samd21.o
                                                  c:/program files (x86)/atmel/studio/7.0/toolchain/arm/arm-gnu-toolchain/bin/../lib/gcc/arm-none-eabi/6.2.1/../../../../arm-none-eabi/lib/thumb/v6-m/crt0.o
__malloc_free_list                                c:/program files (x86)/atmel/studio/7.0/toolchain/arm/arm-gnu-toolchain/bin/../lib/gcc/arm-none-eabi/6.2.1/../../../../arm-none-eabi/lib/thumb/v6-m\libc_nano.a(lib_a-nano-mallocr.o)
                                                  c:/program files (x86)/atmel/studio/7.0/toolchain/arm/arm-gnu-toolchain/bin/../lib/gcc/arm-none-eabi/6.2.1/../../../../arm-none-eabi/lib/thumb/v6-m\libc_nano.a(lib_a-nano-freer.o)
__malloc_lock                                     c:/program files (x86)/atmel/studio/7.0/toolchain/arm/arm-gnu-toolchain/bin/../lib/gcc/arm-none-eabi/6.2.1/../../../../arm-none-eabi/lib/thumb/v6-m\libc_nano.a(lib_a-mlock.o)
                                                  c:/program files (x86)/atmel/studio/7.0/toolchain/arm/arm-gnu-toolchain/bin/../lib/gcc/arm-none-eabi/6.2.1/../../../../arm-none-eabi/lib/thumb/v6-m\libc_nano.a(lib_a-nano-mallocr.o)
                                                  c:/program files (x86)/atmel/studio/7.0/toolchain/arm/arm-gnu-toolchain/bin/../lib/gcc/arm-none-eabi/6.2.1/../../../../arm-none-eabi/lib/thumb/v6-m\libc_nano.a(lib_a-nano-freer.o)
__malloc_sbrk_start                               c:/program files (x86)/atmel/studio/7.0/toolchain/arm/arm-gnu-toolchain/bin/../lib/gcc/arm-none-eabi/6.2.1/../../../../arm-none-eabi/lib/thumb/v6-m\libc_nano.a(lib_a-nano-mallocr.o)
__malloc_unlock                                   c:/program files (x86)/atmel/studio/7.0/toolchain/arm/arm-gnu-toolchain/bin/../lib/gcc/arm-none-eabi/6.2.1/../../../../arm-none-eabi/lib/thumb/v6-m\libc_nano.a(lib_a-mlock.o)
                                                  c:/program files (x86)/atmel/studio/7.0/toolchain/arm/arm-gnu-toolchain/bin/../lib/gcc/arm-none-eabi/6.2.1/../../../../arm-none-eabi/lib/thumb/v6-m\libc_nano.a(lib_a-nano-mallocr.o)
                                                  c:/program files (x86)/atmel/studio/7.0/toolchain/arm/arm-gnu-toolchain/bin/../lib/gcc/arm-none-eabi/6.2.1/../../../../arm-none-eabi/lib/thumb/v6-m\libc_nano.a(lib_a-nano-freer.o)
__muldi3                                          c:/program files (x86)/atmel/studio/7.0/toolchain/arm/arm-gnu-toolchain/bin/../lib/gcc/arm-none-eabi/6.2.1/thumb/v6-m\libgcc.a(_muldi3.o)
__preinit_array_end                               c:/program files (x86)/atmel/studio/7.0/toolchain/arm/arm-gnu-toolchain/bin/../lib/gcc/arm-none-eabi/6.2.1/../../../../arm-none-eabi/lib/thumb/v6-m\libc_nano.a(lib_a-init.o)
__preinit_array_start                             c:/program files (x86)/atmel/studio/7.0/toolchain/arm/arm-gnu-toolchain/bin/../lib/gcc/arm-none-eabi/6.2.1/../../../../arm-none-eabi/lib/thumb/v6-m\libc_nano.a(lib_a-init.o)
__register_frame_info                             c:/program files (x86)/atmel/studio/7.0/toolchain/arm/arm-gnu-toolchain/bin/../lib/gcc/arm-none-eabi/6.2.1/thumb/v6-m/crtbegin.o
__sf_fake_stderr                                  c:/program files (x86)/atmel/studio/7.0/toolchain/arm/arm-gnu-toolchain/bin/../lib/gcc/arm-none-eabi/6.2.1/../../../../arm-none-eabi/lib/thumb/v6-m\libc_nano.a(lib_a-impure.o)
__sf_fake_stdin                                   c:/program files (x86)/atmel/studio/7.0/toolchain/arm/arm-gnu-toolchain/bin/../lib/gcc/arm-none-eabi/6.2.1/../../../../arm-none-eabi/lib/thumb/v6-m\libc_nano.a(lib_a-impure.o)