Archive member included to satisfy reference by file (symbol)

c:/program files (x86)/atmel/studio/7.0/toolchain/arm/arm-gnu-toolchain/bin/../lib/gcc/arm-none-eabi/6.2.1/thumb/v6-m\libgcc.a(_udivsi3.o)
                              src/ASF/sam0/drivers/sercom/i2c/i2c_sam0/i2c_master.o (__aeabi_uidiv)
c:/program files (x86)/atmel/studio/7.0/toolchain/arm/arm-gnu-toolchain/bin/../lib/gcc/arm-none-eabi/6.2.1/thumb/v6-m\libgcc.a(_dvmd_tls.o)
                              c:/program files (x86)/atmel/studio/7.0/toolchain/arm/arm-gnu-toolchain/bin/../lib/gcc/arm-none-eabi/6.2.1/thumb/v6-m\libgcc.a(_udivsi3.o) (__aeabi_idiv0)
c:/program files (x86)/atmel/studio/7.0/toolchain/arm/arm-gnu-toolchain/bin/../lib/gcc/arm-none-eabi/6.2.1/thumb/v6-m\libgcc.a(_muldi3.o)
                              src/ASF/sam0/drivers/sercom/sercom.o (__aeabi_lmul)
c:/program files (x86)/atmel/studio/7.0/toolchain/arm/arm-gnu-toolchain/bin/../lib/gcc/arm-none-eabi/6.2.1/thumb/v6-m\libgcc.a(adddf3.o)
                              src/ASF/sam0/drivers/sercom/i2c/i2c_sam0/i2c_master.o (__aeabi_dadd)
c:/program files (x86)/atmel/studio/7.0/toolchain/arm/arm-gnu-toolchain/bin/../lib/gcc/arm-none-eabi/6.2.1/thumb/v6-m\libgcc.a(divdf3.o)
                              src/ASF/sam0/drivers/sercom/i2c/i2c_sam0/i2c_master.o (__aeabi_ddiv)
c:/program files (x86)/atmel/studio/7.0/toolchain/arm/arm-gnu-toolchain/bin/../lib/gcc/arm-none-eabi/6.2.1/thumb/v6-m\libgcc.a(muldf3.o)
                              src/ASF/sam0/drivers/sercom/i2c/i2c_sam0/i2c_master.o (__aeabi_dmul)
c:/program files (x86)/atmel/studio/7.0/toolchain/arm/arm-gnu-toolchain/bin/../lib/gcc/arm-none-eabi/6.2.1/thumb/v6-m\libgcc.a(subdf3.o)
                              src/ASF/sam0/drivers/sercom/i2c/i2c_sam0/i2c_master.o (__aeabi_dsub)
c:/program files (x86)/atmel/studio/7.0/toolchain/arm/arm-gnu-toolchain/bin/../lib/gcc/arm-none-eabi/6.2.1/thumb/v6-m\libgcc.a(fixdfsi.o)
                              src/ASF/sam0/drivers/sercom/i2c/i2c_sam0/i2c_master.o (__aeabi_d2iz)
c:/program files (x86)/atmel/studio/7.0/toolchain/arm/arm-gnu-toolchain/bin/../lib/gcc/arm-none-eabi/6.2.1/thumb/v6-m\libgcc.a(floatunsidf.o)
                              src/ASF/sam0/drivers/sercom/i2c/i2c_sam0/i2c_master.o (__aeabi_ui2d)
c:/program files (x86)/atmel/studio/7.0/toolchain/arm/arm-gnu-toolchain/bin/../lib/gcc/arm-none-eabi/6.2.1/thumb/v6-m\libgcc.a(_clzsi2.o)
                              c:/program files (x86)/atmel/studio/7.0/toolchain/arm/arm-gnu-toolchain/bin/../lib/gcc/arm-none-eabi/6.2.1/thumb/v6-m\libgcc.a(adddf3.o) (__clzsi2)
c:/program files (x86)/atmel/studio/7.0/toolchain/arm/arm-gnu-toolchain/bin/../lib/gcc/arm-none-eabi/6.2.1/../../../../arm-none-eabi/lib/thumb/v6-m\libc_nano.a(lib_a-exit.o)
                              c:/program files (x86)/atmel/studio/7.0/toolchain/arm/arm-gnu-toolchain/bin/../lib/gcc/arm-none-eabi/6.2.1/../../../../arm-none-eabi/lib/thumb/v6-m/crt0.o (exit)
c:/program files (x86)/atmel/studio/7.0/toolchain/arm/arm-gnu-toolchain/bin/../lib/gcc/arm-none-eabi/6.2.1/../../../../arm-none-eabi/lib/thumb/v6-m\libc_nano.a(lib_a-impure.o)
                              c:/program files (x86)/atmel/studio/7.0/toolchain/arm/arm-gnu-toolchain/bin/../lib/gcc/arm-none-eabi/6.2.1/../../../../arm-none-eabi/lib/thumb/v6-m\libc_nano.a(lib_a-exit.o) (_global_impure_ptr)
c:/program files (x86)/atmel/studio/7.0/toolchain/arm/arm-gnu-toolchain/bin/../lib/gcc/arm-none-eabi/6.2.1/../../../../arm-none-eabi/lib/thumb/v6-m\libc_nano.a(lib_a-init.o)
                              c:/program files (x86)/atmel/studio/7.0/toolchain/arm/arm-gnu-toolchain/bin/../lib/gcc/arm-none-eabi/6.2.1/../../../../arm-none-eabi/lib/thumb/v6-m/crt0.o (__libc_init_array)
c:/program files (x86)/atmel/studio/7.0/toolchain/arm/arm-gnu-toolchain/bin/../lib/gcc/arm-none-eabi/6.2.1/../../../../arm-none-eabi/lib/thumb/v6-m\libc_nano.a(lib_a-malloc.o)
                              src/FlutterADC.o (malloc)
c:/program files (x86)/atmel/studio/7.0/toolchain/arm/arm-gnu-toolchain/bin/../lib/gcc/arm-none-eabi/6.2.1/../../../../arm-none-eabi/lib/thumb/v6-m\libc_nano.a(lib_a-memcpy-stub.o)
                              src/ASF/sam0/drivers/tc/tc_sam_d_r_h/tc.o (memcpy)
c:/program files (x86)/atmel/studio/7.0/toolchain/arm/arm-gnu-toolchain/bin/../lib/gcc/arm-none-eabi/6.2.1/../../../../arm-none-eabi/lib/thumb/v6-m\libc_nano.a(lib_a-memset.o)
                              c:/program files (x86)/atmel/studio/7.0/toolchain/arm/arm-gnu-toolchain/bin/../lib/gcc/arm-none-eabi/6.2.1/../../../../arm-none-eabi/lib/thumb/v6-m/crt0.o (memset)
c:/program files (x86)/atmel/studio/7.0/toolchain/arm/arm-gnu-toolchain/bin/../lib/gcc/arm-none-eabi/6.2.1/../../../../arm-none-eabi/lib/thumb/v6-m\libc_nano.a(lib_a-nano-freer.o)
                              c:/program files (x86)/atmel/studio/7.0/toolchain/arm/arm-gnu-toolchain/bin/../lib/gcc/arm-none-eabi/6.2.1/../../../../arm-none-eabi/lib/thumb/v6-m\libc_nano.a(lib_a-malloc.o) (_free_r)
[...]
Memory Configuration

Name             Origin             Length             Attributes
rom              0x00000000         0x00040000         xr
ram              0x20000000         0x00008000         xrw
*default*        0x00000000         0xffffffff

Linker script and memory map

LOAD c:/program files (x86)/atmel/studio/7.0/toolchain/arm/arm-gnu-toolchain/bin/../lib/gcc/arm-none-eabi/6.2.1/thumb/v6-m/crti.o
LOAD c:/program files (x86)/atmel/studio/7.0/toolchain/arm/arm-gnu-toolchain/bin/../lib/gcc/arm-none-eabi/6.2.1/thumb/v6-m/crtbegin.o
LOAD c:/program files (x86)/atmel/studio/7.0/toolchain/arm/arm-gnu-toolchain/bin/../lib/gcc/arm-none-eabi/6.2.1/../../../../arm-none-eabi/lib/thumb/v6-m/crt0.o
LOAD src/ASF/sam0/drivers/port/port.o
LOAD src/ASF/sam0/drivers/sercom/i2c/i2c_sam0/i2c_master.o
LOAD src/ASF/sam0/drivers/sercom/i2c/i2c_sam0/i2c_master_interrupt.o
LOAD src/ASF/sam0/drivers/tcc/tcc.o
LOAD src/ASF/sam0/drivers/tcc/tcc_callback.o
LOAD src/ASF/sam0/drivers/tc/tc_interrupt.o
LOAD src/ASF/sam0/drivers/tc/tc_sam_d_r_h/tc.o
LOAD src/FlutterCheckInputs.o
LOAD src/FlutterCheckOutputs.o
LOAD src/FlutterI2CMaster.o
LOAD src/FlutterInputControl.o
LOAD src/FlutterOutputsControl.o
LOAD src/FlutterServoOutput.o
LOAD src/FlutterUARTSendData.o
LOAD src/ASF/common2/services/delay/sam0/systick_counter.o
LOAD src/ASF/sam0/drivers/adc/adc_sam_d_r_h/adc.o
LOAD src/ASF/sam0/drivers/adc/adc_sam_d_r_h/adc_callback.o
LOAD src/ASF/sam0/drivers/sercom/sercom.o
LOAD src/ASF/sam0/drivers/sercom/sercom_interrupt.o
LOAD src/ASF/sam0/drivers/sercom/usart/usart.o
LOAD src/ASF/sam0/drivers/sercom/usart/usart_interrupt.o
LOAD src/FlutterADC.o
LOAD src/FlutterBLEUART.o
LOAD src/FlutterReadAnalogSensor.o
LOAD src/FlutterReadSensors.o
LOAD src/FlutterUART.o
LOAD src/FlutterOutputSensorscheck.o
LOAD src/ASF/common2/boards/user_board/init.o
LOAD src/ASF/common/utils/interrupt/interrupt_sam_nvic.o
LOAD src/ASF/sam0/drivers/system/clock/clock_samd21_r21_da_ha1/clock.o
LOAD src/ASF/sam0/drivers/system/clock/clock_samd21_r21_da_ha1/gclk.o
LOAD src/ASF/sam0/drivers/system/interrupt/system_interrupt.o
LOAD src/ASF/sam0/drivers/system/pinmux/pinmux.o
LOAD src/ASF/sam0/drivers/system/system.o
LOAD src/ASF/sam0/utils/cmsis/samd21/source/gcc/startup_samd21.o
LOAD src/ASF/sam0/utils/cmsis/samd21/source/system_samd21.o
LOAD src/ASF/sam0/utils/syscalls/gcc/syscalls.o
LOAD src/main.o
START GROUP
LOAD ../src/ASF/thirdparty/CMSIS/Lib/GCC\libarm_cortexM0l_math.a
LOAD c:/program files (x86)/atmel/studio/7.0/toolchain/arm/arm-gnu-toolchain/bin/../lib/gcc/arm-none-eabi/6.2.1/../../../../arm-none-eabi/lib/thumb/v6-m\libm.a
END GROUP
START GROUP
LOAD c:/program files (x86)/atmel/studio/7.0/toolchain/arm/arm-gnu-toolchain/bin/../lib/gcc/arm-none-eabi/6.2.1/thumb/v6-m\libgcc.a
LOAD c:/program files (x86)/atmel/studio/7.0/toolchain/arm/arm-gnu-toolchain/bin/../lib/gcc/arm-none-eabi/6.2.1/../../../../arm-none-eabi/lib/thumb/v6-m\libc_nano.a
END GROUP
START GROUP
LOAD c:/program files (x86)/atmel/studio/7.0/toolchain/arm/arm-gnu-toolchain/bin/../lib/gcc/arm-none-eabi/6.2.1/thumb/v6-m\libgcc.a
LOAD c:/program files (x86)/atmel/studio/7.0/toolchain/arm/arm-gnu-toolchain/bin/../lib/gcc/arm-none-eabi/6.2.1/../../../../arm-none-eabi/lib/thumb/v6-m\libc_nano.a
END GROUP
LOAD c:/program files (x86)/atmel/studio/7.0/toolchain/arm/arm-gnu-toolchain/bin/../lib/gcc/arm-none-eabi/6.2.1/thumb/v6-m/crtend.o
LOAD c:/program files (x86)/atmel/studio/7.0/toolchain/arm/arm-gnu-toolchain/bin/../lib/gcc/arm-none-eabi/6.2.1/thumb/v6-m/crtn.o
                0x00002000                STACK_SIZE = DEFINED (STACK_SIZE)?STACK_SIZE:DEFINED (__stack_size__)?__stack_size__:0x2000

.text           0x00000000     0x5b30
                0x00000000                . = ALIGN (0x4)
                0x00000000                _sfixed = .
 *(.vectors .vectors.*)
 .vectors       0x00000000       0xb4 src/ASF/sam0/utils/cmsis/samd21/source/gcc/startup_samd21.o
                0x00000000                exception_table
 *(.text .text.* .gnu.linkonce.t.*)
 .text          0x000000b4       0x60 c:/program files (x86)/atmel/studio/7.0/toolchain/arm/arm-gnu-toolchain/bin/../lib/gcc/arm-none-eabi/6.2.1/thumb/v6-m/crtbegin.o
 .text.port_pin_set_config
                0x00000114       0x24 src/ASF/sam0/drivers/port/port.o
                0x00000114                port_pin_set_config
 .text._i2c_master_wait_for_sync
                0x00000138        0xc src/ASF/sam0/drivers/sercom/i2c/i2c_sam0/i2c_master.o
 .text.i2c_master_init
                0x00000144      0x2f8 src/ASF/sam0/drivers/sercom/i2c/i2c_sam0/i2c_master.o
                0x00000144                i2c_master_init
 .text._i2c_master_address_response
                0x0000043c       0x30 src/ASF/sam0/drivers/sercom/i2c/i2c_sam0/i2c_master.o
                0x0000043c                _i2c_master_address_response
 .text._i2c_master_wait_for_bus
                0x0000046c       0x2c src/ASF/sam0/drivers/sercom/i2c/i2c_sam0/i2c_master.o
                0x0000046c                _i2c_master_wait_for_bus
 .text._i2c_master_send_hs_master_code
                0x00000498       0x20 src/ASF/sam0/drivers/sercom/i2c/i2c_sam0/i2c_master.o
                0x00000498                _i2c_master_send_hs_master_code
 .text._i2c_master_read_packet
                0x000004b8      0x1a0 src/ASF/sam0/drivers/sercom/i2c/i2c_sam0/i2c_master.o
 .text.i2c_master_read_packet_wait
                0x00000658       0x24 src/ASF/sam0/drivers/sercom/i2c/i2c_sam0/i2c_master.o
                0x00000658                i2c_master_read_packet_wait
 .text._i2c_master_wait_for_sync
                0x0000067c        0xc src/ASF/sam0/drivers/sercom/i2c/i2c_sam0/i2c_master_interrupt.o
 .text._i2c_master_read
                0x00000688       0x88 src/ASF/sam0/drivers/sercom/i2c/i2c_sam0/i2c_master_interrupt.o
 .text._i2c_master_write
                0x00000710       0x3c src/ASF/sam0/drivers/sercom/i2c/i2c_sam0/i2c_master_interrupt.o
 .text._i2c_master_write_packet
                0x0000074c       0x68 src/ASF/sam0/drivers/sercom/i2c/i2c_sam0/i2c_master_interrupt.o
 .text.i2c_master_register_callback
                0x000007b4       0x16 src/ASF/sam0/drivers/sercom/i2c/i2c_sam0/i2c_master_interrupt.o
                0x000007b4                i2c_master_register_callback
 *fill*         0x000007ca        0x2 
 .text.i2c_master_write_packet_job
                0x000007cc       0x24 src/ASF/sam0/drivers/sercom/i2c/i2c_sam0/i2c_master_interrupt.o
                0x000007cc                i2c_master_write_packet_job
 .text._i2c_master_interrupt_handler
                0x000007f0      0x1ec src/ASF/sam0/drivers/sercom/i2c/i2c_sam0/i2c_master_interrupt.o
                0x000007f0                _i2c_master_interrupt_handler
 .text._tcc_interrupt_handler
                0x000009dc       0x4c src/ASF/sam0/drivers/tcc/tcc_callback.o
                0x000009dc                _tcc_interrupt_handler
 .text.TCC0_Handler
                0x00000a28       0x10 src/ASF/sam0/drivers/tcc/tcc_callback.o
                0x00000a28                TCC0_Handler
 .text.TCC1_Handler
                0x00000a38       0x10 src/ASF/sam0/drivers/tcc/tcc_callback.o
                0x00000a38                TCC1_Handler
 .text.TCC2_Handler
                0x00000a48       0x10 src/ASF/sam0/drivers/tcc/tcc_callback.o
                0x00000a48                TCC2_Handler
 .text.tc_register_callback
                0x00000a58       0x32 src/ASF/sam0/drivers/tc/tc_interrupt.o
                0x00000a58                tc_register_callback
 *fill*         0x00000a8a        0x2 
 .text._tc_interrupt_handler
                0x00000a8c       0x64 src/ASF/sam0/drivers/tc/tc_interrupt.o
                0x00000a8c                _tc_interrupt_handler
 .text.TC3_Handler
                0x00000af0       0x10 src/ASF/sam0/drivers/tc/tc_interrupt.o
                0x00000af0                TC3_Handler
 .text.TC4_Handler
                0x00000b00       0x10 src/ASF/sam0/drivers/tc/tc_interrupt.o
                0x00000b00                TC4_Handler
 .text.TC5_Handler
                0x00000b10       0x10 src/ASF/sam0/drivers/tc/tc_interrupt.o
                0x00000b10                TC5_Handler
 .text.TC6_Handler
                0x00000b20       0x10 src/ASF/sam0/drivers/tc/tc_interrupt.o
                0x00000b20                TC6_Handler
 .text.TC7_Handler
                0x00000b30       0x10 src/ASF/sam0/drivers/tc/tc_interrupt.o
                0x00000b30                TC7_Handler
 .text._tc_get_inst_index
                0x00000b40       0x3c src/ASF/sam0/drivers/tc/tc_sam_d_r_h/tc.o
                0x00000b40                _tc_get_inst_index
 .text.tc_init  0x00000b7c      0x240 src/ASF/sam0/drivers/tc/tc_sam_d_r_h/tc.o
                0x00000b7c                tc_init
 .text.resetInput
                0x00000dbc       0x1c src/FlutterCheckInputs.o
                0x00000dbc                resetInput
 .text.selectLineLow
                0x00000dd8       0x60 src/FlutterCheckInputs.o
                0x00000dd8                selectLineLow
 .text.selectLineDisable
                0x00000e38       0x40 src/FlutterCheckInputs.o
                0x00000e38                selectLineDisable
 .text.checkSetInputs
                0x00000e78       0xec src/FlutterCheckInputs.o
                0x00000e78                checkSetInputs
 .text.resetOutput
                0x00000f64       0x1c src/FlutterCheckOutputs.o
                0x00000f64                resetOutput
 .text.checkSetOutputs
                0x00000f80       0xe4 src/FlutterCheckOutputs.o
                0x00000f80                checkSetOutputs
 .text._i2c_master_wait_for_sync
                0x00001064        0xc src/FlutterI2CMaster.o
 .text.i2c_read_complete_callback_1
                0x00001070        0xc src/FlutterI2CMaster.o
                0x00001070                i2c_read_complete_callback_1
 .text.i2c_read_complete_callback_2
                0x0000107c        0xc src/FlutterI2CMaster.o
                0x0000107c                i2c_read_complete_callback_2
 .text.i2c_read_complete_callback_3
                0x00001088        0xc src/FlutterI2CMaster.o
                0x00001088                i2c_read_complete_callback_3
 .text.i2c_read_complete_callback_sensors
                0x00001094        0x2 src/FlutterI2CMaster.o
                0x00001094                i2c_read_complete_callback_sensors
 *fill*         0x00001096        0x2 
 .text.i2c_write_complete_callback_1
                0x00001098        0xc src/FlutterI2CMaster.o
                0x00001098                i2c_write_complete_callback_1
 .text.i2c_write_complete_callback_2
                0x000010a4        0xc src/FlutterI2CMaster.o
                0x000010a4                i2c_write_complete_callback_2
 .text.i2c_write_complete_callback_3
                0x000010b0        0xc src/FlutterI2CMaster.o
                0x000010b0                i2c_write_complete_callback_3
 .text.i2c_write_complete_callback_4
                0x000010bc        0xc src/FlutterI2CMaster.o
                0x000010bc                i2c_write_complete_callback_4
 .text.i2c_write_complete_callback_sensors
                0x000010c8        0x2 src/FlutterI2CMaster.o
                0x000010c8                i2c_write_complete_callback_sensors
 *fill*         0x000010ca        0x2 
 .text.I2CRead  0x000010cc      0x2e4 src/FlutterI2CMaster.o
                0x000010cc                I2CRead
 .text.I2CWrite
                0x000013b0       0x54 src/FlutterI2CMaster.o
                0x000013b0                I2CWrite
 .text.initializeI2CModules
                0x00001404      0x1a4 src/FlutterI2CMaster.o
                0x00001404                initializeI2CModules
 .text.enableI2CModule
                0x000015a8      0x1a8 src/FlutterI2CMaster.o
                0x000015a8                enableI2CModule
 .text.disableI2CModule
                0x00001750      0x140 src/FlutterI2CMaster.o
                0x00001750                disableI2CModule
 .text.checkSendInputs
                0x00001890       0xbc src/FlutterInputControl.o
                0x00001890                checkSendInputs
 .text.checkSendOutputs
                0x0000194c       0xa0 src/FlutterOutputsControl.o
                0x0000194c                checkSendOutputs
 .text.sendInfoCallback
                0x000019ec       0x38 src/FlutterUARTSendData.o
                0x000019ec                sendInfoCallback
 .text.configureTimer
                0x00001a24       0x70 src/FlutterUARTSendData.o
                0x00001a24                configureTimer
 .text.arrangeSensorData
                0x00001a94       0x98 src/FlutterUARTSendData.o
                0x00001a94                arrangeSensorData
 .text.sendDataBLE
                0x00001b2c       0x3c src/FlutterUARTSendData.o
                0x00001b2c                sendDataBLE
 .text.configureTimerCallbacks
                0x00001b68       0x4c src/FlutterUARTSendData.o
                0x00001b68                configureTimerCallbacks
 .text.configureSendInfo
                0x00001bb4       0x14 src/FlutterUARTSendData.o
                0x00001bb4                configureSendInfo
 .text.delay_init
                0x00001bc8       0x40 src/ASF/common2/services/delay/sam0/systick_counter.o
                0x00001bc8                delay_init
 .text.delay_cycles_ms
                0x00001c08       0x2c src/ASF/common2/services/delay/sam0/systick_counter.o
                0x00001c08                delay_cycles_ms
 .text.adc_get_config_defaults
                0x00001c34       0x46 src/ASF/sam0/drivers/adc/adc_sam_d_r_h/adc.o
                0x00001c34                adc_get_config_defaults
 *fill*         0x00001c7a        0x2 
 .text.adc_init
                0x00001c7c      0x428 src/ASF/sam0/drivers/adc/adc_sam_d_r_h/adc.o
                0x00001c7c                adc_init
 .text.ADC_Handler
                0x000020a4       0xc0 src/ASF/sam0/drivers/adc/adc_sam_d_r_h/adc_callback.o
                0x000020a4                ADC_Handler
 .text.long_division
                0x00002164       0xba src/ASF/sam0/drivers/sercom/sercom.o
 .text._sercom_get_sync_baud_val
                0x0000221e       0x28 src/ASF/sam0/drivers/sercom/sercom.o
                0x0000221e                _sercom_get_sync_baud_val
 *fill*         0x00002246        0x2 
 .text._sercom_get_async_baud_val
                0x00002248       0x94 src/ASF/sam0/drivers/sercom/sercom.o
                0x00002248                _sercom_get_async_baud_val
 .text.sercom_set_gclk_generator
                0x000022dc       0x4c src/ASF/sam0/drivers/sercom/sercom.o
                0x000022dc                sercom_set_gclk_generator
 .text._sercom_get_default_pad
                0x00002328      0x178 src/ASF/sam0/drivers/sercom/sercom.o
                0x00002328                _sercom_get_default_pad
 .text._sercom_get_sercom_inst_index
                0x000024a0       0x38 src/ASF/sam0/drivers/sercom/sercom.o
                0x000024a0                _sercom_get_sercom_inst_index
 .text._sercom_default_handler
                0x000024d8        0x2 src/ASF/sam0/drivers/sercom/sercom_interrupt.o
 *fill*         0x000024da        0x2 
 .text._sercom_set_handler
                0x000024dc       0x3c src/ASF/sam0/drivers/sercom/sercom_interrupt.o
                0x000024dc                _sercom_set_handler
 .text._sercom_get_interrupt_vector
                0x00002518       0x30 src/ASF/sam0/drivers/sercom/sercom_interrupt.o
                0x00002518                _sercom_get_interrupt_vector
 .text.SERCOM0_Handler
                0x00002548       0x10 src/ASF/sam0/drivers/sercom/sercom_interrupt.o
                0x00002548                SERCOM0_Handler
 .text.SERCOM1_Handler
                0x00002558       0x10 src/ASF/sam0/drivers/sercom/sercom_interrupt.o
                0x00002558                SERCOM1_Handler
 .text.SERCOM2_Handler
                0x00002568       0x10 src/ASF/sam0/drivers/sercom/sercom_interrupt.o
                0x00002568                SERCOM2_Handler
 .text.SERCOM3_Handler
                0x00002578       0x10 src/ASF/sam0/drivers/sercom/sercom_interrupt.o
                0x00002578                SERCOM3_Handler
 .text.SERCOM4_Handler
                0x00002588       0x10 src/ASF/sam0/drivers/sercom/sercom_interrupt.o
                0x00002588                SERCOM4_Handler
 .text.SERCOM5_Handler
                0x00002598       0x10 src/ASF/sam0/drivers/sercom/sercom_interrupt.o
                0x00002598                SERCOM5_Handler
 .text.usart_init
                0x000025a8      0x344 src/ASF/sam0/drivers/sercom/usart/usart.o
                0x000025a8                usart_init
 .text.usart_write_wait
                0x000028ec       0x2c src/ASF/sam0/drivers/sercom/usart/usart.o
                0x000028ec                usart_write_wait
 .text.usart_write_buffer_wait
                0x00002918       0xc0 src/ASF/sam0/drivers/sercom/usart/usart.o
                0x00002918                usart_write_buffer_wait
 .text._usart_read_buffer
                0x000029d8       0x50 src/ASF/sam0/drivers/sercom/usart/usart_interrupt.o
                0x000029d8                _usart_read_buffer
 .text.usart_register_callback
                0x00002a28       0x18 src/ASF/sam0/drivers/sercom/usart/usart_interrupt.o
                0x00002a28                usart_register_callback
 .text.usart_read_buffer_job
                0x00002a40       0x20 src/ASF/sam0/drivers/sercom/usart/usart_interrupt.o
                0x00002a40                usart_read_buffer_job
 .text._usart_interrupt_handler
                0x00002a60      0x150 src/ASF/sam0/drivers/sercom/usart/usart_interrupt.o
                0x00002a60                _usart_interrupt_handler
 .text.configureADC
                0x00002bb0       0x88 src/FlutterADC.o
                0x00002bb0                configureADC
 .text.adc_start_read_result
                0x00002c38       0xc0 src/FlutterADC.o
                0x00002c38                adc_start_read_result
 .text.UARTReceiveBytes
                0x00002cf8       0x40 src/FlutterBLEUART.o
                0x00002cf8                UARTReceiveBytes
 .text.transferLEDMatrixValues
                0x00002d38       0x5c src/FlutterBLEUART.o
                0x00002d38                transferLEDMatrixValues
 .text.checkUART
                0x00002d94       0xe0 src/FlutterBLEUART.o
                0x00002d94                checkUART
 .text.readSensors
                0x00002e74       0x7c src/FlutterReadSensors.o
                0x00002e74                readSensors
 .text.usart_read_callback
                0x00002ef0       0x48 src/FlutterUART.o
 .text.serialInit
                0x00002f38       0xe8 src/FlutterUART.o
                0x00002f38                serialInit
 .text.inputOutputConnection
                0x00003020       0x50 src/FlutterOutputSensorscheck.o
                0x00003020                inputOutputConnection
 .text.convertAnalogOutputs
                0x00003070      0x104 src/FlutterOutputSensorscheck.o
                0x00003070                convertAnalogOutputs
 .text.convertAnalogInputs
                0x00003174       0xf4 src/FlutterOutputSensorscheck.o
                0x00003174                convertAnalogInputs
 .text.checkOutputs
                0x00003268       0x30 src/FlutterOutputSensorscheck.o
                0x00003268                checkOutputs
 .text.checkInputs
                0x00003298       0x2c src/FlutterOutputSensorscheck.o
                0x00003298                checkInputs
 .text.loadIdentifier
                0x000032c4       0x5c src/FlutterOutputSensorscheck.o
                0x000032c4                loadIdentifier
 .text.checkOutputsInputs
                0x00003320       0x1c src/FlutterOutputSensorscheck.o
                0x00003320                checkOutputsInputs
 .text.configureInputOutputDetection
                0x0000333c        0xc src/FlutterOutputSensorscheck.o
                0x0000333c                configureInputOutputDetection
 .text.system_board_init
                0x00003348        0x2 src/ASF/common2/boards/user_board/init.o
                0x00003348                board_init
                0x00003348                system_board_init
 *fill*         0x0000334a        0x2 
 .text.cpu_irq_enter_critical
                0x0000334c       0x40 src/ASF/common/utils/interrupt/interrupt_sam_nvic.o
                0x0000334c                cpu_irq_enter_critical
 .text.cpu_irq_leave_critical
                0x0000338c       0x30 src/ASF/common/utils/interrupt/interrupt_sam_nvic.o
                0x0000338c                cpu_irq_leave_critical
 .text.system_clock_source_get_hz
                0x000033bc       0x90 src/ASF/sam0/drivers/system/clock/clock_samd21_r21_da_ha1/clock.o
                0x000033bc                system_clock_source_get_hz
 .text.system_clock_source_osc8m_set_config
                0x0000344c       0x3c src/ASF/sam0/drivers/system/clock/clock_samd21_r21_da_ha1/clock.o
                0x0000344c                system_clock_source_osc8m_set_config
 .text.system_clock_source_osc32k_set_config
                0x00003488       0x7c src/ASF/sam0/drivers/system/clock/clock_samd21_r21_da_ha1/clock.o
                0x00003488                system_clock_source_osc32k_set_config
 .text.system_clock_source_dfll_set_config
                0x00003504       0x80 src/ASF/sam0/drivers/system/clock/clock_samd21_r21_da_ha1/clock.o
                0x00003504                system_clock_source_dfll_set_config
 .text.system_clock_source_enable
                0x00003584       0xa8 src/ASF/sam0/drivers/system/clock/clock_samd21_r21_da_ha1/clock.o
                0x00003584                system_clock_source_enable
 .text.system_clock_init
                0x0000362c      0x17c src/ASF/sam0/drivers/system/clock/clock_samd21_r21_da_ha1/clock.o
                0x0000362c                system_clock_init
 .text.system_gclk_init
                0x000037a8       0x24 src/ASF/sam0/drivers/system/clock/clock_samd21_r21_da_ha1/gclk.o
                0x000037a8                system_gclk_init
 .text.system_gclk_gen_set_config
                0x000037cc       0xb8 src/ASF/sam0/drivers/system/clock/clock_samd21_r21_da_ha1/gclk.o
                0x000037cc                system_gclk_gen_set_config
 .text.system_gclk_gen_enable
                0x00003884       0x44 src/ASF/sam0/drivers/system/clock/clock_samd21_r21_da_ha1/gclk.o
                0x00003884                system_gclk_gen_enable
 .text.system_gclk_gen_get_hz
                0x000038c8       0x8c src/ASF/sam0/drivers/system/clock/clock_samd21_r21_da_ha1/gclk.o
                0x000038c8                system_gclk_gen_get_hz
 .text.system_gclk_chan_enable
                0x00003954       0x30 src/ASF/sam0/drivers/system/clock/clock_samd21_r21_da_ha1/gclk.o
                0x00003954                system_gclk_chan_enable
 .text.system_gclk_chan_disable
                0x00003984       0x5c src/ASF/sam0/drivers/system/clock/clock_samd21_r21_da_ha1/gclk.o
                0x00003984                system_gclk_chan_disable
 .text.system_gclk_chan_set_config
                0x000039e0       0x1c src/ASF/sam0/drivers/system/clock/clock_samd21_r21_da_ha1/gclk.o
                0x000039e0                system_gclk_chan_set_config
 .text.system_gclk_chan_get_hz
                0x000039fc       0x34 src/ASF/sam0/drivers/system/clock/clock_samd21_r21_da_ha1/gclk.o
                0x000039fc                system_gclk_chan_get_hz
 .text._system_pinmux_config
                0x00003a30       0xa8 src/ASF/sam0/drivers/system/pinmux/pinmux.o
 .text.system_pinmux_pin_set_config
                0x00003ad8       0x30 src/ASF/sam0/drivers/system/pinmux/pinmux.o
                0x00003ad8                system_pinmux_pin_set_config
 .text._system_dummy_init
                0x00003b08        0x2 src/ASF/sam0/drivers/system/system.o
                0x00003b08                _system_extint_init
                0x00003b08                _system_events_init
                0x00003b08                _system_dummy_init
                0x00003b08                _system_divas_init
 *fill*         0x00003b0a        0x2 
 .text.system_init
                0x00003b0c       0x2c src/ASF/sam0/drivers/system/system.o
                0x00003b0c                system_init
 .text.Dummy_Handler
                0x00003b38        0x2 src/ASF/sam0/utils/cmsis/samd21/source/gcc/startup_samd21.o
                0x00003b38                DMAC_Handler
                0x00003b38                HardFault_Handler
                0x00003b38                AC_Handler
                0x00003b38                SysTick_Handler
                0x00003b38                PendSV_Handler
                0x00003b38                NMI_Handler
                0x00003b38                RTC_Handler
                0x00003b38                EIC_Handler
                0x00003b38                WDT_Handler
                0x00003b38                USB_Handler
                0x00003b38                Dummy_Handler
                0x00003b38                PM_Handler
                0x00003b38                SVC_Handler
                0x00003b38                EVSYS_Handler
                0x00003b38                I2S_Handler
                0x00003b38                NVMCTRL_Handler
                0x00003b38                DAC_Handler
                0x00003b38                PTC_Handler
                0x00003b38                SYSCTRL_Handler
 *fill*         0x00003b3a        0x2 
 .text.Reset_Handler
                0x00003b3c       0xe4 src/ASF/sam0/utils/cmsis/samd21/source/gcc/startup_samd21.o
                0x00003b3c                Reset_Handler
 .text._sbrk    0x00003c20       0x24 src/ASF/sam0/utils/syscalls/gcc/syscalls.o
                0x00003c20                _sbrk
 .text.main     0x00003c44       0x80 src/main.o
                0x00003c44                main
 .text          0x00003cc4      0x114 c:/program files (x86)/atmel/studio/7.0/toolchain/arm/arm-gnu-toolchain/bin/../lib/gcc/arm-none-eabi/6.2.1/thumb/v6-m\libgcc.a(_udivsi3.o)
                0x00003cc4                __aeabi_uidiv
                0x00003cc4                __udivsi3
                0x00003dd0                __aeabi_uidivmod
 .text          0x00003dd8        0x4 c:/program files (x86)/atmel/studio/7.0/toolchain/arm/arm-gnu-toolchain/bin/../lib/gcc/arm-none-eabi/6.2.1/thumb/v6-m\libgcc.a(_dvmd_tls.o)
                0x00003dd8                __aeabi_idiv0
                0x00003dd8                __aeabi_ldiv0
 .text          0x00003ddc       0x54 c:/program files (x86)/atmel/studio/7.0/toolchain/arm/arm-gnu-toolchain/bin/../lib/gcc/arm-none-eabi/6.2.1/thumb/v6-m\libgcc.a(_muldi3.o)
                0x00003ddc                __muldi3
                0x00003ddc                __aeabi_lmul
 .text          0x00003e30      0x620 c:/program files (x86)/atmel/studio/7.0/toolchain/arm/arm-gnu-toolchain/bin/../lib/gcc/arm-none-eabi/6.2.1/thumb/v6-m\libgcc.a(adddf3.o)
                0x00003e30                __aeabi_dadd
 .text          0x00004450      0x668 c:/program files (x86)/atmel/studio/7.0/toolchain/arm/arm-gnu-toolchain/bin/../lib/gcc/arm-none-eabi/6.2.1/thumb/v6-m\libgcc.a(divdf3.o)
                0x00004450                __aeabi_ddiv
 .text          0x00004ab8      0x500 c:/program files (x86)/atmel/studio/7.0/toolchain/arm/arm-gnu-toolchain/bin/../lib/gcc/arm-none-eabi/6.2.1/thumb/v6-m\libgcc.a(muldf3.o)
                0x00004ab8                __aeabi_dmul
 .text          0x00004fb8      0x62c c:/program files (x86)/atmel/studio/7.0/toolchain/arm/arm-gnu-toolchain/bin/../lib/gcc/arm-none-eabi/6.2.1/thumb/v6-m\libgcc.a(subdf3.o)
                0x00004fb8                __aeabi_dsub
 .text          0x000055e4       0x68 c:/program files (x86)/atmel/studio/7.0/toolchain/arm/arm-gnu-toolchain/bin/../lib/gcc/arm-none-eabi/6.2.1/thumb/v6-m\libgcc.a(fixdfsi.o)
                0x000055e4                __aeabi_d2iz
 .text          0x0000564c       0x70 c:/program files (x86)/atmel/studio/7.0/toolchain/arm/arm-gnu-toolchain/bin/../lib/gcc/arm-none-eabi/6.2.1/thumb/v6-m\libgcc.a(floatunsidf.o)
                0x0000564c                __aeabi_ui2d
 .text          0x000056bc       0x3c c:/program files (x86)/atmel/studio/7.0/toolchain/arm/arm-gnu-toolchain/bin/../lib/gcc/arm-none-eabi/6.2.1/thumb/v6-m\libgcc.a(_clzsi2.o)
                0x000056bc                __clzsi2
 .text.__libc_init_array
                0x000056f8       0x48 c:/program files (x86)/atmel/studio/7.0/toolchain/arm/arm-gnu-toolchain/bin/../lib/gcc/arm-none-eabi/6.2.1/../../../../arm-none-eabi/lib/thumb/v6-m\libc_nano.a(lib_a-init.o)
                0x000056f8                __libc_init_array
 .text.malloc   0x00005740       0x14 c:/program files (x86)/atmel/studio/7.0/toolchain/arm/arm-gnu-toolchain/bin/../lib/gcc/arm-none-eabi/6.2.1/../../../../arm-none-eabi/lib/thumb/v6-m\libc_nano.a(lib_a-malloc.o)
                0x00005740                malloc
 .text.memcpy   0x00005754       0x12 c:/program files (x86)/atmel/studio/7.0/toolchain/arm/arm-gnu-toolchain/bin/../lib/gcc/arm-none-eabi/6.2.1/../../../../arm-none-eabi/lib/thumb/v6-m\libc_nano.a(lib_a-memcpy-stub.o)
                0x00005754                memcpy
 *fill*         0x00005766        0x2 
 .text._malloc_r
                0x00005768       0xbc c:/program files (x86)/atmel/studio/7.0/toolchain/arm/arm-gnu-toolchain/bin/../lib/gcc/arm-none-eabi/6.2.1/../../../../arm-none-eabi/lib/thumb/v6-m\libc_nano.a(lib_a-nano-mallocr.o)
                0x00005768                _malloc_r
 .text._sbrk_r  0x00005824       0x24 c:/program files (x86)/atmel/studio/7.0/toolchain/arm/arm-gnu-toolchain/bin/../lib/gcc/arm-none-eabi/6.2.1/../../../../arm-none-eabi/lib/thumb/v6-m\libc_nano.a(lib_a-sbrkr.o)
                0x00005824                _sbrk_r
 .text.__malloc_lock
                0x00005848        0x2 c:/program files (x86)/atmel/studio/7.0/toolchain/arm/arm-gnu-toolchain/bin/../lib/gcc/arm-none-eabi/6.2.1/../../../../arm-none-eabi/lib/thumb/v6-m\libc_nano.a(lib_a-mlock.o)
                0x00005848                __malloc_lock
 .text.__malloc_unlock
                0x0000584a        0x2 c:/program files (x86)/atmel/studio/7.0/toolchain/arm/arm-gnu-toolchain/bin/../lib/gcc/arm-none-eabi/6.2.1/../../../../arm-none-eabi/lib/thumb/v6-m\libc_nano.a(lib_a-mlock.o)
                0x0000584a                __malloc_unlock
 *(.glue_7t)
 .glue_7t       0x0000584c        0x0 linker stubs
 *(.glue_7)
 .glue_7        0x0000584c        0x0 linker stubs
 *(.rodata .rodata* .gnu.linkonce.r.*)
 .rodata._tcc_intflag
                0x0000584c       0x30 src/ASF/sam0/drivers/tcc/tcc_callback.o
                0x0000584c                _tcc_intflag
 .rodata        0x0000587c       0x1e src/ASF/sam0/drivers/tc/tc_sam_d_r_h/tc.o
 *fill*         0x0000589a        0x2 
 .rodata.I2CRead
                0x0000589c       0x18 src/FlutterI2CMaster.o
 .rodata.enableI2CModule
                0x000058b4       0x18 src/FlutterI2CMaster.o
 .rodata.disableI2CModule
                0x000058cc       0x18 src/FlutterI2CMaster.o
 .rodata.tc_interrupt_vectors.13123
                0x000058e4        0x5 src/FlutterUARTSendData.o
 *fill*         0x000058e9        0x3 
 .rodata.adc_init
                0x000058ec       0xd4 src/ASF/sam0/drivers/adc/adc_sam_d_r_h/adc.o
 .rodata        0x000059c0       0x50 src/ASF/sam0/drivers/adc/adc_sam_d_r_h/adc.o
 .rodata        0x00005a10       0x18 src/ASF/sam0/drivers/sercom/sercom.o
 .rodata.readSensors
                0x00005a28       0x18 src/FlutterReadSensors.o
 .rodata.inputAnalogChannles
                0x00005a40        0x3 src/FlutterReadSensors.o
 *fill*         0x00005a43        0x1 
 .rodata.outputDetectAnalogChannles
                0x00005a44        0x4 src/FlutterOutputSensorscheck.o
 .rodata.system_clock_source_get_hz
                0x00005a48       0x24 src/ASF/sam0/drivers/system/clock/clock_samd21_r21_da_ha1/clock.o
 .rodata.system_clock_source_enable
                0x00005a6c       0x24 src/ASF/sam0/drivers/system/clock/clock_samd21_r21_da_ha1/clock.o
 .rodata        0x00005a90       0x40 c:/program files (x86)/atmel/studio/7.0/toolchain/arm/arm-gnu-toolchain/bin/../lib/gcc/arm-none-eabi/6.2.1/thumb/v6-m\libgcc.a(divdf3.o)
 .rodata        0x00005ad0       0x40 c:/program files (x86)/atmel/studio/7.0/toolchain/arm/arm-gnu-toolchain/bin/../lib/gcc/arm-none-eabi/6.2.1/thumb/v6-m\libgcc.a(muldf3.o)
 *(.ARM.extab* .gnu.linkonce.armextab.*)
                0x00005b10                . = ALIGN (0x4)
 *(.init)
 .init          0x00005b10        0x4 c:/program files (x86)/atmel/studio/7.0/toolchain/arm/arm-gnu-toolchain/bin/../lib/gcc/arm-none-eabi/6.2.1/thumb/v6-m/crti.o
                0x00005b10                _init
 .init          0x00005b14        0x8 c:/program files (x86)/atmel/studio/7.0/toolchain/arm/arm-gnu-toolchain/bin/../lib/gcc/arm-none-eabi/6.2.1/thumb/v6-m/crtn.o
                0x00005b1c                . = ALIGN (0x4)
                0x00005b1c                __preinit_array_start = .
 *(.preinit_array)
                0x00005b1c                __preinit_array_end = .
                0x00005b1c                . = ALIGN (0x4)
                0x00005b1c                __init_array_start = .
 *(SORT(.init_array.*))
 *(.init_array)
 .init_array    0x00005b1c        0x4 c:/program files (x86)/atmel/studio/7.0/toolchain/arm/arm-gnu-toolchain/bin/../lib/gcc/arm-none-eabi/6.2.1/thumb/v6-m/crtbegin.o
                0x00005b20                __init_array_end = .
                0x00005b20                . = ALIGN (0x4)
 *crtbegin.o(.ctors)
 *(EXCLUDE_FILE(*crtend.o) .ctors)
 *(SORT(.ctors.*))
 *crtend.o(.ctors)
                0x00005b20                . = ALIGN (0x4)
 *(.fini)
 .fini          0x00005b20        0x4 c:/program files (x86)/atmel/studio/7.0/toolchain/arm/arm-gnu-toolchain/bin/../lib/gcc/arm-none-eabi/6.2.1/thumb/v6-m/crti.o
                0x00005b20                _fini
 .fini          0x00005b24        0x8 c:/program files (x86)/atmel/studio/7.0/toolchain/arm/arm-gnu-toolchain/bin/../lib/gcc/arm-none-eabi/6.2.1/thumb/v6-m/crtn.o
                0x00005b2c                . = ALIGN (0x4)
                0x00005b2c                __fini_array_start = .
 *(.fini_array)
 .fini_array    0x00005b2c        0x4 c:/program files (x86)/atmel/studio/7.0/toolchain/arm/arm-gnu-toolchain/bin/../lib/gcc/arm-none-eabi/6.2.1/thumb/v6-m/crtbegin.o
 *(SORT(.fini_array.*))
                0x00005b30                __fini_array_end = .
 *crtbegin.o(.dtors)
 *(EXCLUDE_FILE(*crtend.o) .dtors)
 *(SORT(.dtors.*))
 *crtend.o(.dtors)
                0x00005b30                . = ALIGN (0x4)
                0x00005b30                _efixed = .
                [!provide]                PROVIDE (__exidx_start, .)

.vfp11_veneer   0x00005b30        0x0
 .vfp11_veneer  0x00005b30        0x0 linker stubs

.v4_bx          0x00005b30        0x0
 .v4_bx         0x00005b30        0x0 linker stubs

.iplt           0x00005b30        0x0
 .iplt          0x00005b30        0x0 c:/program files (x86)/atmel/studio/7.0/toolchain/arm/arm-gnu-toolchain/bin/../lib/gcc/arm-none-eabi/6.2.1/thumb/v6-m/crtbegin.o

.eh_frame       0x00005b30        0x0
 .eh_frame      0x00005b30        0x0 c:/program files (x86)/atmel/studio/7.0/toolchain/arm/arm-gnu-toolchain/bin/../lib/gcc/arm-none-eabi/6.2.1/thumb/v6-m/crtbegin.o

.rel.dyn        0x00005b30        0x0
 .rel.iplt      0x00005b30        0x0 c:/program files (x86)/atmel/studio/7.0/toolchain/arm/arm-gnu-toolchain/bin/../lib/gcc/arm-none-eabi/6.2.1/thumb/v6-m/crtbegin.o

.jcr            0x00005b30        0x0
 .jcr           0x00005b30        0x0 c:/program files (x86)/atmel/studio/7.0/toolchain/arm/arm-gnu-toolchain/bin/../lib/gcc/arm-none-eabi/6.2.1/thumb/v6-m/crtbegin.o

.igot.plt       0x00005b30        0x0
 .igot.plt      0x00005b30        0x0 c:/program files (x86)/atmel/studio/7.0/toolchain/arm/arm-gnu-toolchain/bin/../lib/gcc/arm-none-eabi/6.2.1/thumb/v6-m/crtbegin.o

.ARM.exidx
 *(.ARM.exidx* .gnu.linkonce.armexidx.*)
                [!provide]                PROVIDE (__exidx_end, .)
                0x00005b30                . = ALIGN (0x4)
                0x00005b30                _etext = .

.relocate       0x20000000       0xbc load address 0x00005b30
                0x20000000                . = ALIGN (0x4)
                0x20000000                _srelocate = .
 *(.ramfunc .ramfunc.*)
 *(.data .data.*)
 .data.testWriteDataI2C.13580
                0x20000000       0x49 src/FlutterCheckOutputs.o
 *fill*         0x20000049        0x3 
 .data.cycles_per_ms
                0x2000004c        0x4 src/ASF/common2/services/delay/sam0/systick_counter.o
 .data.cycles_per_us
                0x20000050        0x4 src/ASF/common2/services/delay/sam0/systick_counter.o
 .data.g_interrupt_enabled
                0x20000054        0x1 src/ASF/common/utils/interrupt/interrupt_sam_nvic.o
                0x20000054                g_interrupt_enabled
 *fill*         0x20000055        0x3 
 .data._impure_ptr
                0x20000058        0x4 c:/program files (x86)/atmel/studio/7.0/toolchain/arm/arm-gnu-toolchain/bin/../lib/gcc/arm-none-eabi/6.2.1/../../../../arm-none-eabi/lib/thumb/v6-m\libc_nano.a(lib_a-impure.o)
                0x20000058                _impure_ptr
 .data.impure_data
                0x2000005c       0x60 c:/program files (x86)/atmel/studio/7.0/toolchain/arm/arm-gnu-toolchain/bin/../lib/gcc/arm-none-eabi/6.2.1/../../../../arm-none-eabi/lib/thumb/v6-m\libc_nano.a(lib_a-impure.o)
                0x200000bc                . = ALIGN (0x4)
                0x200000bc                _erelocate = .

.bss            0x200000bc     0x11b0 load address 0x00005bec
                0x200000bc                . = ALIGN (0x4)
                0x200000bc                _sbss = .
                0x200000bc                _szero = .
 *(.bss .bss.*)
 .bss           0x200000bc       0x1c c:/program files (x86)/atmel/studio/7.0/toolchain/arm/arm-gnu-toolchain/bin/../lib/gcc/arm-none-eabi/6.2.1/thumb/v6-m/crtbegin.o
 .bss.readBufferSensors.13597
                0x200000d8       0x14 src/FlutterCheckInputs.o
 .bss.rd_buffer.13582
                0x200000ec       0x14 src/FlutterInputControl.o
 .bss.rd_buffer.13578
                0x20000100       0x14 src/FlutterOutputsControl.o
 .bss.sendSensorOutputs.13600
                0x20000114       0x14 src/FlutterUARTSendData.o
 .bss.tempCount.13603
                0x20000128        0x1 src/FlutterUARTSendData.o
 *fill*         0x20000129        0x3 
 .bss._sercom_config
                0x2000012c        0x2 src/ASF/sam0/drivers/sercom/sercom.o
 .bss._handler_table_initialized
                0x2000012e        0x1 src/ASF/sam0/drivers/sercom/sercom_interrupt.o
 *fill*         0x2000012f        0x1 
 .bss._sercom_interrupt_handlers
                0x20000130       0x18 src/ASF/sam0/drivers/sercom/sercom_interrupt.o
 .bss.ADCResult
                0x20000148        0x4 src/FlutterADC.o
                0x20000148                ADCResult
 .bss.LEDMatrixValues.13595
                0x2000014c       0x49 src/FlutterBLEUART.o
 .bss.broadcastFlag
                0x20000195        0x1 src/FlutterBLEUART.o
                0x20000195                broadcastFlag
 *fill*         0x20000196        0x2 
 .bss.receivedValue.13604
                0x20000198       0x64 src/FlutterBLEUART.o
 .bss.analogInput.13621
                0x200001fc        0x4 src/FlutterOutputSensorscheck.o
 .bss.analogOutput.13614
                0x20000200        0x4 src/FlutterOutputSensorscheck.o
 .bss.connecting.13582
                0x20000204        0x4 src/FlutterOutputSensorscheck.o
 .bss.connecting.13600
                0x20000208        0x4 src/FlutterOutputSensorscheck.o
 .bss.countConnecting.13584
                0x2000020c        0x4 src/FlutterOutputSensorscheck.o
 .bss.countConnecting.13602
                0x20000210        0x4 src/FlutterOutputSensorscheck.o
 .bss.countDisconnection.13586
                0x20000214        0x4 src/FlutterOutputSensorscheck.o
 .bss.countDisconnection.13604
                0x20000218        0x4 src/FlutterOutputSensorscheck.o
 .bss.previousInputsConnected.13599
                0x2000021c        0x4 src/FlutterOutputSensorscheck.o
 .bss.previousOutputsConnected.13581
                0x20000220        0x4 src/FlutterOutputSensorscheck.o
 .bss.previous_identifier.13627
                0x20000224        0x4 src/FlutterOutputSensorscheck.o
 .bss.tempInputsConnected.13601
                0x20000228        0x4 src/FlutterOutputSensorscheck.o
 .bss.tempOutputsConnected.13583
                0x2000022c        0x4 src/FlutterOutputSensorscheck.o
 .bss.temp_count.13585
                0x20000230        0x2 src/FlutterOutputSensorscheck.o
 .bss.temp_count.13603
                0x20000232        0x2 src/FlutterOutputSensorscheck.o
 .bss.temp_test_inputs_connected_1.13596
                0x20000234      0x1f4 src/FlutterOutputSensorscheck.o
 .bss.temp_test_inputs_connected_2.13597
                0x20000428      0x1f4 src/FlutterOutputSensorscheck.o
 .bss.temp_test_inputs_connected_3.13598
                0x2000061c      0x1f4 src/FlutterOutputSensorscheck.o
 .bss.temp_test_outputs_connected_1.13578
                0x20000810      0x1f4 src/FlutterOutputSensorscheck.o
 .bss.temp_test_outputs_connected_2.13579
                0x20000a04      0x1f4 src/FlutterOutputSensorscheck.o
 .bss.temp_test_outputs_connected_3.13580
                0x20000bf8      0x1f4 src/FlutterOutputSensorscheck.o
 .bss.cpu_irq_critical_section_counter
                0x20000dec        0x4 src/ASF/common/utils/interrupt/interrupt_sam_nvic.o
 .bss.cpu_irq_prev_interrupt_state
                0x20000df0        0x1 src/ASF/common/utils/interrupt/interrupt_sam_nvic.o
 *fill*         0x20000df1        0x3 
 .bss._system_clock_inst
                0x20000df4       0x18 src/ASF/sam0/drivers/system/clock/clock_samd21_r21_da_ha1/clock.o
 .bss.heap.5276
                0x20000e0c        0x4 src/ASF/sam0/utils/syscalls/gcc/syscalls.o
 .bss.inputsConnected
                0x20000e10        0x3 src/main.o
                0x20000e10                inputsConnected
 .bss.readySendData
                0x20000e13        0x1 src/main.o
                0x20000e13                readySendData
 .bss.readySendI2CRead
                0x20000e14        0x1 src/main.o
                0x20000e14                readySendI2CRead
 .bss.readySendI2CReadInput
                0x20000e15        0x1 src/main.o
                0x20000e15                readySendI2CReadInput
 *fill*         0x20000e16        0x2 
 .bss.__malloc_free_list
                0x20000e18        0x4 c:/program files (x86)/atmel/studio/7.0/toolchain/arm/arm-gnu-toolchain/bin/../lib/gcc/arm-none-eabi/6.2.1/../../../../arm-none-eabi/lib/thumb/v6-m\libc_nano.a(lib_a-nano-mallocr.o)
                0x20000e18                __malloc_free_list
 .bss.__malloc_sbrk_start
                0x20000e1c        0x4 c:/program files (x86)/atmel/studio/7.0/toolchain/arm/arm-gnu-toolchain/bin/../lib/gcc/arm-none-eabi/6.2.1/../../../../arm-none-eabi/lib/thumb/v6-m\libc_nano.a(lib_a-nano-mallocr.o)
                0x20000e1c                __malloc_sbrk_start
 *(COMMON)
 COMMON         0x20000e20        0xc src/ASF/sam0/drivers/tcc/tcc_callback.o
                0x20000e20                _tcc_instances
 COMMON         0x20000e2c       0x14 src/ASF/sam0/drivers/tc/tc_interrupt.o
                0x20000e2c                _tc_instances
 COMMON         0x20000e40       0xf8 src/FlutterI2CMaster.o
                0x20000e40                i2c_master_instance_2
                0x20000e68                rd_packet_4
                0x20000e74                rd_packet_2
                0x20000e80                i2c_master_instance_1
                0x20000ea8                rd_packet_3
                0x20000eb4                rd_packet_1
                0x20000ec0                i2c_master_instance_sensors
                0x20000ee8                i2c_master_instance_4
                0x20000f10                i2c_master_instance_3
 COMMON         0x20000f38       0x50 src/FlutterUARTSendData.o
                0x20000f38                usart_instance
                0x20000f6c                tc_encoder_capture
 COMMON         0x20000f88        0x4 src/ASF/sam0/drivers/adc/adc_sam_d_r_h/adc_callback.o
                0x20000f88                _adc_instances
 COMMON         0x20000f8c       0x18 src/ASF/sam0/drivers/sercom/sercom_interrupt.o
                0x20000f8c                _sercom_instances
 COMMON         0x20000fa4       0x20 src/FlutterADC.o
                0x20000fa4                adc_instance
 COMMON         0x20000fc4      0x2a3 src/main.o
                0x20000fc4                outputsConnected
                0x20000fc8                sensorOutputs
                0x20000ff0                recDataStatus
                0x20000ff4                writeDataI2C
                0x20001120                headPointer
                0x20001124                outputPort
                0x20001144                inputPort
                0x20001164                tailPointer
                0x20001168                ringBuffer
 *fill*         0x20001267        0x1 
 COMMON         0x20001268        0x4 c:/program files (x86)/atmel/studio/7.0/toolchain/arm/arm-gnu-toolchain/bin/../lib/gcc/arm-none-eabi/6.2.1/../../../../arm-none-eabi/lib/thumb/v6-m\libc_nano.a(lib_a-reent.o)
                0x20001268                errno
                0x2000126c                . = ALIGN (0x4)
                0x2000126c                _ebss = .
                0x2000126c                _ezero = .

.stack          0x2000126c     0x2004 load address 0x00006d9c
                0x20001270                . = ALIGN (0x8)
 *fill*         0x2000126c        0x4 
                0x20001270                _sstack = .
                0x20003270                . = (. + STACK_SIZE)
 *fill*         0x20001270     0x2000 
                0x20003270                . = ALIGN (0x8)
                0x20003270                _estack = .
                0x20003270                . = ALIGN (0x4)
                0x20003270                _end = .
OUTPUT(FlutterSAMD.elf elf32-littlearm)

.ARM.attributes
                0x00000000       0x28
 .ARM.attributes
                0x00000000       0x1e c:/program files (x86)/atmel/studio/7.0/toolchain/arm/arm-gnu-toolchain/bin/../lib/gcc/arm-none-eabi/6.2.1/thumb/v6-m/crti.o
 .ARM.attributes
                0x0000001e       0x2c c:/program files (x86)/atmel/studio/7.0/toolchain/arm/arm-gnu-toolchain/bin/../lib/gcc/arm-none-eabi/6.2.1/thumb/v6-m/crtbegin.o
 .ARM.attributes
                0x0000004a       0x32 src/ASF/sam0/drivers/port/port.o
 .ARM.attributes
                0x0000007c       0x32 src/ASF/sam0/drivers/sercom/i2c/i2c_sam0/i2c_master.o
 .ARM.attributes
                0x000000ae       0x32 src/ASF/sam0/drivers/sercom/i2c/i2c_sam0/i2c_master_interrupt.o
 .ARM.attributes
                0x000000e0       0x32 src/ASF/sam0/drivers/tcc/tcc_callback.o
 .ARM.attributes
                0x00000112       0x32 src/ASF/sam0/drivers/tc/tc_interrupt.o
 .ARM.attributes
                0x00000144       0x32 src/ASF/sam0/drivers/tc/tc_sam_d_r_h/tc.o
 .ARM.attributes
                0x00000176       0x32 src/FlutterCheckInputs.o
 .ARM.attributes
                0x000001a8       0x32 src/FlutterCheckOutputs.o
 .ARM.attributes
                0x000001da       0x32 src/FlutterI2CMaster.o
 .ARM.attributes
                0x0000020c       0x32 src/FlutterInputControl.o
 .ARM.attributes
                0x0000023e       0x32 src/FlutterOutputsControl.o
 .ARM.attributes
                0x00000270       0x32 src/FlutterUARTSendData.o
 .ARM.attributes
                0x000002a2       0x32 src/ASF/common2/services/delay/sam0/systick_counter.o
 .ARM.attributes
                0x000002d4       0x32 src/ASF/sam0/drivers/adc/adc_sam_d_r_h/adc.o
 .ARM.attributes
                0x00000306       0x32 src/ASF/sam0/drivers/adc/adc_sam_d_r_h/adc_callback.o
 .ARM.attributes
                0x00000338       0x32 src/ASF/sam0/drivers/sercom/sercom.o
 .ARM.attributes
                0x0000036a       0x32 src/ASF/sam0/drivers/sercom/sercom_interrupt.o
 .ARM.attributes
                0x0000039c       0x32 src/ASF/sam0/drivers/sercom/usart/usart.o
 .ARM.attributes
                0x000003ce       0x32 src/ASF/sam0/drivers/sercom/usart/usart_interrupt.o
 .ARM.attributes
                0x00000400       0x32 src/FlutterADC.o
 .ARM.attributes
                0x00000432       0x32 src/FlutterBLEUART.o
 .ARM.attributes
                0x00000464       0x32 src/FlutterReadSensors.o
 .ARM.attributes
                0x00000496       0x32 src/FlutterUART.o
 .ARM.attributes
                0x000004c8       0x32 src/FlutterOutputSensorscheck.o
 .ARM.attributes
                0x000004fa       0x32 src/ASF/common2/boards/user_board/init.o
 .ARM.attributes
                0x0000052c       0x32 src/ASF/common/utils/interrupt/interrupt_sam_nvic.o
 .ARM.attributes
                0x0000055e       0x32 src/ASF/sam0/drivers/system/clock/clock_samd21_r21_da_ha1/clock.o
 .ARM.attributes
                0x00000590       0x32 src/ASF/sam0/drivers/system/clock/clock_samd21_r21_da_ha1/gclk.o
 .ARM.attributes
                0x000005c2       0x32 src/ASF/sam0/drivers/system/pinmux/pinmux.o
 .ARM.attributes
                0x000005f4       0x32 src/ASF/sam0/drivers/system/system.o
 .ARM.attributes
                0x00000626       0x32 src/ASF/sam0/utils/cmsis/samd21/source/gcc/startup_samd21.o
 .ARM.attributes
                0x00000658       0x32 src/ASF/sam0/utils/syscalls/gcc/syscalls.o
 .ARM.attributes
                0x0000068a       0x32 src/main.o
 .ARM.attributes
                0x000006bc       0x1e c:/program files (x86)/atmel/studio/7.0/toolchain/arm/arm-gnu-toolchain/bin/../lib/gcc/arm-none-eabi/6.2.1/thumb/v6-m\libgcc.a(_udivsi3.o)
 .ARM.attributes
                0x000006da       0x1e c:/program files (x86)/atmel/studio/7.0/toolchain/arm/arm-gnu-toolchain/bin/../lib/gcc/arm-none-eabi/6.2.1/thumb/v6-m\libgcc.a(_dvmd_tls.o)
 .ARM.attributes
                0x000006f8       0x2c c:/program files (x86)/atmel/studio/7.0/toolchain/arm/arm-gnu-toolchain/bin/../lib/gcc/arm-none-eabi/6.2.1/thumb/v6-m\libgcc.a(_muldi3.o)
 .ARM.attributes
                0x00000724       0x2c c:/program files (x86)/atmel/studio/7.0/toolchain/arm/arm-gnu-toolchain/bin/../lib/gcc/arm-none-eabi/6.2.1/thumb/v6-m\libgcc.a(adddf3.o)
 .ARM.attributes
                0x00000750       0x2c c:/program files (x86)/atmel/studio/7.0/toolchain/arm/arm-gnu-toolchain/bin/../lib/gcc/arm-none-eabi/6.2.1/thumb/v6-m\libgcc.a(divdf3.o)
 .ARM.attributes
                0x0000077c       0x2c c:/program files (x86)/atmel/studio/7.0/toolchain/arm/arm-gnu-toolchain/bin/../lib/gcc/arm-none-eabi/6.2.1/thumb/v6-m\libgcc.a(muldf3.o)
 .ARM.attributes
                0x000007a8       0x2c c:/program files (x86)/atmel/studio/7.0/toolchain/arm/arm-gnu-toolchain/bin/../lib/gcc/arm-none-eabi/6.2.1/thumb/v6-m\libgcc.a(subdf3.o)
 .ARM.attributes
                0x000007d4       0x2c c:/program files (x86)/atmel/studio/7.0/toolchain/arm/arm-gnu-toolchain/bin/../lib/gcc/arm-none-eabi/6.2.1/thumb/v6-m\libgcc.a(fixdfsi.o)
 .ARM.attributes
                0x00000800       0x2c c:/program files (x86)/atmel/studio/7.0/toolchain/arm/arm-gnu-toolchain/bin/../lib/gcc/arm-none-eabi/6.2.1/thumb/v6-m\libgcc.a(floatunsidf.o)
 .ARM.attributes
                0x0000082c       0x1e c:/program files (x86)/atmel/studio/7.0/toolchain/arm/arm-gnu-toolchain/bin/../lib/gcc/arm-none-eabi/6.2.1/thumb/v6-m\libgcc.a(_clzsi2.o)
 .ARM.attributes
                0x0000084a       0x2c c:/program files (x86)/atmel/studio/7.0/toolchain/arm/arm-gnu-toolchain/bin/../lib/gcc/arm-none-eabi/6.2.1/../../../../arm-none-eabi/lib/thumb/v6-m\libc_nano.a(lib_a-impure.o)
 .ARM.attributes
                0x00000876       0x2c c:/program files (x86)/atmel/studio/7.0/toolchain/arm/arm-gnu-toolchain/bin/../lib/gcc/arm-none-eabi/6.2.1/../../../../arm-none-eabi/lib/thumb/v6-m\libc_nano.a(lib_a-init.o)
 .ARM.attributes
                0x000008a2       0x2c c:/program files (x86)/atmel/studio/7.0/toolchain/arm/arm-gnu-toolchain/bin/../lib/gcc/arm-none-eabi/6.2.1/../../../../arm-none-eabi/lib/thumb/v6-m\libc_nano.a(lib_a-malloc.o)
 .ARM.attributes
                0x000008ce       0x2c c:/program files (x86)/atmel/studio/7.0/toolchain/arm/arm-gnu-toolchain/bin/../lib/gcc/arm-none-eabi/6.2.1/../../../../arm-none-eabi/lib/thumb/v6-m\libc_nano.a(lib_a-memcpy-stub.o)
 .ARM.attributes
                0x000008fa       0x2c c:/program files (x86)/atmel/studio/7.0/toolchain/arm/arm-gnu-toolchain/bin/../lib/gcc/arm-none-eabi/6.2.1/../../../../arm-none-eabi/lib/thumb/v6-m\libc_nano.a(lib_a-nano-mallocr.o)
 .ARM.attributes
                0x00000926       0x2c c:/program files (x86)/atmel/studio/7.0/toolchain/arm/arm-gnu-toolchain/bin/../lib/gcc/arm-none-eabi/6.2.1/../../../../arm-none-eabi/lib/thumb/v6-m\libc_nano.a(lib_a-sbrkr.o)
 .ARM.attributes
                0x00000952       0x2c c:/program files (x86)/atmel/studio/7.0/toolchain/arm/arm-gnu-toolchain/bin/../lib/gcc/arm-none-eabi/6.2.1/../../../../arm-none-eabi/lib/thumb/v6-m\libc_nano.a(lib_a-mlock.o)
 .ARM.attributes
                0x0000097e       0x2c c:/program files (x86)/atmel/studio/7.0/toolchain/arm/arm-gnu-toolchain/bin/../lib/gcc/arm-none-eabi/6.2.1/../../../../arm-none-eabi/lib/thumb/v6-m\libc_nano.a(lib_a-reent.o)
 .ARM.attributes
                0x000009aa       0x1e c:/program files (x86)/atmel/studio/7.0/toolchain/arm/arm-gnu-toolchain/bin/../lib/gcc/arm-none-eabi/6.2.1/thumb/v6-m/crtn.o

.comment        0x00000000       0x59
 .comment       0x00000000       0x59 src/ASF/sam0/drivers/port/port.o
                                 0x5a (size before relaxing)
 .comment       0x00000059       0x5a src/ASF/sam0/drivers/sercom/i2c/i2c_sam0/i2c_master.o
 .comment       0x00000059       0x5a src/ASF/sam0/drivers/sercom/i2c/i2c_sam0/i2c_master_interrupt.o
 .comment       0x00000059       0x5a src/ASF/sam0/drivers/tcc/tcc_callback.o
 .comment       0x00000059       0x5a src/ASF/sam0/drivers/tc/tc_interrupt.o
 .comment       0x00000059       0x5a src/ASF/sam0/drivers/tc/tc_sam_d_r_h/tc.o
 .comment       0x00000059       0x5a src/FlutterCheckInputs.o
 .comment       0x00000059       0x5a src/FlutterCheckOutputs.o
 .comment       0x00000059       0x5a src/FlutterI2CMaster.o
 .comment       0x00000059       0x5a src/FlutterInputControl.o
 .comment       0x00000059       0x5a src/FlutterOutputsControl.o
 .comment       0x00000059       0x5a src/FlutterUARTSendData.o
 .comment       0x00000059       0x5a src/ASF/common2/services/delay/sam0/systick_counter.o
 .comment       0x00000059       0x5a src/ASF/sam0/drivers/adc/adc_sam_d_r_h/adc.o
 .comment       0x00000059       0x5a src/ASF/sam0/drivers/adc/adc_sam_d_r_h/adc_callback.o
 .comment       0x00000059       0x5a src/ASF/sam0/drivers/sercom/sercom.o
 .comment       0x00000059       0x5a src/ASF/sam0/drivers/sercom/sercom_interrupt.o
 .comment       0x00000059       0x5a src/ASF/sam0/drivers/sercom/usart/usart.o
 .comment       0x00000059       0x5a src/ASF/sam0/drivers/sercom/usart/usart_interrupt.o
 .comment       0x00000059       0x5a src/FlutterADC.o
 .comment       0x00000059       0x5a src/FlutterBLEUART.o
 .comment       0x00000059       0x5a src/FlutterReadSensors.o
 .comment       0x00000059       0x5a src/FlutterUART.o
 .comment       0x00000059       0x5a src/FlutterOutputSensorscheck.o
 .comment       0x00000059       0x5a src/ASF/common2/boards/user_board/init.o
 .comment       0x00000059       0x5a src/ASF/common/utils/interrupt/interrupt_sam_nvic.o
 .comment       0x00000059       0x5a src/ASF/sam0/drivers/system/clock/clock_samd21_r21_da_ha1/clock.o
 .comment       0x00000059       0x5a src/ASF/sam0/drivers/system/clock/clock_samd21_r21_da_ha1/gclk.o
 .comment       0x00000059       0x5a src/ASF/sam0/drivers/system/pinmux/pinmux.o
 .comment       0x00000059       0x5a src/ASF/sam0/drivers/system/system.o
 .comment       0x00000059       0x5a src/ASF/sam0/utils/cmsis/samd21/source/gcc/startup_samd21.o
 .comment       0x00000059       0x5a src/ASF/sam0/utils/syscalls/gcc/syscalls.o
 .comment       0x00000059       0x5a src/main.o

.debug_info     0x00000000    0x54dcb
 .debug_info    0x00000000     0x12aa src/ASF/sam0/drivers/port/port.o
 .debug_info    0x000012aa     0x4f6e src/ASF/sam0/drivers/sercom/i2c/i2c_sam0/i2c_master.o
 .debug_info    0x00006218     0x3127 src/ASF/sam0/drivers/sercom/i2c/i2c_sam0/i2c_master_interrupt.o
 .debug_info    0x0000933f     0x316a src/ASF/sam0/drivers/tcc/tcc_callback.o
 .debug_info    0x0000c4a9     0x1ba3 src/ASF/sam0/drivers/tc/tc_interrupt.o
 .debug_info    0x0000e04c     0x2f85 src/ASF/sam0/drivers/tc/tc_sam_d_r_h/tc.o
 .debug_info    0x00010fd1     0x227c src/FlutterCheckInputs.o
 .debug_info    0x0001324d     0x18f5 src/FlutterCheckOutputs.o
 .debug_info    0x00014b42     0x4d78 src/FlutterI2CMaster.o
 .debug_info    0x000198ba     0x1889 src/FlutterInputControl.o
 .debug_info    0x0001b143     0x1854 src/FlutterOutputsControl.o
 .debug_info    0x0001c997     0x4f1e src/FlutterUARTSendData.o
 .debug_info    0x000218b5      0xb81 src/ASF/common2/services/delay/sam0/systick_counter.o
 .debug_info    0x00022436     0x3e4b src/ASF/sam0/drivers/adc/adc_sam_d_r_h/adc.o
 .debug_info    0x00026281     0x1bfa src/ASF/sam0/drivers/adc/adc_sam_d_r_h/adc_callback.o
 .debug_info    0x00027e7b     0x2dd8 src/ASF/sam0/drivers/sercom/sercom.o
 .debug_info    0x0002ac53     0x2bde src/ASF/sam0/drivers/sercom/sercom_interrupt.o
 .debug_info    0x0002d831     0x4ab4 src/ASF/sam0/drivers/sercom/usart/usart.o
 .debug_info    0x000322e5     0x3025 src/ASF/sam0/drivers/sercom/usart/usart_interrupt.o
 .debug_info    0x0003530a     0x25ef src/FlutterADC.o
 .debug_info    0x000378f9     0x29b7 src/FlutterBLEUART.o
 .debug_info    0x0003a2b0     0x1a04 src/FlutterReadSensors.o
 .debug_info    0x0003bcb4     0x407e src/FlutterUART.o
 .debug_info    0x0003fd32     0x1dda src/FlutterOutputSensorscheck.o
 .debug_info    0x00041b0c     0x1694 src/ASF/common2/boards/user_board/init.o
 .debug_info    0x000431a0      0xafb src/ASF/common/utils/interrupt/interrupt_sam_nvic.o
 .debug_info    0x00043c9b     0x3a04 src/ASF/sam0/drivers/system/clock/clock_samd21_r21_da_ha1/clock.o
 .debug_info    0x0004769f     0x1ec5 src/ASF/sam0/drivers/system/clock/clock_samd21_r21_da_ha1/gclk.o
 .debug_info    0x00049564     0x13e9 src/ASF/sam0/drivers/system/pinmux/pinmux.o
 .debug_info    0x0004a94d      0xa67 src/ASF/sam0/drivers/system/system.o
 .debug_info    0x0004b3b4     0x3a49 src/ASF/sam0/utils/cmsis/samd21/source/gcc/startup_samd21.o
 .debug_info    0x0004edfd      0xd8c src/ASF/sam0/utils/syscalls/gcc/syscalls.o
 .debug_info    0x0004fb89     0x5242 src/main.o

.debug_abbrev   0x00000000     0x6e26
 .debug_abbrev  0x00000000      0x298 src/ASF/sam0/drivers/port/port.o
 .debug_abbrev  0x00000298      0x4fb src/ASF/sam0/drivers/sercom/i2c/i2c_sam0/i2c_master.o
 .debug_abbrev  0x00000793      0x427 src/ASF/sam0/drivers/sercom/i2c/i2c_sam0/i2c_master_interrupt.o
 .debug_abbrev  0x00000bba      0x399 src/ASF/sam0/drivers/tcc/tcc_callback.o
 .debug_abbrev  0x00000f53      0x2ff src/ASF/sam0/drivers/tc/tc_interrupt.o
 .debug_abbrev  0x00001252      0x434 src/ASF/sam0/drivers/tc/tc_sam_d_r_h/tc.o
 .debug_abbrev  0x00001686      0x382 src/FlutterCheckInputs.o
 .debug_abbrev  0x00001a08      0x2b1 src/FlutterCheckOutputs.o
 .debug_abbrev  0x00001cb9      0x46f src/FlutterI2CMaster.o
 .debug_abbrev  0x00002128      0x27b src/FlutterInputControl.o
 .debug_abbrev  0x000023a3      0x26e src/FlutterOutputsControl.o
 .debug_abbrev  0x00002611      0x418 src/FlutterUARTSendData.o
 .debug_abbrev  0x00002a29      0x24b src/ASF/common2/services/delay/sam0/systick_counter.o
 .debug_abbrev  0x00002c74      0x45c src/ASF/sam0/drivers/adc/adc_sam_d_r_h/adc.o
 .debug_abbrev  0x000030d0      0x3b8 src/ASF/sam0/drivers/adc/adc_sam_d_r_h/adc_callback.o
 .debug_abbrev  0x00003488      0x378 src/ASF/sam0/drivers/sercom/sercom.o
 .debug_abbrev  0x00003800      0x2d8 src/ASF/sam0/drivers/sercom/sercom_interrupt.o
 .debug_abbrev  0x00003ad8      0x477 src/ASF/sam0/drivers/sercom/usart/usart.o
 .debug_abbrev  0x00003f4f      0x416 src/ASF/sam0/drivers/sercom/usart/usart_interrupt.o
 .debug_abbrev  0x00004365      0x3b5 src/FlutterADC.o
 .debug_abbrev  0x0000471a      0x328 src/FlutterBLEUART.o
 .debug_abbrev  0x00004a42      0x284 src/FlutterReadSensors.o
 .debug_abbrev  0x00004cc6      0x3c0 src/FlutterUART.o
 .debug_abbrev  0x00005086      0x364 src/FlutterOutputSensorscheck.o
 .debug_abbrev  0x000053ea      0x21e src/ASF/common2/boards/user_board/init.o
 .debug_abbrev  0x00005608      0x22c src/ASF/common/utils/interrupt/interrupt_sam_nvic.o
 .debug_abbrev  0x00005834      0x493 src/ASF/sam0/drivers/system/clock/clock_samd21_r21_da_ha1/clock.o
 .debug_abbrev  0x00005cc7      0x3f1 src/ASF/sam0/drivers/system/clock/clock_samd21_r21_da_ha1/gclk.o
 .debug_abbrev  0x000060b8      0x37b src/ASF/sam0/drivers/system/pinmux/pinmux.o
 .debug_abbrev  0x00006433      0x1e1 src/ASF/sam0/drivers/system/system.o
 .debug_abbrev  0x00006614      0x234 src/ASF/sam0/utils/cmsis/samd21/source/gcc/startup_samd21.o
 .debug_abbrev  0x00006848      0x257 src/ASF/sam0/utils/syscalls/gcc/syscalls.o
 .debug_abbrev  0x00006a9f      0x387 src/main.o

.debug_loc      0x00000000     0x8f2b
 .debug_loc     0x00000000      0x13d src/ASF/sam0/drivers/port/port.o
 .debug_loc     0x0000013d      0xff8 src/ASF/sam0/drivers/sercom/i2c/i2c_sam0/i2c_master.o
 .debug_loc     0x00001135      0x7ec src/ASF/sam0/drivers/sercom/i2c/i2c_sam0/i2c_master_interrupt.o
 .debug_loc     0x00001921      0x245 src/ASF/sam0/drivers/tcc/tcc_callback.o
 .debug_loc     0x00001b66      0x1c8 src/ASF/sam0/drivers/tc/tc_interrupt.o
 .debug_loc     0x00001d2e      0xdf1 src/ASF/sam0/drivers/tc/tc_sam_d_r_h/tc.o
 .debug_loc     0x00002b1f      0x2df src/FlutterCheckInputs.o
 .debug_loc     0x00002dfe       0xf3 src/FlutterCheckOutputs.o
 .debug_loc     0x00002ef1      0xb7f src/FlutterI2CMaster.o
 .debug_loc     0x00003a70       0x64 src/FlutterInputControl.o
 .debug_loc     0x00003ad4       0x64 src/FlutterOutputsControl.o
 .debug_loc     0x00003b38      0x1e4 src/FlutterUARTSendData.o
 .debug_loc     0x00003d1c       0xe4 src/ASF/common2/services/delay/sam0/systick_counter.o
 .debug_loc     0x00003e00      0x891 src/ASF/sam0/drivers/adc/adc_sam_d_r_h/adc.o
 .debug_loc     0x00004691      0x34a src/ASF/sam0/drivers/adc/adc_sam_d_r_h/adc_callback.o
 .debug_loc     0x000049db      0x9d5 src/ASF/sam0/drivers/sercom/sercom.o
 .debug_loc     0x000053b0      0x161 src/ASF/sam0/drivers/sercom/sercom_interrupt.o
 .debug_loc     0x00005511      0xe2f src/ASF/sam0/drivers/sercom/usart/usart.o
 .debug_loc     0x00006340      0x6f3 src/ASF/sam0/drivers/sercom/usart/usart_interrupt.o
 .debug_loc     0x00006a33      0x45e src/FlutterADC.o
 .debug_loc     0x00006e91      0x176 src/FlutterBLEUART.o
 .debug_loc     0x00007007       0x59 src/FlutterReadSensors.o
 .debug_loc     0x00007060      0x128 src/FlutterUART.o
 .debug_loc     0x00007188      0x31c src/FlutterOutputSensorscheck.o
 .debug_loc     0x000074a4      0xfb5 src/ASF/sam0/drivers/system/clock/clock_samd21_r21_da_ha1/clock.o
 .debug_loc     0x00008459      0x504 src/ASF/sam0/drivers/system/clock/clock_samd21_r21_da_ha1/gclk.o
 .debug_loc     0x0000895d      0x36d src/ASF/sam0/drivers/system/pinmux/pinmux.o
 .debug_loc     0x00008cca       0x20 src/ASF/sam0/drivers/system/system.o
 .debug_loc     0x00008cea       0x40 src/ASF/sam0/utils/cmsis/samd21/source/gcc/startup_samd21.o
 .debug_loc     0x00008d2a       0xef src/ASF/sam0/utils/syscalls/gcc/syscalls.o
 .debug_loc     0x00008e19      0x112 src/main.o

.debug_aranges  0x00000000      0x950
 .debug_aranges
                0x00000000       0x28 src/ASF/sam0/drivers/port/port.o
 .debug_aranges
                0x00000028       0xa0 src/ASF/sam0/drivers/sercom/i2c/i2c_sam0/i2c_master.o
 .debug_aranges
                0x000000c8       0x90 src/ASF/sam0/drivers/sercom/i2c/i2c_sam0/i2c_master_interrupt.o
 .debug_aranges
                0x00000158       0x58 src/ASF/sam0/drivers/tcc/tcc_callback.o
 .debug_aranges
                0x000001b0       0x58 src/ASF/sam0/drivers/tc/tc_interrupt.o
 .debug_aranges
                0x00000208       0x58 src/ASF/sam0/drivers/tc/tc_sam_d_r_h/tc.o
 .debug_aranges
                0x00000260       0x38 src/FlutterCheckInputs.o
 .debug_aranges
                0x00000298       0x28 src/FlutterCheckOutputs.o
 .debug_aranges
                0x000002c0       0x98 src/FlutterI2CMaster.o
 .debug_aranges
                0x00000358       0x20 src/FlutterInputControl.o
 .debug_aranges
                0x00000378       0x20 src/FlutterOutputsControl.o
 .debug_aranges
                0x00000398       0x48 src/FlutterUARTSendData.o
 .debug_aranges
                0x000003e0       0x30 src/ASF/common2/services/delay/sam0/systick_counter.o
 .debug_aranges
                0x00000410       0x38 src/ASF/sam0/drivers/adc/adc_sam_d_r_h/adc.o
 .debug_aranges
                0x00000448       0x48 src/ASF/sam0/drivers/adc/adc_sam_d_r_h/adc_callback.o
 .debug_aranges
                0x00000490       0x48 src/ASF/sam0/drivers/sercom/sercom.o
 .debug_aranges
                0x000004d8       0x60 src/ASF/sam0/drivers/sercom/sercom_interrupt.o
 .debug_aranges
                0x00000538       0x40 src/ASF/sam0/drivers/sercom/usart/usart.o
 .debug_aranges
                0x00000578       0x70 src/ASF/sam0/drivers/sercom/usart/usart_interrupt.o
 .debug_aranges
                0x000005e8       0x28 src/FlutterADC.o
 .debug_aranges
                0x00000610       0x30 src/FlutterBLEUART.o
 .debug_aranges
                0x00000640       0x20 src/FlutterReadSensors.o
 .debug_aranges
                0x00000660       0x28 src/FlutterUART.o
 .debug_aranges
                0x00000688       0x58 src/FlutterOutputSensorscheck.o
 .debug_aranges
                0x000006e0       0x20 src/ASF/common2/boards/user_board/init.o
 .debug_aranges
                0x00000700       0x28 src/ASF/common/utils/interrupt/interrupt_sam_nvic.o
 .debug_aranges
                0x00000728       0x78 src/ASF/sam0/drivers/system/clock/clock_samd21_r21_da_ha1/clock.o
 .debug_aranges
                0x000007a0       0x80 src/ASF/sam0/drivers/system/clock/clock_samd21_r21_da_ha1/gclk.o
 .debug_aranges
                0x00000820       0x40 src/ASF/sam0/drivers/system/pinmux/pinmux.o
 .debug_aranges
                0x00000860       0x28 src/ASF/sam0/drivers/system/system.o
 .debug_aranges
                0x00000888       0x28 src/ASF/sam0/utils/cmsis/samd21/source/gcc/startup_samd21.o
 .debug_aranges
                0x000008b0       0x60 src/ASF/sam0/utils/syscalls/gcc/syscalls.o
 .debug_aranges
                0x00000910       0x40 src/main.o

.debug_ranges   0x00000000      0x9f0
 .debug_ranges  0x00000000       0x18 src/ASF/sam0/drivers/port/port.o
 .debug_ranges  0x00000018       0xa8 src/ASF/sam0/drivers/sercom/i2c/i2c_sam0/i2c_master.o
 .debug_ranges  0x000000c0       0x98 src/ASF/sam0/drivers/sercom/i2c/i2c_sam0/i2c_master_interrupt.o
 .debug_ranges  0x00000158       0x48 src/ASF/sam0/drivers/tcc/tcc_callback.o
 .debug_ranges  0x000001a0       0x48 src/ASF/sam0/drivers/tc/tc_interrupt.o
 .debug_ranges  0x000001e8       0x90 src/ASF/sam0/drivers/tc/tc_sam_d_r_h/tc.o
 .debug_ranges  0x00000278       0x28 src/FlutterCheckInputs.o
 .debug_ranges  0x000002a0       0x18 src/FlutterCheckOutputs.o
 .debug_ranges  0x000002b8       0x88 src/FlutterI2CMaster.o
 .debug_ranges  0x00000340       0x10 src/FlutterInputControl.o
 .debug_ranges  0x00000350       0x10 src/FlutterOutputsControl.o
 .debug_ranges  0x00000360       0x38 src/FlutterUARTSendData.o
 .debug_ranges  0x00000398       0x50 src/ASF/common2/services/delay/sam0/systick_counter.o
 .debug_ranges  0x000003e8       0xa0 src/ASF/sam0/drivers/adc/adc_sam_d_r_h/adc.o
 .debug_ranges  0x00000488       0x50 src/ASF/sam0/drivers/adc/adc_sam_d_r_h/adc_callback.o
 .debug_ranges  0x000004d8       0x50 src/ASF/sam0/drivers/sercom/sercom.o
 .debug_ranges  0x00000528       0x50 src/ASF/sam0/drivers/sercom/sercom_interrupt.o
 .debug_ranges  0x00000578      0x140 src/ASF/sam0/drivers/sercom/usart/usart.o
 .debug_ranges  0x000006b8       0x60 src/ASF/sam0/drivers/sercom/usart/usart_interrupt.o
 .debug_ranges  0x00000718       0x50 src/FlutterADC.o
 .debug_ranges  0x00000768       0x20 src/FlutterBLEUART.o
 .debug_ranges  0x00000788       0x10 src/FlutterReadSensors.o
 .debug_ranges  0x00000798       0x18 src/FlutterUART.o
 .debug_ranges  0x000007b0       0x48 src/FlutterOutputSensorscheck.o
 .debug_ranges  0x000007f8       0x10 src/ASF/common2/boards/user_board/init.o
 .debug_ranges  0x00000808       0x18 src/ASF/common/utils/interrupt/interrupt_sam_nvic.o
 .debug_ranges  0x00000820       0x68 src/ASF/sam0/drivers/system/clock/clock_samd21_r21_da_ha1/clock.o
 .debug_ranges  0x00000888       0x88 src/ASF/sam0/drivers/system/clock/clock_samd21_r21_da_ha1/gclk.o
 .debug_ranges  0x00000910       0x30 src/ASF/sam0/drivers/system/pinmux/pinmux.o
 .debug_ranges  0x00000940       0x18 src/ASF/sam0/drivers/system/system.o
 .debug_ranges  0x00000958       0x18 src/ASF/sam0/utils/cmsis/samd21/source/gcc/startup_samd21.o
 .debug_ranges  0x00000970       0x50 src/ASF/sam0/utils/syscalls/gcc/syscalls.o
 .debug_ranges  0x000009c0       0x30 src/main.o

.debug_macro    0x00000000    0x20d9b
 .debug_macro   0x00000000      0x52c src/ASF/sam0/drivers/port/port.o
 .debug_macro   0x0000052c      0x8c8 src/ASF/sam0/drivers/port/port.o
 .debug_macro   0x00000df4      0x16d src/ASF/sam0/drivers/port/port.o
 .debug_macro   0x00000f61      0x64b src/ASF/sam0/drivers/port/port.o
 .debug_macro   0x000015ac       0x22 src/ASF/sam0/drivers/port/port.o
 .debug_macro   0x000015ce       0x87 src/ASF/sam0/drivers/port/port.o
 .debug_macro   0x00001655       0x51 src/ASF/sam0/drivers/port/port.o
 .debug_macro   0x000016a6       0xef src/ASF/sam0/drivers/port/port.o
 .debug_macro   0x00001795       0x6a src/ASF/sam0/drivers/port/port.o
 .debug_macro   0x000017ff      0x1df src/ASF/sam0/drivers/port/port.o
 .debug_macro   0x000019de       0x10 src/ASF/sam0/drivers/port/port.o
 .debug_macro   0x000019ee       0x76 src/ASF/sam0/drivers/port/port.o
 .debug_macro   0x00001a64       0x16 src/ASF/sam0/drivers/port/port.o
 .debug_macro   0x00001a7a      0x6e5 src/ASF/sam0/drivers/port/port.o
 .debug_macro   0x0000215f      0xde2 src/ASF/sam0/drivers/port/port.o
 .debug_macro   0x00002f41       0x22 src/ASF/sam0/drivers/port/port.o
 .debug_macro   0x00002f63       0x40 src/ASF/sam0/drivers/port/port.o
 .debug_macro   0x00002fa3       0x3a src/ASF/sam0/drivers/port/port.o
 .debug_macro   0x00002fdd       0x1f src/ASF/sam0/drivers/port/port.o
 .debug_macro   0x00002ffc      0x250 src/ASF/sam0/drivers/port/port.o
 .debug_macro   0x0000324c      0x682 src/ASF/sam0/drivers/port/port.o
 .debug_macro   0x000038ce      0x8bf src/ASF/sam0/drivers/port/port.o
 .debug_macro   0x0000418d      0x235 src/ASF/sam0/drivers/port/port.o
 .debug_macro   0x000043c2      0xd6a src/ASF/sam0/drivers/port/port.o
 .debug_macro   0x0000512c      0x4ce src/ASF/sam0/drivers/port/port.o
 .debug_macro   0x000055fa      0x9f8 src/ASF/sam0/drivers/port/port.o
 .debug_macro   0x00005ff2      0x82b src/ASF/sam0/drivers/port/port.o
 .debug_macro   0x0000681d      0x45f src/ASF/sam0/drivers/port/port.o
 .debug_macro   0x00006c7c       0x5e src/ASF/sam0/drivers/port/port.o
 .debug_macro   0x00006cda      0x906 src/ASF/sam0/drivers/port/port.o
 .debug_macro   0x000075e0      0x225 src/ASF/sam0/drivers/port/port.o
 .debug_macro   0x00007805      0x963 src/ASF/sam0/drivers/port/port.o
 .debug_macro   0x00008168       0x5e src/ASF/sam0/drivers/port/port.o
 .debug_macro   0x000081c6      0x671 src/ASF/sam0/drivers/port/port.o
 .debug_macro   0x00008837      0x3af src/ASF/sam0/drivers/port/port.o
 .debug_macro   0x00008be6      0xc7f src/ASF/sam0/drivers/port/port.o
 .debug_macro   0x00009865     0x1092 src/ASF/sam0/drivers/port/port.o
 .debug_macro   0x0000a8f7      0xc4a src/ASF/sam0/drivers/port/port.o
 .debug_macro   0x0000b541      0x6bf src/ASF/sam0/drivers/port/port.o
 .debug_macro   0x0000bc00     0x1bc9 src/ASF/sam0/drivers/port/port.o
 .debug_macro   0x0000d7c9     0x144a src/ASF/sam0/drivers/port/port.o
 .debug_macro   0x0000ec13      0x34e src/ASF/sam0/drivers/port/port.o
 .debug_macro   0x0000ef61       0x7c src/ASF/sam0/drivers/port/port.o
 .debug_macro   0x0000efdd       0xa0 src/ASF/sam0/drivers/port/port.o
 .debug_macro   0x0000f07d       0x4c src/ASF/sam0/drivers/port/port.o
 .debug_macro   0x0000f0c9       0xca src/ASF/sam0/drivers/port/port.o
 .debug_macro   0x0000f193       0x94 src/ASF/sam0/drivers/port/port.o
 .debug_macro   0x0000f227       0x58 src/ASF/sam0/drivers/port/port.o
 .debug_macro   0x0000f27f      0x387 src/ASF/sam0/drivers/port/port.o
 .debug_macro   0x0000f606       0x82 src/ASF/sam0/drivers/port/port.o
 .debug_macro   0x0000f688      0x197 src/ASF/sam0/drivers/port/port.o
 .debug_macro   0x0000f81f       0xb8 src/ASF/sam0/drivers/port/port.o
 .debug_macro   0x0000f8d7       0xa0 src/ASF/sam0/drivers/port/port.o
 .debug_macro   0x0000f977       0xb8 src/ASF/sam0/drivers/port/port.o
 .debug_macro   0x0000fa2f       0x1c src/ASF/sam0/drivers/port/port.o
 .debug_macro   0x0000fa4b       0x1c src/ASF/sam0/drivers/port/port.o
 .debug_macro   0x0000fa67       0x1c src/ASF/sam0/drivers/port/port.o
 .debug_macro   0x0000fa83       0x82 src/ASF/sam0/drivers/port/port.o
 .debug_macro   0x0000fb05      0x161 src/ASF/sam0/drivers/port/port.o
 .debug_macro   0x0000fc66       0xdc src/ASF/sam0/drivers/port/port.o
 .debug_macro   0x0000fd42      0x12f src/ASF/sam0/drivers/port/port.o
 .debug_macro   0x0000fe71      0x12f src/ASF/sam0/drivers/port/port.o
 .debug_macro   0x0000ffa0      0x12f src/ASF/sam0/drivers/port/port.o
 .debug_macro   0x000100cf      0x12f src/ASF/sam0/drivers/port/port.o
 .debug_macro   0x000101fe      0x12f src/ASF/sam0/drivers/port/port.o
 .debug_macro   0x0001032d      0x12f src/ASF/sam0/drivers/port/port.o
 .debug_macro   0x0001045c      0x124 src/ASF/sam0/drivers/port/port.o
 .debug_macro   0x00010580       0xe2 src/ASF/sam0/drivers/port/port.o
 .debug_macro   0x00010662       0xe2 src/ASF/sam0/drivers/port/port.o
 .debug_macro   0x00010744       0xe2 src/ASF/sam0/drivers/port/port.o
 .debug_macro   0x00010826       0xe2 src/ASF/sam0/drivers/port/port.o
 .debug_macro   0x00010908       0xe2 src/ASF/sam0/drivers/port/port.o
 .debug_macro   0x000109ea      0x133 src/ASF/sam0/drivers/port/port.o
 .debug_macro   0x00010b1d      0x106 src/ASF/sam0/drivers/port/port.o
 .debug_macro   0x00010c23       0xfa src/ASF/sam0/drivers/port/port.o
 .debug_macro   0x00010d1d      0x40f src/ASF/sam0/drivers/port/port.o
 .debug_macro   0x0001112c       0x40 src/ASF/sam0/drivers/port/port.o
 .debug_macro   0x0001116c      0x37d src/ASF/sam0/drivers/port/port.o
 .debug_macro   0x000114e9     0x1e5c src/ASF/sam0/drivers/port/port.o
 .debug_macro   0x00013345       0x6d src/ASF/sam0/drivers/port/port.o
 .debug_macro   0x000133b2       0x52 src/ASF/sam0/drivers/port/port.o
 .debug_macro   0x00013404       0x35 src/ASF/sam0/drivers/port/port.o
 .debug_macro   0x00013439       0x9c src/ASF/sam0/drivers/port/port.o
 .debug_macro   0x000134d5       0x16 src/ASF/sam0/drivers/port/port.o
 .debug_macro   0x000134eb       0x35 src/ASF/sam0/drivers/port/port.o
 .debug_macro   0x00013520      0x330 src/ASF/sam0/drivers/port/port.o
 .debug_macro   0x00013850       0x10 src/ASF/sam0/drivers/port/port.o
 .debug_macro   0x00013860       0x52 src/ASF/sam0/drivers/port/port.o
 .debug_macro   0x000138b2       0x1f src/ASF/sam0/drivers/port/port.o
 .debug_macro   0x000138d1       0x43 src/ASF/sam0/drivers/port/port.o
 .debug_macro   0x00013914       0x20 src/ASF/sam0/drivers/port/port.o
 .debug_macro   0x00013934      0x187 src/ASF/sam0/drivers/port/port.o
 .debug_macro   0x00013abb       0x10 src/ASF/sam0/drivers/port/port.o
 .debug_macro   0x00013acb       0x1c src/ASF/sam0/drivers/port/port.o
 .debug_macro   0x00013ae7       0x52 src/ASF/sam0/drivers/port/port.o
 .debug_macro   0x00013b39       0x40 src/ASF/sam0/drivers/port/port.o
 .debug_macro   0x00013b79       0x10 src/ASF/sam0/drivers/port/port.o
 .debug_macro   0x00013b89       0x40 src/ASF/sam0/drivers/port/port.o
 .debug_macro   0x00013bc9       0xd7 src/ASF/sam0/drivers/port/port.o
 .debug_macro   0x00013ca0       0x16 src/ASF/sam0/drivers/port/port.o
 .debug_macro   0x00013cb6      0x18b src/ASF/sam0/drivers/port/port.o
 .debug_macro   0x00013e41       0x16 src/ASF/sam0/drivers/port/port.o
 .debug_macro   0x00013e57       0x16 src/ASF/sam0/drivers/port/port.o
 .debug_macro   0x00013e6d       0x29 src/ASF/sam0/drivers/port/port.o
 .debug_macro   0x00013e96       0x51 src/ASF/sam0/drivers/port/port.o
 .debug_macro   0x00013ee7       0x3f src/ASF/sam0/drivers/port/port.o
 .debug_macro   0x00013f26      0x3df src/ASF/sam0/drivers/port/port.o
 .debug_macro   0x00014305       0x18 src/ASF/sam0/drivers/port/port.o
 .debug_macro   0x0001431d       0x12 src/ASF/sam0/drivers/port/port.o
 .debug_macro   0x0001432f      0x5c1 src/ASF/sam0/drivers/sercom/i2c/i2c_sam0/i2c_master.o
 .debug_macro   0x000148f0       0x11 src/ASF/sam0/drivers/sercom/i2c/i2c_sam0/i2c_master.o
 .debug_macro   0x00014901       0x16 src/ASF/sam0/drivers/sercom/i2c/i2c_sam0/i2c_master.o
 .debug_macro   0x00014917       0x2e src/ASF/sam0/drivers/sercom/i2c/i2c_sam0/i2c_master.o
 .debug_macro   0x00014945       0xb2 src/ASF/sam0/drivers/sercom/i2c/i2c_sam0/i2c_master.o
 .debug_macro   0x000149f7       0x10 src/ASF/sam0/drivers/sercom/i2c/i2c_sam0/i2c_master.o
 .debug_macro   0x00014a07       0x27 src/ASF/sam0/drivers/sercom/i2c/i2c_sam0/i2c_master.o
 .debug_macro   0x00014a2e      0x5bd src/ASF/sam0/drivers/sercom/i2c/i2c_sam0/i2c_master_interrupt.o
 .debug_macro   0x00014feb      0x58c src/ASF/sam0/drivers/tcc/tcc_callback.o
 .debug_macro   0x00015577      0x580 src/ASF/sam0/drivers/tc/tc_interrupt.o
 .debug_macro   0x00015af7       0x19 src/ASF/sam0/drivers/tc/tc_interrupt.o
 .debug_macro   0x00015b10       0x51 src/ASF/sam0/drivers/tc/tc_interrupt.o
 .debug_macro   0x00015b61      0x59b src/ASF/sam0/drivers/tc/tc_sam_d_r_h/tc.o
 .debug_macro   0x000160fc      0x6bb src/FlutterCheckInputs.o
 .debug_macro   0x000167b7       0x19 src/FlutterCheckInputs.o
 .debug_macro   0x000167d0       0x10 src/FlutterCheckInputs.o
 .debug_macro   0x000167e0       0x1c src/FlutterCheckInputs.o
 .debug_macro   0x000167fc       0x16 src/FlutterCheckInputs.o
 .debug_macro   0x00016812      0x2c6 src/FlutterCheckInputs.o
 .debug_macro   0x00016ad8       0x18 src/FlutterCheckInputs.o
 .debug_macro   0x00016af0       0x2d src/FlutterCheckInputs.o
 .debug_macro   0x00016b1d       0x50 src/FlutterCheckInputs.o
 .debug_macro   0x00016b6d       0x6c src/FlutterCheckInputs.o
 .debug_macro   0x00016bd9       0x8f src/FlutterCheckInputs.o
 .debug_macro   0x00016c68       0xb2 src/FlutterCheckInputs.o
 .debug_macro   0x00016d1a       0x94 src/FlutterCheckInputs.o
 .debug_macro   0x00016dae       0x82 src/FlutterCheckInputs.o
 .debug_macro   0x00016e30      0x6b5 src/FlutterCheckOutputs.o
 .debug_macro   0x000174e5      0x6b4 src/FlutterI2CMaster.o
 .debug_macro   0x00017b99      0x6b3 src/FlutterInputControl.o
 .debug_macro   0x0001824c      0x6a8 src/FlutterOutputsControl.o
 .debug_macro   0x000188f4      0x6ac src/FlutterUARTSendData.o
 .debug_macro   0x00018fa0      0x54d src/ASF/common2/services/delay/sam0/systick_counter.o
 .debug_macro   0x000194ed       0x16 src/ASF/common2/services/delay/sam0/systick_counter.o
 .debug_macro   0x00019503      0x591 src/ASF/sam0/drivers/adc/adc_sam_d_r_h/adc.o
 .debug_macro   0x00019a94      0x594 src/ASF/sam0/drivers/adc/adc_sam_d_r_h/adc_callback.o
 .debug_macro   0x0001a028      0x59f src/ASF/sam0/drivers/sercom/sercom.o
 .debug_macro   0x0001a5c7      0x59c src/ASF/sam0/drivers/sercom/sercom_interrupt.o
 .debug_macro   0x0001ab63      0x5b0 src/ASF/sam0/drivers/sercom/usart/usart.o
 .debug_macro   0x0001b113       0x51 src/ASF/sam0/drivers/sercom/usart/usart.o
 .debug_macro   0x0001b164      0x5b0 src/ASF/sam0/drivers/sercom/usart/usart_interrupt.o
 .debug_macro   0x0001b714      0x698 src/FlutterADC.o
 .debug_macro   0x0001bdac      0x6ec src/FlutterBLEUART.o
 .debug_macro   0x0001c498      0x6e8 src/FlutterReadSensors.o
 .debug_macro   0x0001cb80      0x69b src/FlutterUART.o
 .debug_macro   0x0001d21b      0x74e src/FlutterOutputSensorscheck.o
 .debug_macro   0x0001d969      0x68a src/ASF/common2/boards/user_board/init.o
 .debug_macro   0x0001dff3      0x512 src/ASF/common/utils/interrupt/interrupt_sam_nvic.o
 .debug_macro   0x0001e505      0x591 src/ASF/sam0/drivers/system/clock/clock_samd21_r21_da_ha1/clock.o
 .debug_macro   0x0001ea96      0x29e src/ASF/sam0/drivers/system/clock/clock_samd21_r21_da_ha1/clock.o
 .debug_macro   0x0001ed34      0x548 src/ASF/sam0/drivers/system/clock/clock_samd21_r21_da_ha1/gclk.o
 .debug_macro   0x0001f27c      0x522 src/ASF/sam0/drivers/system/pinmux/pinmux.o
 .debug_macro   0x0001f79e       0x12 src/ASF/sam0/drivers/system/pinmux/pinmux.o
 .debug_macro   0x0001f7b0      0x555 src/ASF/sam0/drivers/system/system.o
 .debug_macro   0x0001fd05      0x2f9 src/ASF/sam0/utils/cmsis/samd21/source/gcc/startup_samd21.o
 .debug_macro   0x0001fffe       0x3a src/ASF/sam0/utils/cmsis/samd21/source/gcc/startup_samd21.o
 .debug_macro   0x00020038      0x1d6 src/ASF/sam0/utils/syscalls/gcc/syscalls.o
 .debug_macro   0x0002020e       0x4c src/ASF/sam0/utils/syscalls/gcc/syscalls.o
 .debug_macro   0x0002025a       0x8d src/ASF/sam0/utils/syscalls/gcc/syscalls.o
 .debug_macro   0x000202e7       0x57 src/ASF/sam0/utils/syscalls/gcc/syscalls.o
 .debug_macro   0x0002033e       0x97 src/ASF/sam0/utils/syscalls/gcc/syscalls.o
 .debug_macro   0x000203d5       0xf6 src/ASF/sam0/utils/syscalls/gcc/syscalls.o
 .debug_macro   0x000204cb       0x4c src/ASF/sam0/utils/syscalls/gcc/syscalls.o
 .debug_macro   0x00020517       0x16 src/ASF/sam0/utils/syscalls/gcc/syscalls.o
 .debug_macro   0x0002052d       0x10 src/ASF/sam0/utils/syscalls/gcc/syscalls.o
 .debug_macro   0x0002053d       0x10 src/ASF/sam0/utils/syscalls/gcc/syscalls.o
 .debug_macro   0x0002054d       0x35 src/ASF/sam0/utils/syscalls/gcc/syscalls.o
 .debug_macro   0x00020582      0x122 src/ASF/sam0/utils/syscalls/gcc/syscalls.o
 .debug_macro   0x000206a4      0x6f7 src/main.o

.debug_line     0x00000000    0x1996f
 .debug_line    0x00000000      0x904 src/ASF/sam0/drivers/port/port.o
 .debug_line    0x00000904      0xe5b src/ASF/sam0/drivers/sercom/i2c/i2c_sam0/i2c_master.o
 .debug_line    0x0000175f      0xdd6 src/ASF/sam0/drivers/sercom/i2c/i2c_sam0/i2c_master_interrupt.o
 .debug_line    0x00002535      0xac1 src/ASF/sam0/drivers/tcc/tcc_callback.o
 .debug_line    0x00002ff6      0xaad src/ASF/sam0/drivers/tc/tc_interrupt.o
 .debug_line    0x00003aa3      0xda1 src/ASF/sam0/drivers/tc/tc_sam_d_r_h/tc.o
 .debug_line    0x00004844      0xe5b src/FlutterCheckInputs.o
 .debug_line    0x0000569f      0xde8 src/FlutterCheckOutputs.o
 .debug_line    0x00006487     0x11c2 src/FlutterI2CMaster.o
 .debug_line    0x00007649      0xdf2 src/FlutterInputControl.o
 .debug_line    0x0000843b      0xddc src/FlutterOutputsControl.o
 .debug_line    0x00009217      0xeb2 src/FlutterUARTSendData.o
 .debug_line    0x0000a0c9      0x9ce src/ASF/common2/services/delay/sam0/systick_counter.o
 .debug_line    0x0000aa97      0xd4f src/ASF/sam0/drivers/adc/adc_sam_d_r_h/adc.o
 .debug_line    0x0000b7e6      0xc0e src/ASF/sam0/drivers/adc/adc_sam_d_r_h/adc_callback.o
 .debug_line    0x0000c3f4      0xbde src/ASF/sam0/drivers/sercom/sercom.o
 .debug_line    0x0000cfd2      0xb81 src/ASF/sam0/drivers/sercom/sercom_interrupt.o
 .debug_line    0x0000db53      0xd48 src/ASF/sam0/drivers/sercom/usart/usart.o
 .debug_line    0x0000e89b      0xcc8 src/ASF/sam0/drivers/sercom/usart/usart_interrupt.o
 .debug_line    0x0000f563      0xe81 src/FlutterADC.o
 .debug_line    0x000103e4      0xe53 src/FlutterBLEUART.o
 .debug_line    0x00011237      0xdd5 src/FlutterReadSensors.o
 .debug_line    0x0001200c      0xe05 src/FlutterUART.o
 .debug_line    0x00012e11      0xf0f src/FlutterOutputSensorscheck.o
 .debug_line    0x00013d20      0xd70 src/ASF/common2/boards/user_board/init.o
 .debug_line    0x00014a90      0x8d8 src/ASF/common/utils/interrupt/interrupt_sam_nvic.o
 .debug_line    0x00015368      0xcc4 src/ASF/sam0/drivers/system/clock/clock_samd21_r21_da_ha1/clock.o
 .debug_line    0x0001602c      0xc80 src/ASF/sam0/drivers/system/clock/clock_samd21_r21_da_ha1/gclk.o
 .debug_line    0x00016cac      0x951 src/ASF/sam0/drivers/system/pinmux/pinmux.o
 .debug_line    0x000175fd      0x9fb src/ASF/sam0/drivers/system/system.o
 .debug_line    0x00017ff8      0x656 src/ASF/sam0/utils/cmsis/samd21/source/gcc/startup_samd21.o
 .debug_line    0x0001864e      0x40a src/ASF/sam0/utils/syscalls/gcc/syscalls.o
 .debug_line    0x00018a58      0xf17 src/main.o

.debug_str      0x00000000    0x8ea50
 .debug_str     0x00000000    0x81d5c src/ASF/sam0/drivers/port/port.o
                              0x8267a (size before relaxing)
 .debug_str     0x00081d5c     0x2387 src/ASF/sam0/drivers/sercom/i2c/i2c_sam0/i2c_master.o
                              0x848d0 (size before relaxing)
 .debug_str     0x000840e3      0x256 src/ASF/sam0/drivers/sercom/i2c/i2c_sam0/i2c_master_interrupt.o
                              0x83870 (size before relaxing)
 .debug_str     0x00084339     0x1034 src/ASF/sam0/drivers/tcc/tcc_callback.o
                              0x83c0d (size before relaxing)
 .debug_str     0x0008536d      0x5f1 src/ASF/sam0/drivers/tc/tc_interrupt.o
                              0x82fe3 (size before relaxing)
 .debug_str     0x0008595e      0x53e src/ASF/sam0/drivers/tc/tc_sam_d_r_h/tc.o
                              0x838aa (size before relaxing)
 .debug_str     0x00085e9c     0x1952 src/FlutterCheckInputs.o
                              0x85084 (size before relaxing)
 .debug_str     0x000877ee      0x137 src/FlutterCheckOutputs.o
                              0x84d4c (size before relaxing)
 .debug_str     0x00087925      0x38b src/FlutterI2CMaster.o
                              0x86092 (size before relaxing)
 .debug_str     0x00087cb0       0x81 src/FlutterInputControl.o
                              0x84cc5 (size before relaxing)
 .debug_str     0x00087d31       0x67 src/FlutterOutputsControl.o
                              0x84c9c (size before relaxing)
 .debug_str     0x00087d98      0x614 src/FlutterUARTSendData.o
                              0x866d6 (size before relaxing)
 .debug_str     0x000883ac       0xa6 src/ASF/common2/services/delay/sam0/systick_counter.o
                              0x8245e (size before relaxing)
 .debug_str     0x00088452      0xee3 src/ASF/sam0/drivers/adc/adc_sam_d_r_h/adc.o
                              0x841d9 (size before relaxing)
 .debug_str     0x00089335      0x16d src/ASF/sam0/drivers/adc/adc_sam_d_r_h/adc_callback.o
                              0x82fa4 (size before relaxing)
 .debug_str     0x000894a2      0x34d src/ASF/sam0/drivers/sercom/sercom.o
                              0x83941 (size before relaxing)
 .debug_str     0x000897ef      0x158 src/ASF/sam0/drivers/sercom/sercom_interrupt.o
                              0x837dc (size before relaxing)
 .debug_str     0x00089947      0x5bd src/ASF/sam0/drivers/sercom/usart/usart.o
                              0x846fa (size before relaxing)
 .debug_str     0x00089f04      0x17c src/ASF/sam0/drivers/sercom/usart/usart_interrupt.o
                              0x83932 (size before relaxing)
 .debug_str     0x0008a080       0xf4 src/FlutterADC.o
                              0x85e45 (size before relaxing)
 .debug_str     0x0008a174      0x171 src/FlutterBLEUART.o
                              0x857df (size before relaxing)
 .debug_str     0x0008a2e5      0x11e src/FlutterReadSensors.o
                              0x85125 (size before relaxing)
 .debug_str     0x0008a403       0xde src/FlutterUART.o
                              0x86341 (size before relaxing)
 .debug_str     0x0008a4e1      0x58a src/FlutterOutputSensorscheck.o
                              0x855d0 (size before relaxing)
 .debug_str     0x0008aa6b       0x3e src/ASF/common2/boards/user_board/init.o
                              0x84682 (size before relaxing)
 .debug_str     0x0008aaa9       0x66 src/ASF/common/utils/interrupt/interrupt_sam_nvic.o
                              0x8224e (size before relaxing)
 .debug_str     0x0008ab0f     0x24ad src/ASF/sam0/drivers/system/clock/clock_samd21_r21_da_ha1/clock.o
                              0x854db (size before relaxing)
 .debug_str     0x0008cfbc      0x1db src/ASF/sam0/drivers/system/clock/clock_samd21_r21_da_ha1/gclk.o
                              0x82f11 (size before relaxing)
 .debug_str     0x0008d197      0x179 src/ASF/sam0/drivers/system/pinmux/pinmux.o
                              0x826f0 (size before relaxing)
 .debug_str     0x0008d310       0x47 src/ASF/sam0/drivers/system/system.o
                              0x8232b (size before relaxing)
 .debug_str     0x0008d357      0xf11 src/ASF/sam0/utils/cmsis/samd21/source/gcc/startup_samd21.o
                              0x6e3b9 (size before relaxing)
 .debug_str     0x0008e268      0x76b src/ASF/sam0/utils/syscalls/gcc/syscalls.o
                               0x7267 (size before relaxing)
 .debug_str     0x0008e9d3       0x7d src/main.o
                              0x86374 (size before relaxing)

.debug_frame    0x00000000     0x180c
 .debug_frame   0x00000000       0x44 src/ASF/sam0/drivers/port/port.o
 .debug_frame   0x00000044      0x1f0 src/ASF/sam0/drivers/sercom/i2c/i2c_sam0/i2c_master.o
 .debug_frame   0x00000234      0x170 src/ASF/sam0/drivers/sercom/i2c/i2c_sam0/i2c_master_interrupt.o
 .debug_frame   0x000003a4       0xd4 src/ASF/sam0/drivers/tcc/tcc_callback.o
 .debug_frame   0x00000478       0xc4 src/ASF/sam0/drivers/tc/tc_interrupt.o
 .debug_frame   0x0000053c       0xb4 src/ASF/sam0/drivers/tc/tc_sam_d_r_h/tc.o
 .debug_frame   0x000005f0       0x7c src/FlutterCheckInputs.o
 .debug_frame   0x0000066c       0x4c src/FlutterCheckOutputs.o
 .debug_frame   0x000006b8      0x158 src/FlutterI2CMaster.o
 .debug_frame   0x00000810       0x38 src/FlutterInputControl.o
 .debug_frame   0x00000848       0x38 src/FlutterOutputsControl.o
 .debug_frame   0x00000880       0xa4 src/FlutterUARTSendData.o
 .debug_frame   0x00000924       0x64 src/ASF/common2/services/delay/sam0/systick_counter.o
 .debug_frame   0x00000988       0x98 src/ASF/sam0/drivers/adc/adc_sam_d_r_h/adc.o
 .debug_frame   0x00000a20       0x84 src/ASF/sam0/drivers/adc/adc_sam_d_r_h/adc_callback.o
 .debug_frame   0x00000aa4       0xbc src/ASF/sam0/drivers/sercom/sercom.o
 .debug_frame   0x00000b60       0xe8 src/ASF/sam0/drivers/sercom/sercom_interrupt.o
 .debug_frame   0x00000c48       0xac src/ASF/sam0/drivers/sercom/usart/usart.o
 .debug_frame   0x00000cf4      0x110 src/ASF/sam0/drivers/sercom/usart/usart_interrupt.o
 .debug_frame   0x00000e04       0x48 src/FlutterADC.o
 .debug_frame   0x00000e4c       0x68 src/FlutterBLEUART.o
 .debug_frame   0x00000eb4       0x30 src/FlutterReadSensors.o
 .debug_frame   0x00000ee4       0x40 src/FlutterUART.o
 .debug_frame   0x00000f24       0xdc src/FlutterOutputSensorscheck.o
 .debug_frame   0x00001000       0x20 src/ASF/common2/boards/user_board/init.o
 .debug_frame   0x00001020       0x30 src/ASF/common/utils/interrupt/interrupt_sam_nvic.o
 .debug_frame   0x00001050      0x158 src/ASF/sam0/drivers/system/clock/clock_samd21_r21_da_ha1/clock.o
 .debug_frame   0x000011a8      0x148 src/ASF/sam0/drivers/system/clock/clock_samd21_r21_da_ha1/gclk.o
 .debug_frame   0x000012f0       0x98 src/ASF/sam0/drivers/system/pinmux/pinmux.o
 .debug_frame   0x00001388       0x38 src/ASF/sam0/drivers/system/system.o
 .debug_frame   0x000013c0       0x40 src/ASF/sam0/utils/cmsis/samd21/source/gcc/startup_samd21.o
 .debug_frame   0x00001400       0xa0 src/ASF/sam0/utils/syscalls/gcc/syscalls.o
 .debug_frame   0x000014a0       0x74 src/main.o
 .debug_frame   0x00001514       0x20 c:/program files (x86)/atmel/studio/7.0/toolchain/arm/arm-gnu-toolchain/bin/../lib/gcc/arm-none-eabi/6.2.1/thumb/v6-m\libgcc.a(_udivsi3.o)
 .debug_frame   0x00001534       0x34 c:/program files (x86)/atmel/studio/7.0/toolchain/arm/arm-gnu-toolchain/bin/../lib/gcc/arm-none-eabi/6.2.1/thumb/v6-m\libgcc.a(_muldi3.o)
 .debug_frame   0x00001568       0x3c c:/program files (x86)/atmel/studio/7.0/toolchain/arm/arm-gnu-toolchain/bin/../lib/gcc/arm-none-eabi/6.2.1/thumb/v6-m\libgcc.a(adddf3.o)
 .debug_frame   0x000015a4       0x3c c:/program files (x86)/atmel/studio/7.0/toolchain/arm/arm-gnu-toolchain/bin/../lib/gcc/arm-none-eabi/6.2.1/thumb/v6-m\libgcc.a(divdf3.o)
 .debug_frame   0x000015e0       0x3c c:/program files (x86)/atmel/studio/7.0/toolchain/arm/arm-gnu-toolchain/bin/../lib/gcc/arm-none-eabi/6.2.1/thumb/v6-m\libgcc.a(muldf3.o)
 .debug_frame   0x0000161c       0x38 c:/program files (x86)/atmel/studio/7.0/toolchain/arm/arm-gnu-toolchain/bin/../lib/gcc/arm-none-eabi/6.2.1/thumb/v6-m\libgcc.a(subdf3.o)
 .debug_frame   0x00001654       0x2c c:/program files (x86)/atmel/studio/7.0/toolchain/arm/arm-gnu-toolchain/bin/../lib/gcc/arm-none-eabi/6.2.1/thumb/v6-m\libgcc.a(fixdfsi.o)
 .debug_frame   0x00001680       0x28 c:/program files (x86)/atmel/studio/7.0/toolchain/arm/arm-gnu-toolchain/bin/../lib/gcc/arm-none-eabi/6.2.1/thumb/v6-m\libgcc.a(floatunsidf.o)
 .debug_frame   0x000016a8       0x2c c:/program files (x86)/atmel/studio/7.0/toolchain/arm/arm-gnu-toolchain/bin/../lib/gcc/arm-none-eabi/6.2.1/../../../../arm-none-eabi/lib/thumb/v6-m\libc_nano.a(lib_a-init.o)
 .debug_frame   0x000016d4       0x40 c:/program files (x86)/atmel/studio/7.0/toolchain/arm/arm-gnu-toolchain/bin/../lib/gcc/arm-none-eabi/6.2.1/../../../../arm-none-eabi/lib/thumb/v6-m\libc_nano.a(lib_a-malloc.o)
 .debug_frame   0x00001714       0x28 c:/program files (x86)/atmel/studio/7.0/toolchain/arm/arm-gnu-toolchain/bin/../lib/gcc/arm-none-eabi/6.2.1/../../../../arm-none-eabi/lib/thumb/v6-m\libc_nano.a(lib_a-memcpy-stub.o)